******************************************************************************
             TMS320C2000 Linker PC v18.1.8                     
******************************************************************************
>> Linked Tue Dec  1 17:39:33 2020

OUTPUT FILE NAME:   <acoustic_calibrator.out>
ENTRY POINT SYMBOL: "_c_int00"  address: 003f0fc7


MEMORY CONFIGURATION

         name            origin    length      used     unused   attr    fill
----------------------  --------  ---------  --------  --------  ----  --------
PAGE 0:
  OTP                   003d7800   00000400  00000000  00000400  RWIX
  FLASH                 003f0000   00007f80  00005554  00002a2c  RWIX
  CSM_RSVD              003f7f80   00000076  00000000  00000076  RWIX
  BEGIN                 003f7ff6   00000002  00000000  00000002  RWIX
  CSM_PWL               003f7ff8   00000008  00000000  00000008  RWIX
  IQTABLES              003fe000   00000b50  00000000  00000b50  RWIX
  IQTABLES2             003feb50   0000008c  00000000  0000008c  RWIX
  IQTABLES3             003febdc   000000aa  00000000  000000aa  RWIX
  ROM                   003ff27c   00000d44  00000000  00000d44  RWIX
  RESET                 003fffc0   00000002  00000000  00000002  RWIX
  VECTORS               003fffc2   0000003e  00000000  0000003e  RWIX

PAGE 1:
  M01SARAM              00000000   00000800  00000800  00000000  RWIX
  DEV_EMU               00000880   00000105  00000004  00000101  RWIX
  SYS_PWR_CTL           00000985   00000003  00000003  00000000  RWIX
  FLASH_REGS            00000a80   00000060  00000008  00000058  RWIX
  CSM                   00000ae0   00000010  00000010  00000000  RWIX
  ADC_RESULT            00000b00   00000020  00000020  00000000  RWIX
  CPU_TIMER0            00000c00   00000008  00000008  00000000  RWIX
  CPU_TIMER1            00000c08   00000008  00000008  00000000  RWIX
  CPU_TIMER2            00000c10   00000008  00000008  00000000  RWIX
  PIE_CTRL              00000ce0   00000020  0000001a  00000006  RWIX
  PIEVECT               00000d00   00000100  00000000  00000100  RWIX
  COMP1                 00006400   00000020  00000020  00000000  RWIX
  COMP2                 00006420   00000020  00000020  00000000  RWIX
  EPWM1                 00006800   00000040  00000040  00000000  RWIX
  EPWM2                 00006840   00000040  00000040  00000000  RWIX
  EPWM3                 00006880   00000040  00000040  00000000  RWIX
  EPWM4                 000068c0   00000040  00000040  00000000  RWIX
  ECAP1                 00006a00   00000020  00000020  00000000  RWIX
  GPIOCTRL              00006f80   00000040  00000040  00000000  RWIX
  GPIODAT               00006fc0   00000020  00000020  00000000  RWIX
  GPIOINT               00006fe0   00000020  0000000a  00000016  RWIX
  SYSTEM                00007010   00000020  0000001f  00000001  RWIX
  SPIA                  00007040   00000010  00000010  00000000  RWIX
  SCIA                  00007050   00000010  00000010  00000000  RWIX
  NMIINTRUPT            00007060   00000010  00000010  00000000  RWIX
  XINTRUPT              00007070   00000010  00000010  00000000  RWIX
  ADC                   00007100   00000080  00000051  0000002f  RWIX
  I2CA                  00007900   00000040  00000022  0000001e  RWIX
  L0SARAM               00008000   00001000  000001f0  00000e10  RWIX
  PARTID                003d7fff   00000001  00000001  00000000  RWIX
  CSM_PWL               003f7ff8   00000008  00000008  00000000  RWIX


SECTION ALLOCATION MAP

 output                                  attributes/
section   page    origin      length       input sections
--------  ----  ----------  ----------   ----------------
PieVectTableFile 
*          0    00000d00    00000100     DSECT
                  00000d00    00000100     F2802x_GlobalVariableDefs.obj (PieVectTableFile)

EmuKeyVar 
*          0    00000d00    00000001     DSECT
                  00000d00    00000001     F2802x_GlobalVariableDefs.obj (EmuKeyVar)

EmuBModeVar 
*          0    00000d01    00000001     DSECT
                  00000d01    00000001     F2802x_GlobalVariableDefs.obj (EmuBModeVar)

FlashCallbackVar 
*          0    00000d02    00000002     DSECT
                  00000d02    00000002     F2802x_GlobalVariableDefs.obj (FlashCallbackVar)

FlashScalingVar 
*          0    00000d04    00000002     DSECT
                  00000d04    00000002     F2802x_GlobalVariableDefs.obj (FlashScalingVar)

.econst    0    003f3924    000017ef     
                  003f3924    0000136f     idle_p28L.o28L (.econst:xdc_runtime_Text_charTab__A)
                  003f4c93    00000001     idle_p28L.o28L (.econst:ti_sysbios_family_c28_Hwi_Module__id__C)
                  003f4c94    00000100     idle_p28L.o28L (.econst:_ti_sysbios_family_c28_Hwi_vectors)
                  003f4d94    0000006b     idle_p28L.o28L (.econst:.string)
                  003f4dff    00000001     idle_p28L.o28L (.econst:ti_sysbios_family_c28_Hwi_NUM_INTERRUPTS_ALL__C)
                  003f4e00    00000058     ti.targets.rts2800.a28L : Error.o28L (.econst:.string)
                  003f4e58    0000004c     idle_p28L.o28L (.econst:xdc_runtime_Text_nodeTab__A)
                  003f4ea4    00000047     ti.targets.rts2800.a28L : Log.o28L (.econst:.string)
                  003f4eeb    00000001     idle_p28L.o28L (.econst:ti_sysbios_family_c28_Hwi_Object__count__C)
                  003f4eec    00000043     ti.targets.rts2800.a28L : Text.o28L (.econst:.string)
                  003f4f2f    00000001     idle_p28L.o28L (.econst:ti_sysbios_family_c28_TaskSupport_Module__id__C)
                  003f4f30    0000002a     ti.targets.rts2800.a28L : Startup.o28L (.econst:.string)
                  003f4f5a    0000001e     idle_p28L.o28L (.econst:xdc_runtime_LoggerBuf_Module__FXNS__C)
                  003f4f78    00000019     ti.targets.rts2800.a28L : System.o28L (.econst:.string)
                  003f4f91    00000001     idle_p28L.o28L (.econst:ti_sysbios_family_c28_Timer_startupNeeded__C)
                  003f4f92    00000014     idle_p28L.o28L (.econst:xdc_runtime_HeapStd_Module__FXNS__C)
                  003f4fa6    00000012     idle_p28L.o28L (.econst:ti_sysbios_gates_GateHwi_Module__FXNS__C)
                  003f4fb8    00000012     idle_p28L.o28L (.econst:xdc_runtime_LoggerBuf_Object__PARAMS__C)
                  003f4fca    00000012     idle_p28L.o28L (.econst:xdc_runtime_Startup_sfxnTab__A)
                  003f4fdc    00000010     idle_p28L.o28L (.econst:ti_sysbios_gates_GateHwi_Object__DESC__C)
                  003f4fec    00000010     idle_p28L.o28L (.econst:xdc_runtime_HeapStd_Object__DESC__C)
                  003f4ffc    00000010     idle_p28L.o28L (.econst:xdc_runtime_LoggerBuf_Object__DESC__C)
                  003f500c    0000000f     idle.obj (.econst:_coeff1)
                  003f501b    0000000f     idle.obj (.econst:_coeff2)
                  003f502a    0000000f     idle.obj (.econst:_coeff3)
                  003f5039    0000000f     idle.obj (.econst:_coeff4)
                  003f5048    0000000e     idle_p28L.o28L (.econst:xdc_runtime_HeapStd_Object__PARAMS__C)
                  003f5056    0000000c     idle_p28L.o28L (.econst:ti_sysbios_gates_GateHwi_Object__PARAMS__C)
                  003f5062    00000009     idle_p28L.o28L (.econst:xdc_runtime_Startup_sfxnRts__A)
                  003f506b    00000001     idle_p28L.o28L (.econst:ti_sysbios_hal_Hwi_Module__id__C)
                  003f506c    00000008     idle_p28L.o28L (.econst)
                  003f5074    00000005     ti.targets.rts2800.a28L : Assert.o28L (.econst:.string)
                  003f5079    00000001     idle_p28L.o28L (.econst:ti_sysbios_knl_Swi_Object__count__C)
                  003f507a    00000004     idle_p28L.o28L (.econst:ti_sysbios_knl_Idle_funcList__A)
                  003f507e    00000004     idle_p28L.o28L (.econst:ti_sysbios_knl_Idle_funcList__C)
                  003f5082    00000004     idle_p28L.o28L (.econst:xdc_runtime_Startup_firstFxns__C)
                  003f5086    00000004     idle_p28L.o28L (.econst:xdc_runtime_Startup_lastFxns__C)
                  003f508a    00000002     idle_p28L.o28L (.econst:ti_sysbios_family_c28_Hwi_A_badIntNum__C)
                  003f508c    00000002     idle_p28L.o28L (.econst:ti_sysbios_family_c28_Hwi_A_invalidArg__C)
                  003f508e    00000002     idle_p28L.o28L (.econst:ti_sysbios_family_c28_Hwi_E_unpluggedInterrupt__C)
                  003f5090    00000002     idle_p28L.o28L (.econst:ti_sysbios_family_c28_Hwi_Module__diagsEnabled__C)
                  003f5092    00000002     idle_p28L.o28L (.econst:ti_sysbios_family_c28_Hwi_Module__diagsIncluded__C)
                  003f5094    00000002     idle_p28L.o28L (.econst:ti_sysbios_family_c28_Hwi_Module__diagsMask__C)
                  003f5096    00000002     idle_p28L.o28L (.econst:ti_sysbios_family_c28_TaskSupport_E_invalidStack__C)
                  003f5098    00000002     idle_p28L.o28L (.econst:ti_sysbios_hal_Hwi_E_stackOverflow__C)
                  003f509a    00000002     idle_p28L.o28L (.econst:ti_sysbios_knl_Task_E_spOutOfBounds__C)
                  003f509c    00000002     idle_p28L.o28L (.econst:ti_sysbios_knl_Task_E_stackOverflow__C)
                  003f509e    00000002     idle_p28L.o28L (.econst:ti_sysbios_knl_Task_Module_State_inactiveQ__O)
                  003f50a0    00000002     idle_p28L.o28L (.econst:ti_sysbios_knl_Task_allBlockedFunc__C)
                  003f50a2    00000002     idle_p28L.o28L (.econst:xdc_runtime_Assert_E_assertFailed__C)
                  003f50a4    00000002     idle_p28L.o28L (.econst:xdc_runtime_Core_A_initializedParams__C)
                  003f50a6    00000002     idle_p28L.o28L (.econst:xdc_runtime_Core_Module__diagsEnabled__C)
                  003f50a8    00000002     idle_p28L.o28L (.econst:xdc_runtime_Core_Module__diagsIncluded__C)
                  003f50aa    00000002     idle_p28L.o28L (.econst:xdc_runtime_Core_Module__diagsMask__C)
                  003f50ac    00000002     idle_p28L.o28L (.econst:xdc_runtime_Error_E_memory__C)
                  003f50ae    00000002     idle_p28L.o28L (.econst:xdc_runtime_Error_Module__diagsEnabled__C)
                  003f50b0    00000002     idle_p28L.o28L (.econst:xdc_runtime_Error_Module__diagsIncluded__C)
                  003f50b2    00000002     idle_p28L.o28L (.econst:xdc_runtime_Error_Module__diagsMask__C)
                  003f50b4    00000002     idle_p28L.o28L (.econst:xdc_runtime_Error_Module__loggerFxn8__C)
                  003f50b6    00000002     idle_p28L.o28L (.econst:xdc_runtime_Error_Module__loggerObj__C)
                  003f50b8    00000002     idle_p28L.o28L (.econst:xdc_runtime_Error_policyFxn__C)
                  003f50ba    00000002     idle_p28L.o28L (.econst:xdc_runtime_Error_raiseHook__C)
                  003f50bc    00000002     idle_p28L.o28L (.econst:xdc_runtime_HeapStd_A_align__C)
                  003f50be    00000002     idle_p28L.o28L (.econst:xdc_runtime_HeapStd_A_invalidTotalFreeSize__C)
                  003f50c0    00000002     idle_p28L.o28L (.econst:xdc_runtime_HeapStd_A_zeroSize__C)
                  003f50c2    00000002     idle_p28L.o28L (.econst:xdc_runtime_HeapStd_E_noRTSMemory__C)
                  003f50c4    00000002     idle_p28L.o28L (.econst:xdc_runtime_HeapStd_Module__diagsEnabled__C)
                  003f50c6    00000002     idle_p28L.o28L (.econst:xdc_runtime_HeapStd_Module__diagsIncluded__C)
                  003f50c8    00000002     idle_p28L.o28L (.econst:xdc_runtime_HeapStd_Module__diagsMask__C)
                  003f50ca    00000002     idle_p28L.o28L (.econst:xdc_runtime_IFilterLogger_Interface__BASE__C)
                  003f50cc    00000002     idle_p28L.o28L (.econst:xdc_runtime_IGateProvider_Interface__BASE__C)
                  003f50ce    00000002     idle_p28L.o28L (.econst:xdc_runtime_IHeap_Interface__BASE__C)
                  003f50d0    00000002     idle_p28L.o28L (.econst:xdc_runtime_ILogger_Interface__BASE__C)
                  003f50d2    00000002     idle_p28L.o28L (.econst:xdc_runtime_IModule_Interface__BASE__C)
                  003f50d4    00000002     idle_p28L.o28L (.econst:xdc_runtime_Log_L_error__C)
                  003f50d6    00000002     idle_p28L.o28L (.econst:xdc_runtime_LoggerBuf_E_badLevel__C)
                  003f50d8    00000002     idle_p28L.o28L (.econst:xdc_runtime_LoggerBuf_Module__gateObj__C)
                  003f50da    00000002     idle_p28L.o28L (.econst:xdc_runtime_LoggerBuf_statusLogger__C)
                  003f50dc    00000002     idle_p28L.o28L (.econst:xdc_runtime_Memory_defaultHeapInstance__C)
                  003f50de    00000002     idle_p28L.o28L (.econst:xdc_runtime_Startup_execImpl__C)
                  003f50e0    00000002     idle_p28L.o28L (.econst:xdc_runtime_Startup_firstFxns__A)
                  003f50e2    00000002     idle_p28L.o28L (.econst:xdc_runtime_Startup_lastFxns__A)
                  003f50e4    00000002     idle_p28L.o28L (.econst:xdc_runtime_Startup_sfxnRts__C)
                  003f50e6    00000002     idle_p28L.o28L (.econst:xdc_runtime_Startup_sfxnTab__C)
                  003f50e8    00000002     idle_p28L.o28L (.econst:xdc_runtime_SysMin_bufSize__C)
                  003f50ea    00000002     idle_p28L.o28L (.econst:xdc_runtime_SysMin_outputFunc__C)
                  003f50ec    00000002     idle_p28L.o28L (.econst:xdc_runtime_System_Module__gateObj__C)
                  003f50ee    00000002     idle_p28L.o28L (.econst:xdc_runtime_System_abortFxn__C)
                  003f50f0    00000002     idle_p28L.o28L (.econst:xdc_runtime_System_exitFxn__C)
                  003f50f2    00000002     idle_p28L.o28L (.econst:xdc_runtime_System_extendFxn__C)
                  003f50f4    00000002     idle_p28L.o28L (.econst:xdc_runtime_Text_charTab__C)
                  003f50f6    00000002     idle_p28L.o28L (.econst:xdc_runtime_Text_nameEmpty__C)
                  003f50f8    00000002     idle_p28L.o28L (.econst:xdc_runtime_Text_nameStatic__C)
                  003f50fa    00000002     idle_p28L.o28L (.econst:xdc_runtime_Text_nameUnknown__C)
                  003f50fc    00000002     idle_p28L.o28L (.econst:xdc_runtime_Text_nodeTab__C)
                  003f50fe    00000002     idle_p28L.o28L (.econst:xdc_runtime_Text_visitRopeFxn__C)
                  003f5100    00000001     idle_p28L.o28L (.econst:ti_sysbios_knl_Task_Module__id__C)
                  003f5101    00000001     idle_p28L.o28L (.econst:ti_sysbios_knl_Task_Object__count__C)
                  003f5102    00000001     idle_p28L.o28L (.econst:ti_sysbios_knl_Task_numConstructedTasks__C)
                  003f5103    00000001     idle_p28L.o28L (.econst:xdc_runtime_Core_Module__id__C)
                  003f5104    00000001     idle_p28L.o28L (.econst:xdc_runtime_Error_Module__loggerDefined__C)
                  003f5105    00000001     idle_p28L.o28L (.econst:xdc_runtime_Error_maxDepth__C)
                  003f5106    00000001     idle_p28L.o28L (.econst:xdc_runtime_Error_policy__C)
                  003f5107    00000001     idle_p28L.o28L (.econst:xdc_runtime_HeapStd_Module__id__C)
                  003f5108    00000001     idle_p28L.o28L (.econst:xdc_runtime_LoggerBuf_Module__id__C)
                  003f5109    00000001     idle_p28L.o28L (.econst:xdc_runtime_LoggerBuf_Object__count__C)
                  003f510a    00000001     idle_p28L.o28L (.econst:xdc_runtime_LoggerBuf_filterByLevel__C)
                  003f510b    00000001     idle_p28L.o28L (.econst:xdc_runtime_Memory_Module__id__C)
                  003f510c    00000001     idle_p28L.o28L (.econst:xdc_runtime_Startup_maxPasses__C)
                  003f510d    00000001     idle_p28L.o28L (.econst:xdc_runtime_SysMin_flushAtExit__C)
                  003f510e    00000001     idle_p28L.o28L (.econst:xdc_runtime_System_maxAtexitHandlers__C)
                  003f510f    00000001     idle_p28L.o28L (.econst:xdc_runtime_Text_charCnt__C)
                  003f5110    00000001     idle_p28L.o28L (.econst:xdc_runtime_Text_isLoaded__C)
                  003f5111    00000001     idle_p28L.o28L (.econst:xdc_runtime_Text_registryModsLastId__C)
                  003f5112    00000001     idle_p28L.o28L (.econst:xdc_runtime_Text_unnamedModsLastId__C)

.cinit     0    003f5113    00000425     
                  003f5113    0000039c     idle_p28L.o28L (.cinit)
                  003f54af    0000006f     idle.obj (.cinit)
                  003f551e    0000000e     rts2800_ml.lib : exit.c.obj (.cinit)
                  003f552c    00000005                    : _lock.c.obj (.cinit:__lock)
                  003f5531    00000005                    : _lock.c.obj (.cinit:__unlock)
                  003f5536    00000002     --HOLE-- [fill = 0]

.switch    0    003f5538    0000001c     
                  003f5538    0000001c     sysbios.a28L : BIOS.obj (.switch:_ti_sysbios_family_c28_Hwi_clearInterrupt__E)

.ebss      1    00000000    000006c0     UNINITIALIZED
                  00000000    00000580     idle_p28L.o28L (.ebss)
                  00000580    00000100     idle_p28L.o28L (.ebss:taskStackSection)
                  00000680    0000002e     idle.obj (.ebss)
                  000006ae    00000008     rts2800_ml.lib : hostopen.c.obj (.ebss)
                  000006b6    00000006                    : exit.c.obj (.ebss)
                  000006bc    00000002                    : _lock.c.obj (.ebss:__lock)
                  000006be    00000002                    : _lock.c.obj (.ebss:__unlock)

DevEmuRegsFile 
*          1    00000880    00000004     UNINITIALIZED
                  00000880    00000004     F2802x_GlobalVariableDefs.obj (DevEmuRegsFile)

SysPwrCtrlRegsFile 
*          1    00000985    00000003     UNINITIALIZED
                  00000985    00000003     F2802x_GlobalVariableDefs.obj (SysPwrCtrlRegsFile)

FlashRegsFile 
*          1    00000a80    00000008     UNINITIALIZED
                  00000a80    00000008     F2802x_GlobalVariableDefs.obj (FlashRegsFile)

CsmRegsFile 
*          1    00000ae0    00000010     UNINITIALIZED
                  00000ae0    00000010     F2802x_GlobalVariableDefs.obj (CsmRegsFile)

AdcResultFile 
*          1    00000b00    00000020     UNINITIALIZED
                  00000b00    00000020     F2802x_GlobalVariableDefs.obj (AdcResultFile)

CpuTimer0RegsFile 
*          1    00000c00    00000008     UNINITIALIZED
                  00000c00    00000008     F2802x_GlobalVariableDefs.obj (CpuTimer0RegsFile)

CpuTimer1RegsFile 
*          1    00000c08    00000008     UNINITIALIZED
                  00000c08    00000008     F2802x_GlobalVariableDefs.obj (CpuTimer1RegsFile)

CpuTimer2RegsFile 
*          1    00000c10    00000008     UNINITIALIZED
                  00000c10    00000008     F2802x_GlobalVariableDefs.obj (CpuTimer2RegsFile)

PieCtrlRegsFile 
*          1    00000ce0    0000001a     UNINITIALIZED
                  00000ce0    0000001a     F2802x_GlobalVariableDefs.obj (PieCtrlRegsFile)

Comp1RegsFile 
*          1    00006400    00000020     UNINITIALIZED
                  00006400    00000020     F2802x_GlobalVariableDefs.obj (Comp1RegsFile)

Comp2RegsFile 
*          1    00006420    00000020     UNINITIALIZED
                  00006420    00000020     F2802x_GlobalVariableDefs.obj (Comp2RegsFile)

EPwm1RegsFile 
*          1    00006800    00000040     UNINITIALIZED
                  00006800    00000040     F2802x_GlobalVariableDefs.obj (EPwm1RegsFile)

EPwm2RegsFile 
*          1    00006840    00000040     UNINITIALIZED
                  00006840    00000040     F2802x_GlobalVariableDefs.obj (EPwm2RegsFile)

EPwm3RegsFile 
*          1    00006880    00000040     UNINITIALIZED
                  00006880    00000040     F2802x_GlobalVariableDefs.obj (EPwm3RegsFile)

EPwm4RegsFile 
*          1    000068c0    00000040     UNINITIALIZED
                  000068c0    00000040     F2802x_GlobalVariableDefs.obj (EPwm4RegsFile)

ECap1RegsFile 
*          1    00006a00    00000020     UNINITIALIZED
                  00006a00    00000020     F2802x_GlobalVariableDefs.obj (ECap1RegsFile)

GpioCtrlRegsFile 
*          1    00006f80    00000040     UNINITIALIZED
                  00006f80    00000040     F2802x_GlobalVariableDefs.obj (GpioCtrlRegsFile)

GpioDataRegsFile 
*          1    00006fc0    00000020     UNINITIALIZED
                  00006fc0    00000020     F2802x_GlobalVariableDefs.obj (GpioDataRegsFile)

GpioIntRegsFile 
*          1    00006fe0    0000000a     UNINITIALIZED
                  00006fe0    0000000a     F2802x_GlobalVariableDefs.obj (GpioIntRegsFile)

SysCtrlRegsFile 
*          1    00007010    0000001f     UNINITIALIZED
                  00007010    0000001f     F2802x_GlobalVariableDefs.obj (SysCtrlRegsFile)

SpiaRegsFile 
*          1    00007040    00000010     UNINITIALIZED
                  00007040    00000010     F2802x_GlobalVariableDefs.obj (SpiaRegsFile)

SciaRegsFile 
*          1    00007050    00000010     UNINITIALIZED
                  00007050    00000010     F2802x_GlobalVariableDefs.obj (SciaRegsFile)

NmiIntruptRegsFile 
*          1    00007060    00000010     UNINITIALIZED
                  00007060    00000010     F2802x_GlobalVariableDefs.obj (NmiIntruptRegsFile)

XIntruptRegsFile 
*          1    00007070    00000010     UNINITIALIZED
                  00007070    00000010     F2802x_GlobalVariableDefs.obj (XIntruptRegsFile)

AdcRegsFile 
*          1    00007100    00000051     UNINITIALIZED
                  00007100    00000051     F2802x_GlobalVariableDefs.obj (AdcRegsFile)

I2caRegsFile 
*          1    00007900    00000022     UNINITIALIZED
                  00007900    00000022     F2802x_GlobalVariableDefs.obj (I2caRegsFile)

PartIdRegsFile 
*          1    003d7fff    00000001     UNINITIALIZED
                  003d7fff    00000001     F2802x_GlobalVariableDefs.obj (PartIdRegsFile)

CsmPwlFile 
*          1    003f7ff8    00000008     UNINITIALIZED
                  003f7ff8    00000008     F2802x_GlobalVariableDefs.obj (CsmPwlFile)

.pinit     0    003f0000    00000000     UNINITIALIZED

.text      0    003f0000    00002124     
                  003f0000    00000223     ti.targets.rts2800.a28L : System.o28L (.text:_xdc_runtime_System_doPrint__I)
                  003f0223    0000011e     idle.obj (.text)
                  003f0341    00000108     FFT32_calc.obj (.text)
                  003f0449    00000107     rts2800_ml.lib : ll_div28.asm.obj (.text)
                  003f0550    000000ee     ti.targets.rts2800.a28L : HeapStd.o28L (.text:_xdc_runtime_HeapStd_alloc__E)
                  003f063e    000000e1     sysbios.a28L : BIOS.obj (.text:_ti_sysbios_family_c28_Hwi_clearInterrupt__E)
                  003f071f    000000b5     ti.targets.rts2800.a28L : LoggerBuf.o28L (.text:_xdc_runtime_LoggerBuf_write8__E)
                  003f07d4    000000b0     idle_p28L.o28L (.text:_xdc_runtime_System_printfExtend__I)
                  003f0884    000000a6     DeviceInit_18Nov2018.obj (.text)
                  003f092a    0000009f     ti.targets.rts2800.a28L : Core-mem.o28L (.text:_xdc_runtime_Core_createObject__I)
                  003f09c9    00000094     rts2800_ml.lib : trgmsg.c.obj (.text)
                  003f0a5d    0000008e     sysbios.a28L : BIOS.obj (.text:_ti_sysbios_family_c28_Hwi_enableInterrupt__E)
                  003f0aeb    0000008c     ti.targets.rts2800.a28L : Error.o28L (.text:_xdc_runtime_Error_policyDefault__E)
                  003f0b77    00000085     sysbios.a28L : c28_Hwi_disp_asm.obj (.text:_ti_sysbios_family_c28_Hwi_dispatch)
                  003f0bfc    00000082     ti.targets.rts2800.a28L : HeapStd.o28L (.text:_xdc_runtime_HeapStd_Instance_init__E)
                  003f0c7e    00000081     sysbios.a28L : BIOS.obj (.text:_ti_sysbios_family_c28_Hwi_disableInterrupt__E)
                  003f0cff    00000080                  : BIOS.obj (.text:_ti_sysbios_family_c28_Hwi_disablePIEIER__E)
                  003f0d7f    0000007f                  : BIOS.obj (.text:_ti_sysbios_family_c28_Hwi_enablePIEIER__E)
                  003f0dfe    00000079     ti.targets.rts2800.a28L : LoggerBuf.o28L (.text:_xdc_runtime_LoggerBuf_write4__E)
                  003f0e77    00000073     sysbios.a28L : BIOS.obj (.text:_ti_sysbios_knl_Task_checkStacks__E)
                  003f0eea    00000071     ti.targets.rts2800.a28L : Startup.o28L (.text:_xdc_runtime_Startup_startMods__I)
                  003f0f5b    0000006c                             : HeapStd.o28L (.text:_xdc_runtime_HeapStd_free__E)
                  003f0fc7    00000067     boot.a28L : boot_cg.o28L (.text)
                  003f102e    00000066     sysbios.a28L : BIOS.obj (.text:_ti_sysbios_family_c28_Timer_stopAndClear__I)
                  003f1094    00000064     RFFT32_split.obj (.text)
                  003f10f8    0000005d     ti.targets.rts2800.a28L : Text.o28L (.text:_xdc_runtime_Text_putSite__E)
                  003f1155    0000004d     sysbios.a28L : BIOS.obj (.text:_ti_sysbios_family_c28_Hwi_dispatchCore__I)
                  003f11a2    00000048                  : BIOS.obj (.text:_ti_sysbios_knl_Task_postInit__I)
                  003f11ea    00000047                  : BIOS.obj (.text:_ti_sysbios_family_c28_Hwi_Module_startup__E)
                  003f1231    00000041     ti.targets.rts2800.a28L : Text.o28L (.text:_xdc_runtime_Text_putLab__E)
                  003f1272    0000003f                             : Text.o28L (.text:_xdc_runtime_Text_putMod__E)
                  003f12b1    0000003e                             : Memory.o28L (.text:_xdc_runtime_Memory_alloc__E)
                  003f12ef    0000003d                             : Core-mem.o28L (.text:_xdc_runtime_Core_deleteObject__I)
                  003f132c    0000003d                             : LoggerBuf.o28L (.text:_xdc_runtime_LoggerBuf_getFilterLevel__E)
                  003f1369    0000003c     sysbios.a28L : BIOS.obj (.text:_ti_sysbios_family_c28_Timer_postInit__I)
                  003f13a5    0000003c                  : BIOS.obj (.text:_ti_sysbios_knl_Swi_restoreHwi__E)
                  003f13e1    0000003c                  : BIOS.obj (.text:_ti_sysbios_knl_Swi_run__I)
                  003f141d    0000003c     ti.targets.rts2800.a28L : LoggerBuf.o28L (.text:_xdc_runtime_LoggerBuf_setFilterLevel__E)
                  003f1459    00000038     rts2800_ml.lib : hostwrite.c.obj (.text)
                  003f1491    00000037     sysbios.a28L : BIOS.obj (.text:_ti_sysbios_family_c28_TaskSupport_start__E)
                  003f14c8    00000035                  : BIOS.obj (.text:_ti_sysbios_knl_Task_startCore__E)
                  003f14fd    00000033     ti.targets.rts2800.a28L : System.o28L (.text:_xdc_runtime_System_formatNum__I)
                  003f1530    00000033     iir5biq16.obj (.text)
                  003f1563    00000032     sysbios.a28L : BIOS.obj (.text:_ti_sysbios_knl_Task_Module_startup__E)
                  003f1595    00000030     ti.targets.rts2800.a28L : Error.o28L (.text:_xdc_runtime_Error_print__E)
                  003f15c5    0000002f                             : LoggerBuf.o28L (.text:_xdc_runtime_LoggerBuf_Instance_init__E)
                  003f15f4    0000002f                             : Startup.o28L (.text:_xdc_runtime_Startup_exec__E)
                  003f1623    0000002e     Boot.a28L : Boot.o28L (.text:.bootCodeSection:_ti_catalog_c2800_init_Boot_configurePll2802x)
                  003f1651    0000002e     sysbios.a28L : BIOS.obj (.text:_ti_sysbios_knl_Swi_runLoop__I)
                  003f167f    0000002e                  : BIOS.obj (.text:_ti_sysbios_knl_Swi_schedule__I)
                  003f16ad    0000002e                  : BIOS.obj (.text:_ti_sysbios_knl_Task_schedule__I)
                  003f16db    0000002d                  : BIOS.obj (.text:_ti_sysbios_family_c28_Hwi_getInterruptFlag__E)
                  003f1708    0000002d     ti.targets.rts2800.a28L : Assert.o28L (.text:_xdc_runtime_Assert_raise__I)
                  003f1735    0000002d                             : Core-params.o28L (.text:_xdc_runtime_Core_assignParams__I)
                  003f1762    0000002d                             : Text.o28L (.text:_xdc_runtime_Text_visitRope2__I)
                  003f178f    0000002c     sysbios.a28L : BIOS.obj (.text:_ti_sysbios_family_c28_Timer_start__E)
                  003f17bb    0000002c     idle_p28L.o28L (.text:_xdc_runtime_LoggerBuf_Object__create__S)
                  003f17e7    0000002b     idle_p28L.o28L (.text:_xdc_runtime_HeapStd_Object__create__S)
                  003f1812    0000002a     ti.targets.rts2800.a28L : Error.o28L (.text:_xdc_runtime_Error_setX__E)
                  003f183c    00000029     sysbios.a28L : BIOS.obj (.text:_ti_sysbios_family_c28_Hwi_getStackInfo__E)
                  003f1865    00000029                  : BIOS.obj (.text:_ti_sysbios_family_c28_Hwi_unPluggedInterrupt__I)
                  003f188e    00000029     ti.targets.rts2800.a28L : Text.o28L (.text:_xdc_runtime_Text_xprintf__I)
                  003f18b7    00000029     rts2800_ml.lib : exit.c.obj (.text)
                  003f18e0    00000028     sysbios.a28L : BIOS.obj (.text:_ti_sysbios_family_c28_Timer_getExpiredCounts64__E)
                  003f1908    00000026     ti.targets.rts2800.a28L : SysMin.o28L (.text:_xdc_runtime_SysMin_flush__E)
                  003f192e    00000024     RFFT32_win.obj (.text)
                  003f1952    00000024     rts2800_ml.lib : cpy_tbl.c.obj (.text)
                  003f1976    00000023     ti.targets.rts2800.a28L : System.o28L (.text:_xdc_runtime_System_processAtExit__E)
                  003f1999    00000022     RFFT32_brev.obj (.text)
                  003f19bb    00000022     RFFT32_mag.obj (.text)
                  003f19dd    00000022     sysbios.a28L : BIOS.obj (.text:_ti_sysbios_knl_Swi_post__E)
                  003f19ff    00000022                  : BIOS.obj (.text:_ti_sysbios_knl_Task_blockI__E)
                  003f1a21    00000020                  : BIOS.obj (.text:_ti_sysbios_family_c28_Timer_setPrescale__E)
                  003f1a41    00000020                  : BIOS.obj (.text:_ti_sysbios_knl_Task_allBlockedFunction__I)
                  003f1a61    00000020                  : BIOS.obj (.text:_ti_sysbios_knl_Task_exit__E)
                  003f1a81    0000001e     ti.targets.rts2800.a28L : LoggerBuf.o28L (.text:_xdc_runtime_LoggerBuf_filterOutEvent__I)
                  003f1a9f    0000001e                             : System.o28L (.text:_xdc_runtime_System_atexit__E)
                  003f1abd    0000001d     sysbios.a28L : c28_TaskSupport_asm.obj (.text:_ti_sysbios_family_c28_TaskSupport_buildTaskStack)
                  003f1ada    0000001d     idle_p28L.o28L (.text:_ti_sysbios_gates_GateHwi_Object__create__S)
                  003f1af7    0000001d     ti.targets.rts2800.a28L : SysMin.o28L (.text:_xdc_runtime_SysMin_putch__E)
                  003f1b14    0000001d     rts2800_ml.lib : memcpy.c.obj (.text)
                  003f1b31    0000001b     sysbios.a28L : c28_Hwi_asm.obj (.text:_ti_sysbios_family_c28_Hwi_switchAndDispatch__I)
                  003f1b4c    0000001b                  : BIOS.obj (.text:_ti_sysbios_hal_Hwi_checkStack)
                  003f1b67    0000001b                  : BIOS.obj (.text:_ti_sysbios_knl_Task_processVitalTaskFlag__I)
                  003f1b82    0000001b                  : BIOS.obj (.text:_ti_sysbios_knl_Task_restore__E)
                  003f1b9d    0000001b     idle_p28L.o28L (.text:_xdc_runtime_SysMin_output__I)
                  003f1bb8    0000001a     sysbios.a28L : BIOS.obj (.text:_ti_sysbios_hal_Hwi_initStack)
                  003f1bd2    0000001a     ti.targets.rts2800.a28L : Core-label.o28L (.text:_xdc_runtime_Core_assignLabel__I)
                  003f1bec    0000001a                             : System.o28L (.text:_xdc_runtime_System_avprintf__E)
                  003f1c06    00000019     sysbios.a28L : BIOS.obj (.text:_ti_sysbios_knl_Swi_restore__E)
                  003f1c1f    00000019     ti.targets.rts2800.a28L : System.o28L (.text:_xdc_runtime_System_vprintf__E)
                  003f1c38    00000019     rts2800_ml.lib : args_main.c.obj (.text)
                  003f1c51    00000018     sysbios.a28L : c28_Hwi_asm.obj (.text:_ti_sysbios_family_xxx_Hwi_switchAndRunFunc)
                  003f1c69    00000018     ti.targets.rts2800.a28L : Memory.o28L (.text:_xdc_runtime_Memory_valloc__E)
                  003f1c81    00000018                             : System.o28L (.text:_xdc_runtime_System_putchar__I)
                  003f1c99    00000017     sysbios.a28L : BIOS.obj (.text:_ti_sysbios_family_c28_Timer_startup__E)
                  003f1cb0    00000017                  : BIOS.obj (.text:_ti_sysbios_knl_Task_unblockI__E)
                  003f1cc7    00000017     ti.targets.rts2800.a28L : LoggerBuf.o28L (.text:_xdc_runtime_LoggerBuf_Module_startup__E)
                  003f1cde    00000017                             : SysMin.o28L (.text:_xdc_runtime_SysMin_abort__E)
                  003f1cf5    00000016     idle_p28L.o28L (.text:_ti_sysbios_BIOS_atExitFunc__I)
                  003f1d0b    00000016     sysbios.a28L : BIOS.obj (.text:_ti_sysbios_family_c28_Timer_Module_startup__E)
                  003f1d21    00000016     ti.targets.rts2800.a28L : LoggerBuf.o28L (.text:_xdc_runtime_LoggerBuf_reset__E)
                  003f1d37    00000015     sysbios.a28L : BIOS.obj (.text:_ti_sysbios_knl_Swi_Module_startup__E)
                  003f1d4c    00000015                  : BIOS.obj (.text:_ti_sysbios_knl_Task_restoreHwi__E)
                  003f1d61    00000015     ti.targets.rts2800.a28L : Text.o28L (.text:_xdc_runtime_Text_printVisFxn__I)
                  003f1d76    00000014     RFFT32_brev_RT.obj (.text)
                  003f1d8a    00000014     sysbios.a28L : BIOS.obj (.text:_ti_sysbios_knl_Idle_run__E)
                  003f1d9e    00000013     idle_p28L.o28L (.text:_ti_sysbios_BIOS_startFunc__I)
                  003f1db1    00000012     idle_p28L.o28L (.text:_ti_sysbios_gates_GateHwi_Object__delete__S)
                  003f1dc3    00000012     idle_p28L.o28L (.text:_xdc_runtime_LoggerBuf_Object__delete__S)
                  003f1dd5    00000011     idle_p28L.o28L (.text:_xdc_runtime_HeapStd_Object__delete__S)
                  003f1de6    00000011     ti.targets.rts2800.a28L : Text.o28L (.text:_xdc_runtime_Text_cordText__E)
                  003f1df7    00000010     DelayUs.obj (.text)
                  003f1e07    00000010     sysbios.a28L : BIOS.obj (.text:_ti_sysbios_family_c28_Timer_stop__E)
                  003f1e17    00000010                  : BIOS.obj (.text:_ti_sysbios_family_c28_TimestampProvider_get64__E)
                  003f1e27    00000010     ti.targets.rts2800.a28L : SysMin.o28L (.text:_xdc_runtime_SysMin_Module_startup__E)
                  003f1e37    0000000f     Boot.a28L : Boot.o28L (.text:.bootCodeSection:_ti_catalog_c2800_init_Boot_disableWatchdog)
                  003f1e46    0000000f     ti.targets.rts2800.a28L : Error.o28L (.text:_xdc_runtime_Error_raiseX__E)
                  003f1e55    0000000f                             : Registry.o28L (.text:_xdc_runtime_Registry_findById__E)
                  003f1e64    0000000e     FFT32_izero.obj (.text)
                  003f1e72    0000000e     idle_p28L.o28L (.text:_ti_sysbios_BIOS_errorRaiseHook__I)
                  003f1e80    0000000e     idle_p28L.o28L (.text:_ti_sysbios_knl_Swi_Object__get__S)
                  003f1e8e    0000000e     idle_p28L.o28L (.text:_ti_sysbios_knl_Task_Object__get__S)
                  003f1e9c    0000000e     idle_p28L.o28L (.text:_xdc_runtime_LoggerBuf_Object__get__S)
                  003f1eaa    0000000d     sysbios.a28L : BIOS.obj (.text:_ti_sysbios_family_c28_Hwi_dispatchC__I)
                  003f1eb7    0000000d                  : BIOS.obj (.text:_ti_sysbios_family_c28_TaskSupport_checkStack__E)
                  003f1ec4    0000000d                  : c28_TaskSupport_asm.obj (.text:_ti_sysbios_family_c28_TaskSupport_swap__E)
                  003f1ed1    0000000d     idle_p28L.o28L (.text:_ti_sysbios_gates_GateHwi_Handle__label__S)
                  003f1ede    0000000d     sysbios.a28L : BIOS.obj (.text:_ti_sysbios_knl_Task_enter__I)
                  003f1eeb    0000000d     ti.targets.rts2800.a28L : Error.o28L (.text:_xdc_runtime_Error_check__E)
                  003f1ef8    0000000d     idle_p28L.o28L (.text:_xdc_runtime_HeapStd_Handle__label__S)
                  003f1f05    0000000d     idle_p28L.o28L (.text:_xdc_runtime_LoggerBuf_Handle__label__S)
                  003f1f12    0000000d     ti.targets.rts2800.a28L : System.o28L (.text:_xdc_runtime_System_abort__E)
                  003f1f1f    0000000c     idle_p28L.o28L (.text:_ti_sysbios_family_c28_Hwi_disableIER__E)
                  003f1f2b    0000000c     sysbios.a28L : BIOS.obj (.text:_ti_sysbios_knl_Queue_put__E)
                  003f1f37    0000000c     ti.targets.rts2800.a28L : LoggerBuf.o28L (.text:_xdc_runtime_LoggerBuf_write2__E)
                  003f1f43    0000000c                             : SysMin.o28L (.text:_xdc_runtime_SysMin_exit__E)
                  003f1f4f    0000000b     idle_p28L.o28L (.text:_ti_sysbios_family_c28_Hwi_Module__startupDone__F)
                  003f1f5a    0000000b     idle_p28L.o28L (.text:_ti_sysbios_family_c28_Hwi_Object__get__S)
                  003f1f65    0000000b     idle_p28L.o28L (.text:_ti_sysbios_family_c28_Hwi_enableIER__E)
                  003f1f70    0000000b     idle_p28L.o28L (.text:_ti_sysbios_knl_Queue_Object__get__S)
                  003f1f7b    0000000b     ti.targets.rts2800.a28L : LoggerBuf.o28L (.text:_xdc_runtime_LoggerBuf_Instance_finalize__E)
                  003f1f86    0000000b                             : LoggerBuf.o28L (.text:_xdc_runtime_LoggerBuf_write1__E)
                  003f1f91    0000000b                             : Memory.o28L (.text:_xdc_runtime_Memory_free__E)
                  003f1f9c    0000000b                             : System.o28L (.text:_xdc_runtime_System_exit__E)
                  003f1fa7    0000000a     idle_p28L.o28L (.text:_ti_sysbios_BIOS_exitFunc__I)
                  003f1fb1    0000000a     ti.targets.rts2800.a28L : Error.o28L (.text:_xdc_runtime_Error_init__E)
                  003f1fbb    0000000a                             : LoggerBuf.o28L (.text:_xdc_runtime_LoggerBuf_write0__E)
                  003f1fc5    0000000a                             : System.o28L (.text:_xdc_runtime_System_vsnprintf__E)
                  003f1fcf    0000000a                             : Text.o28L (.text:_xdc_runtime_Text_ropeText__E)
                  003f1fd9    00000009     idle_p28L.o28L (.text:_ti_sysbios_family_c28_Hwi_restoreIER__E)
                  003f1fe2    00000009     sysbios.a28L : c28_TaskSupport_asm.obj (.text:_ti_sysbios_family_c28_TaskSupport_glue)
                  003f1feb    00000009                  : BIOS.obj (.text:_ti_sysbios_hal_Hwi_Module_startup__E)
                  003f1ff4    00000009     idle_p28L.o28L (.text:_ti_sysbios_knl_Task_SupportProxy_start__E)
                  003f1ffd    00000009     sysbios.a28L : BIOS.obj (.text:_ti_sysbios_knl_Task_unblock__E)
                  003f2006    00000009     idle_p28L.o28L (.text:_xdc_runtime_Startup_exec__I)
                  003f200f    00000009     idle_p28L.o28L (.text:_xdc_runtime_Text_visitRope__I)
                  003f2018    00000009     rts2800_ml.lib : _lock.c.obj (.text)
                  003f2021    00000008     sysbios.a28L : BIOS.obj (.text:_ti_sysbios_BIOS_setThreadType__E)
                  003f2029    00000008     idle_p28L.o28L (.text:_xdc_runtime_IHeap_alloc)
                  003f2031    00000008     ti.targets.rts2800.a28L : Memory.o28L (.text:_xdc_runtime_Memory_calloc__E)
                  003f2039    00000008                             : SysMin.o28L (.text:_xdc_runtime_SysMin_ready__E)
                  003f2041    00000008     rts2800_ml.lib : strlen.c.obj (.text)
                  003f2049    00000007     idle_p28L.o28L (.text:.bootCodeSection:_ti_catalog_c2800_init_Boot_init)
                  003f2050    00000007     ti.targets.rts2800.a28L : HeapStd.o28L (.text:_xdc_runtime_HeapStd_getStats__E)
                  003f2057    00000007     idle_p28L.o28L (.text:_xdc_runtime_System_aprintf__E)
                  003f205e    00000007     idle_p28L.o28L (.text:_xdc_runtime_System_printf__E)
                  003f2065    00000007     rts2800_ml.lib : memset.c.obj (.text)
                  003f206c    00000006     sysbios.a28L : BIOS.obj (.text:_ti_sysbios_BIOS_start__E)
                  003f2072    00000006                  : c28_IntrinsicsSupport_asm.obj (.text:_ti_sysbios_family_c28_IntrinsicsSupport_maxbit__E)
                  003f2078    00000006                  : BIOS.obj (.text:_ti_sysbios_family_c28_TimestampProvider_rolloverFunc__E)
                  003f207e    00000006                  : BIOS.obj (.text:_ti_sysbios_family_c28_TimestampProvider_startTimer__E)
                  003f2084    00000006                  : BIOS.obj (.text:_ti_sysbios_knl_Swi_disable__E)
                  003f208a    00000006                  : BIOS.obj (.text:_ti_sysbios_knl_Task_disable__E)
                  003f2090    00000006     ti.targets.rts2800.a28L : Gate.o28L (.text:_xdc_runtime_Gate_enterSystem__E)
                  003f2096    00000006                             : Gate.o28L (.text:_xdc_runtime_Gate_leaveSystem__E)
                  003f209c    00000006                             : LoggerBuf.o28L (.text:_xdc_runtime_LoggerBuf_enable__E)
                  003f20a2    00000005     sysbios.a28L : BIOS.obj (.text:_ti_sysbios_family_c28_Hwi_switchFromBootStack__E)
                  003f20a7    00000005                  : BIOS.obj (.text:_ti_sysbios_gates_GateHwi_enter__E)
                  003f20ac    00000005     ti.targets.rts2800.a28L : LoggerBuf.o28L (.text:_xdc_runtime_LoggerBuf_disable__E)
                  003f20b1    00000004     FFT32_init.obj (.text)
                  003f20b5    00000004     idle_p28L.o28L (.text:_ti_sysbios_family_c28_Hwi_startup__E)
                  003f20b9    00000004     sysbios.a28L : BIOS.obj (.text:_ti_sysbios_knl_Swi_startup__E)
                  003f20bd    00000004     idle_p28L.o28L (.text:_xdc_runtime_IHeap_free)
                  003f20c1    00000004     ti.targets.rts2800.a28L : Memory.o28L (.text:_xdc_runtime_Memory_getMaxDefaultTypeAlign__E)
                  003f20c5    00000004                             : Startup.o28L (.text:_xdc_runtime_Startup_rtsDone__E)
                  003f20c9    00000003                             : xdc_noinit.o28L (.text:___xdc__init)
                  003f20cc    00000003     idle_p28L.o28L (.text:_ti_catalog_c2800_init_Boot_limpAbort)
                  003f20cf    00000003     sysbios.a28L : c28_Hwi_asm.obj (.text:_ti_sysbios_family_c28_Hwi_getIFR__I)
                  003f20d2    00000003                  : BIOS.obj (.text:_ti_sysbios_family_c28_TimestampProvider_Module_startup__E)
                  003f20d5    00000003                  : BIOS.obj (.text:_ti_sysbios_gates_GateHwi_leave__E)
                  003f20d8    00000003     idle_p28L.o28L (.text:_ti_sysbios_hal_Hwi_HwiProxy_getStackInfo__E)
                  003f20db    00000003     idle_p28L.o28L (.text:_ti_sysbios_hal_Hwi_HwiProxy_switchFromBootStack__E)
                  003f20de    00000003     sysbios.a28L : BIOS.obj (.text:_ti_sysbios_hal_Hwi_startup__E)
                  003f20e1    00000003                  : BIOS.obj (.text:_ti_sysbios_knl_Idle_loop__E)
                  003f20e4    00000003     idle_p28L.o28L (.text:_ti_sysbios_knl_Task_SupportProxy_checkStack__E)
                  003f20e7    00000003     idle_p28L.o28L (.text:_ti_sysbios_knl_Task_SupportProxy_swap__E)
                  003f20ea    00000003     sysbios.a28L : BIOS.obj (.text:_ti_sysbios_knl_Task_startup__E)
                  003f20ed    00000003     idle_p28L.o28L (.text:_xdc_runtime_LoggerBuf_Module_GateProxy_enter__E)
                  003f20f0    00000003     idle_p28L.o28L (.text:_xdc_runtime_LoggerBuf_Module_GateProxy_leave__E)
                  003f20f3    00000003     idle_p28L.o28L (.text:_xdc_runtime_LoggerBuf_TimestampProxy_get64__E)
                  003f20f6    00000003     idle_p28L.o28L (.text:_xdc_runtime_System_Module_GateProxy_enter__E)
                  003f20f9    00000003     idle_p28L.o28L (.text:_xdc_runtime_System_Module_GateProxy_leave__E)
                  003f20fc    00000003     ti.targets.rts2800.a28L : System.o28L (.text:_xdc_runtime_System_Module_startup__E)
                  003f20ff    00000003     idle_p28L.o28L (.text:_xdc_runtime_System_SupportProxy_abort__E)
                  003f2102    00000003     idle_p28L.o28L (.text:_xdc_runtime_System_SupportProxy_exit__E)
                  003f2105    00000003     idle_p28L.o28L (.text:_xdc_runtime_System_SupportProxy_putch__E)
                  003f2108    00000003     idle_p28L.o28L (.text:_xdc_runtime_System_SupportProxy_ready__E)
                  003f210b    00000003     ti.targets.rts2800.a28L : System.o28L (.text:_xdc_runtime_System_abortStd__E)
                  003f210e    00000003                             : System.o28L (.text:_xdc_runtime_System_exitStd__E)
                  003f2111    00000002     idle_p28L.o28L (.text:_malloc)
                  003f2113    00000002     Boot.a28L : Boot.o28L (.text:_ti_catalog_c2800_init_Boot_defaultLimpAbortFunction)
                  003f2115    00000002     idle_p28L.o28L (.text:_ti_sysbios_family_c28_TaskSupport_Module__startupDone__S)
                  003f2117    00000002     sysbios.a28L : BIOS.obj (.text:_ti_sysbios_gates_GateHwi_query__E)
                  003f2119    00000002     ti.targets.rts2800.a28L : Error.o28L (.text:_xdc_runtime_Error_getSite__E)
                  003f211b    00000002                             : HeapStd.o28L (.text:_xdc_runtime_HeapStd_isBlocking__E)
                  003f211d    00000002     rts2800_ml.lib : pre_init.c.obj (.text)
                  003f211f    00000001     idle_p28L.o28L (.text:_free)
                  003f2120    00000001     sysbios.a28L : BIOS.obj (.text:_ti_sysbios_BIOS_linkedWithIncorrectBootLibrary__E)
                  003f2121    00000001                  : c28_Hwi_asm.obj (.text:_ti_sysbios_family_c28_Hwi_interruptReturn__I)
                  003f2122    00000001                  : BIOS.obj (.text:_ti_sysbios_gates_GateHwi_Instance_init__E)
                  003f2123    00000001     rts2800_ml.lib : startup.c.obj (.text)

ramfuncs   1    00008000    00000000     UNINITIALIZED

.stack     1    000006c0    00000100     UNINITIALIZED
                  000006c0    00000100     --HOLE--

.cio       1    00008000    00000120     UNINITIALIZED
                  00008000    00000120     rts2800_ml.lib : trgmsg.c.obj (.cio)

FFTtf      0    003f2124    00001800     
                  003f2124    00001800     FFT32_init.obj (FFTtf)

FFTipcb    1    000007c0    00000040     UNINITIALIZED
                  000007c0    00000040     idle.obj (FFTipcb)

FFTipcbsrc 
*          1    00008140    00000040     UNINITIALIZED
                  00008140    00000040     idle.obj (FFTipcbsrc)

FFTmagbuf 
*          1    00008180    00000040     UNINITIALIZED
                  00008180    00000040     idle.obj (FFTmagbuf)

iirfilt    1    00008400    00000038     UNINITIALIZED
                  00008400    00000038     idle.obj (iirfilt)

iirldb     1    00008800    00000018     UNINITIALIZED
                  00008800    00000018     idle.obj (iirldb)

xdc.meta   0    00000000    0000010d     COPY SECTION
                  00000000    0000010d     idle_p28L.o28L (xdc.meta)

.binit     0    003d7800    00000000     

MODULE SUMMARY

       Module                          code   initialized data   uninitialized data
       ------                          ----   ----------------   ------------------
    .\
       FFT32_init.obj                  4      6144               0                 
       F2802x_GlobalVariableDefs.obj   0      0                  790               
       idle.obj                        286    171                318               
       FFT32_calc.obj                  264    0                  0                 
       DeviceInit_18Nov2018.obj        166    0                  0                 
       RFFT32_split.obj                100    0                  0                 
       iir5biq16.obj                   51     0                  0                 
       RFFT32_win.obj                  36     0                  0                 
       RFFT32_brev.obj                 34     0                  0                 
       RFFT32_mag.obj                  34     0                  0                 
       RFFT32_brev_RT.obj              20     0                  0                 
       DelayUs.obj                     16     0                  0                 
       FFT32_izero.obj                 14     0                  0                 
    +--+-------------------------------+------+------------------+--------------------+
       Total:                          1025   6315               1108              
                                                                                   
    C:\Users\Alex\Documents\GitHub\acoustic-calibrator\audioCalibrator\acoustic_calibrator\Debug\configPkg\package\cfg\
       idle_p28L.o28L                  694    6693               1664              
    +--+-------------------------------+------+------------------+--------------------+
       Total:                          694    6693               1664              
                                                                                   
    C:\Users\Alex\Documents\GitHub\acoustic-calibrator\audioCalibrator\acoustic_calibrator\src\sysbios\sysbios.a28L
       BIOS.obj                        2473   28                 0                 
       c28_Hwi_disp_asm.obj            133    0                  0                 
       c28_Hwi_asm.obj                 55     0                  0                 
       c28_TaskSupport_asm.obj         51     0                  0                 
       c28_IntrinsicsSupport_asm.obj   6      0                  0                 
    +--+-------------------------------+------+------------------+--------------------+
       Total:                          2718   28                 0                 
                                                                                   
    C:\ti\bios_6_76_04_02\packages\ti\catalog\c2800\init\lib\Boot.a28L
       Boot.o28L                       63     0                  0                 
    +--+-------------------------------+------+------------------+--------------------+
       Total:                          63     0                  0                 
                                                                                   
    C:\ti\bios_6_76_04_02\packages\ti\targets\rts2800\lib\boot.a28L
       boot_cg.o28L                    103    0                  0                 
    +--+-------------------------------+------+------------------+--------------------+
       Total:                          103    0                  0                 
                                                                                   
    C:\ti\bios_6_76_04_02\packages\ti\targets\rts2800\lib\ti.targets.rts2800.a28L
       System.o28L                     781    25                 0                 
       LoggerBuf.o28L                  600    0                  0                 
       HeapStd.o28L                    485    0                  0                 
       Text.o28L                       355    67                 0                 
       Error.o28L                      270    88                 0                 
       Core-mem.o28L                   220    0                  0                 
       Startup.o28L                    164    42                 0                 
       SysMin.o28L                     126    0                  0                 
       Memory.o28L                     109    0                  0                 
       Log.o28L                        0      71                 0                 
       Assert.o28L                     45     5                  0                 
       Core-params.o28L                45     0                  0                 
       Core-label.o28L                 26     0                  0                 
       Registry.o28L                   15     0                  0                 
       Gate.o28L                       12     0                  0                 
       xdc_noinit.o28L                 3      0                  0                 
    +--+-------------------------------+------+------------------+--------------------+
       Total:                          3256   298                0                 
                                                                                   
    C:\ti\ccsv8\tools\compiler\ti-cgt-c2000_18.1.8.LTS\lib\rts2800_ml.lib
       trgmsg.c.obj                    148    0                  288               
       ll_div28.asm.obj                263    0                  0                 
       exit.c.obj                      41     14                 6                 
       hostwrite.c.obj                 56     0                  0                 
       cpy_tbl.c.obj                   36     0                  0                 
       memcpy.c.obj                    29     0                  0                 
       args_main.c.obj                 25     0                  0                 
       _lock.c.obj                     9      10                 4                 
       hostopen.c.obj                  0      0                  8                 
       strlen.c.obj                    8      0                  0                 
       memset.c.obj                    7      0                  0                 
       pre_init.c.obj                  2      0                  0                 
       startup.c.obj                   1      0                  0                 
    +--+-------------------------------+------+------------------+--------------------+
       Total:                          625    24                 306               
                                                                                   
       Stack:                          0      0                  256               
    +--+-------------------------------+------+------------------+--------------------+
       Grand Total:                    8484   13358              3334              


GLOBAL DATA SYMBOLS: SORTED BY DATA PAGE

address     data page           name
--------    ----------------    ----
00000000       0 (00000000)     ___ISA__
00000000       0 (00000000)     _xdc_runtime_Error_Module__state__V
00000002       0 (00000000)     _xdc_runtime_HeapStd_Module__state__V
00000004       0 (00000000)     ___xdc__init__addr
00000006       0 (00000000)     _xdc_runtime_Memory_Module__state__V
00000008       0 (00000000)     _ti_sysbios_knl_Task_Module_State_0_idleTask__A
0000000a       0 (00000000)     _ti_sysbios_gates_GateHwi_Object__table__V
0000000c       0 (00000000)     _xdc_runtime_LoggerBuf_Module__state__V
00000010       0 (00000000)     _ti_sysbios_family_c28_Timer_Module__root__V
00000011       0 (00000000)     ___TARG__
00000014       0 (00000000)     _xdc_runtime_SysMin_Module__state__V
00000018       0 (00000000)     _xdc_runtime_Registry_Module__state__V
0000001c       0 (00000000)     _xdc_runtime_Startup_Module__state__V
00000020       0 (00000000)     _ti_sysbios_gates_GateHwi_Module__root__V
00000024       0 (00000000)     _xdc_runtime_System_Module__state__V
00000028       0 (00000000)     _ti_sysbios_family_c28_TimestampProvider_Module__state__V
0000002c       0 (00000000)     _ti_sysbios_hal_Hwi_Module__root__V
00000030       0 (00000000)     _ti_sysbios_knl_Task_Module__root__V
00000034       0 (00000000)     _xdc_runtime_Text_Module__state__V
00000035       0 (00000000)     ___PLAT__
00000038       0 (00000000)     _ti_sysbios_knl_Queue_Module__root__V
0000003c       0 (00000000)     _ti_sysbios_knl_Swi_Module__root__V

00000040       1 (00000040)     _ti_sysbios_family_c28_Hwi_Module__root__V
00000044       1 (00000040)     _xdc_runtime_LoggerBuf_Module__root__V
00000048       1 (00000040)     _xdc_runtime_HeapStd_Module__root__V
0000004c       1 (00000040)     _xdc_runtime_GateNull_Module__root__V
00000050       1 (00000040)     _xdc_runtime_HeapStd_Object__table__V
00000056       1 (00000040)     _xdc_runtime_System_Module_State_0_atexitHandlers__A
0000005b       1 (00000040)     ___TRDR__
0000005e       1 (00000040)     _ti_sysbios_family_c28_Timer_Module__state__V
00000066       1 (00000040)     _ti_sysbios_knl_Swi_Module__state__V

00000080       2 (00000080)     _ti_sysbios_family_c28_Hwi_Module__state__V
00000082       2 (00000080)     ___ASM__
00000090       2 (00000080)     _xdc_runtime_Error_IgnoreBlock
000000a0       2 (00000080)     _ti_sysbios_BIOS_Module__state__V

000000c0       3 (000000c0)     _xdc_runtime_LoggerBuf_Object__table__V
000000d2       3 (000000c0)     _ti_sysbios_knl_Swi_Object__table__V

00000100       4 (00000100)     _ti_sysbios_knl_Task_Module__state__V

00000140       5 (00000140)     _ti_sysbios_knl_Task_Object__table__V

00000180       6 (00000180)     _ti_sysbios_knl_Task_Module_State_0_readyQ__A

000001c0       7 (000001c0)     _ti_sysbios_knl_Swi_Module_State_0_readyQ__A

00000200       8 (00000200)     _ti_sysbios_family_c28_Timer_Object__table__V

00000280       a (00000280)     _ti_sysbios_family_c28_Hwi_Object__table__V

00000300       c (00000300)     _xdc_runtime_SysMin_Module_State_0_outbuf__A

00000380       e (00000380)     _xdc_runtime_LoggerBuf_Instance_State_0_entryArr__A

00000480      12 (00000480)     _ti_sysbios_family_c28_Hwi_Module_State_0_dispatchTable__A

00000580      16 (00000580)     _ti_sysbios_knl_Task_Instance_State_0_stack__A

00000680      1a (00000680)     _yn3
00000681      1a (00000680)     _yn2
00000682      1a (00000680)     _yn
00000683      1a (00000680)     _xn
00000684      1a (00000680)     _newsample2
00000685      1a (00000680)     _yn4
00000686      1a (00000680)     _yn1
00000687      1a (00000680)     _ind
00000688      1a (00000680)     _n
00000689      1a (00000680)     _count
0000068a      1a (00000680)     _f
0000068b      1a (00000680)     _k
0000068c      1a (00000680)     _fft_flag
0000068d      1a (00000680)     _i
0000068e      1a (00000680)     _isrFlag
0000068f      1a (00000680)     _newsample1
00000690      1a (00000680)     _tickCount
00000691      1a (00000680)     _gain
00000696      1a (00000680)     _rfft
000006ae      1a (00000680)     _parmbuf
000006b6      1a (00000680)     ___TI_enable_exit_profile_output
000006b8      1a (00000680)     ___TI_cleanup_ptr
000006ba      1a (00000680)     ___TI_dtors_ptr
000006bc      1a (00000680)     __lock
000006be      1a (00000680)     __unlock

000006c0      1b (000006c0)     __stack

000007c0      1f (000007c0)     _fftout1

00000880      22 (00000880)     _DevEmuRegs

00000985      26 (00000980)     _SysPwrCtrlRegs

00000a80      2a (00000a80)     _FlashRegs

00000ae0      2b (00000ac0)     _CsmRegs

00000b00      2c (00000b00)     _AdcResult

00000c00      30 (00000c00)     _CpuTimer0Regs
00000c08      30 (00000c00)     _CpuTimer1Regs
00000c10      30 (00000c00)     _CpuTimer2Regs

00000ce0      33 (00000cc0)     _PieCtrlRegs

00000d00      34 (00000d00)     _EmuKey
00000d00      34 (00000d00)     _PieVectTable
00000d01      34 (00000d00)     _EmuBMode
00000d02      34 (00000d00)     _Flash_CallbackPtr
00000d04      34 (00000d00)     _Flash_CPUScaleFactor

00006400     190 (00006400)     _Comp1Regs
00006420     190 (00006400)     _Comp2Regs

00006800     1a0 (00006800)     _EPwm1Regs

00006840     1a1 (00006840)     _EPwm2Regs

00006880     1a2 (00006880)     _EPwm3Regs

000068c0     1a3 (000068c0)     _EPwm4Regs

00006a00     1a8 (00006a00)     _ECap1Regs

00006f80     1be (00006f80)     _GpioCtrlRegs

00006fc0     1bf (00006fc0)     _GpioDataRegs
00006fe0     1bf (00006fc0)     _GpioIntRegs

00007010     1c0 (00007000)     _SysCtrlRegs

00007040     1c1 (00007040)     _SpiaRegs
00007050     1c1 (00007040)     _SciaRegs
00007060     1c1 (00007040)     _NmiIntruptRegs
00007070     1c1 (00007040)     _XIntruptRegs

00007100     1c4 (00007100)     _AdcRegs

00007900     1e4 (00007900)     _I2caRegs

00008000     200 (00008000)     __CIOBUF_

00008140     205 (00008140)     _fftin1

00008180     206 (00008180)     _fftmag

00008400     210 (00008400)     _iir3
0000840e     210 (00008400)     _iir1
0000841c     210 (00008400)     _iir2
0000842a     210 (00008400)     _iir4

00008800     220 (00008800)     _dbuffer1
00008806     220 (00008800)     _dbuffer4
0000880c     220 (00008800)     _dbuffer3
00008812     220 (00008800)     _dbuffer2

003d7fff    f5ff (003d7fc0)     _PartIdRegs

003f3924    fce4 (003f3900)     _xdc_runtime_Text_charTab__A

003f4c93    fd32 (003f4c80)     _ti_sysbios_family_c28_Hwi_Module__id__C
003f4c94    fd32 (003f4c80)     _ti_sysbios_family_c28_Hwi_vectors

003f4dff    fd37 (003f4dc0)     _ti_sysbios_family_c28_Hwi_NUM_INTERRUPTS_ALL__C

003f4e58    fd39 (003f4e40)     _xdc_runtime_Text_nodeTab__A

003f4eeb    fd3b (003f4ec0)     _ti_sysbios_family_c28_Hwi_Object__count__C

003f4f2f    fd3c (003f4f00)     _ti_sysbios_family_c28_TaskSupport_Module__id__C

003f4f5a    fd3d (003f4f40)     _xdc_runtime_LoggerBuf_Module__FXNS__C

003f4f91    fd3e (003f4f80)     _ti_sysbios_family_c28_Timer_startupNeeded__C
003f4f92    fd3e (003f4f80)     _xdc_runtime_HeapStd_Module__FXNS__C
003f4fa6    fd3e (003f4f80)     _ti_sysbios_gates_GateHwi_Module__FXNS__C
003f4fb8    fd3e (003f4f80)     _xdc_runtime_LoggerBuf_Object__PARAMS__C

003f4fca    fd3f (003f4fc0)     _xdc_runtime_Startup_sfxnTab__A
003f4fdc    fd3f (003f4fc0)     _ti_sysbios_gates_GateHwi_Object__DESC__C
003f4fec    fd3f (003f4fc0)     _xdc_runtime_HeapStd_Object__DESC__C
003f4ffc    fd3f (003f4fc0)     _xdc_runtime_LoggerBuf_Object__DESC__C

003f500c    fd40 (003f5000)     _coeff1
003f501b    fd40 (003f5000)     _coeff2
003f502a    fd40 (003f5000)     _coeff3
003f5039    fd40 (003f5000)     _coeff4

003f5048    fd41 (003f5040)     _xdc_runtime_HeapStd_Object__PARAMS__C
003f5056    fd41 (003f5040)     _ti_sysbios_gates_GateHwi_Object__PARAMS__C
003f5062    fd41 (003f5040)     _xdc_runtime_Startup_sfxnRts__A
003f506b    fd41 (003f5040)     _ti_sysbios_hal_Hwi_Module__id__C
003f506c    fd41 (003f5040)     _SWIFilter
003f506e    fd41 (003f5040)     _hwi0
003f5070    fd41 (003f5040)     _hwi1
003f5072    fd41 (003f5040)     _fft_timer
003f5079    fd41 (003f5040)     _ti_sysbios_knl_Swi_Object__count__C
003f507a    fd41 (003f5040)     _ti_sysbios_knl_Idle_funcList__A
003f507e    fd41 (003f5040)     _ti_sysbios_knl_Idle_funcList__C

003f5082    fd42 (003f5080)     _xdc_runtime_Startup_firstFxns__C
003f5086    fd42 (003f5080)     _xdc_runtime_Startup_lastFxns__C
003f508a    fd42 (003f5080)     _ti_sysbios_family_c28_Hwi_A_badIntNum__C
003f508c    fd42 (003f5080)     _ti_sysbios_family_c28_Hwi_A_invalidArg__C
003f508e    fd42 (003f5080)     _ti_sysbios_family_c28_Hwi_E_unpluggedInterrupt__C
003f5090    fd42 (003f5080)     _ti_sysbios_family_c28_Hwi_Module__diagsEnabled__C
003f5092    fd42 (003f5080)     _ti_sysbios_family_c28_Hwi_Module__diagsIncluded__C
003f5094    fd42 (003f5080)     _ti_sysbios_family_c28_Hwi_Module__diagsMask__C
003f5096    fd42 (003f5080)     _ti_sysbios_family_c28_TaskSupport_E_invalidStack__C
003f5098    fd42 (003f5080)     _ti_sysbios_hal_Hwi_E_stackOverflow__C
003f509a    fd42 (003f5080)     _ti_sysbios_knl_Task_E_spOutOfBounds__C
003f509c    fd42 (003f5080)     _ti_sysbios_knl_Task_E_stackOverflow__C
003f509e    fd42 (003f5080)     _ti_sysbios_knl_Task_Module_State_inactiveQ__O
003f50a0    fd42 (003f5080)     _ti_sysbios_knl_Task_allBlockedFunc__C
003f50a2    fd42 (003f5080)     _xdc_runtime_Assert_E_assertFailed__C
003f50a4    fd42 (003f5080)     _xdc_runtime_Core_A_initializedParams__C
003f50a6    fd42 (003f5080)     _xdc_runtime_Core_Module__diagsEnabled__C
003f50a8    fd42 (003f5080)     _xdc_runtime_Core_Module__diagsIncluded__C
003f50aa    fd42 (003f5080)     _xdc_runtime_Core_Module__diagsMask__C
003f50ac    fd42 (003f5080)     _xdc_runtime_Error_E_memory__C
003f50ae    fd42 (003f5080)     _xdc_runtime_Error_Module__diagsEnabled__C
003f50b0    fd42 (003f5080)     _xdc_runtime_Error_Module__diagsIncluded__C
003f50b2    fd42 (003f5080)     _xdc_runtime_Error_Module__diagsMask__C
003f50b4    fd42 (003f5080)     _xdc_runtime_Error_Module__loggerFxn8__C
003f50b6    fd42 (003f5080)     _xdc_runtime_Error_Module__loggerObj__C
003f50b8    fd42 (003f5080)     _xdc_runtime_Error_policyFxn__C
003f50ba    fd42 (003f5080)     _xdc_runtime_Error_raiseHook__C
003f50bc    fd42 (003f5080)     _xdc_runtime_HeapStd_A_align__C
003f50be    fd42 (003f5080)     _xdc_runtime_HeapStd_A_invalidTotalFreeSize__C

003f50c0    fd43 (003f50c0)     _xdc_runtime_HeapStd_A_zeroSize__C
003f50c2    fd43 (003f50c0)     _xdc_runtime_HeapStd_E_noRTSMemory__C
003f50c4    fd43 (003f50c0)     _xdc_runtime_HeapStd_Module__diagsEnabled__C
003f50c6    fd43 (003f50c0)     _xdc_runtime_HeapStd_Module__diagsIncluded__C
003f50c8    fd43 (003f50c0)     _xdc_runtime_HeapStd_Module__diagsMask__C
003f50ca    fd43 (003f50c0)     _xdc_runtime_IFilterLogger_Interface__BASE__C
003f50cc    fd43 (003f50c0)     _xdc_runtime_IGateProvider_Interface__BASE__C
003f50ce    fd43 (003f50c0)     _xdc_runtime_IHeap_Interface__BASE__C
003f50d0    fd43 (003f50c0)     _xdc_runtime_ILogger_Interface__BASE__C
003f50d2    fd43 (003f50c0)     _xdc_runtime_IModule_Interface__BASE__C
003f50d4    fd43 (003f50c0)     _xdc_runtime_Log_L_error__C
003f50d6    fd43 (003f50c0)     _xdc_runtime_LoggerBuf_E_badLevel__C
003f50d8    fd43 (003f50c0)     _xdc_runtime_LoggerBuf_Module__gateObj__C
003f50da    fd43 (003f50c0)     _xdc_runtime_LoggerBuf_statusLogger__C
003f50dc    fd43 (003f50c0)     _xdc_runtime_Memory_defaultHeapInstance__C
003f50de    fd43 (003f50c0)     _xdc_runtime_Startup_execImpl__C
003f50e0    fd43 (003f50c0)     _xdc_runtime_Startup_firstFxns__A
003f50e2    fd43 (003f50c0)     _xdc_runtime_Startup_lastFxns__A
003f50e4    fd43 (003f50c0)     _xdc_runtime_Startup_sfxnRts__C
003f50e6    fd43 (003f50c0)     _xdc_runtime_Startup_sfxnTab__C
003f50e8    fd43 (003f50c0)     _xdc_runtime_SysMin_bufSize__C
003f50ea    fd43 (003f50c0)     _xdc_runtime_SysMin_outputFunc__C
003f50ec    fd43 (003f50c0)     _xdc_runtime_System_Module__gateObj__C
003f50ee    fd43 (003f50c0)     _xdc_runtime_System_abortFxn__C
003f50f0    fd43 (003f50c0)     _xdc_runtime_System_exitFxn__C
003f50f2    fd43 (003f50c0)     _xdc_runtime_System_extendFxn__C
003f50f4    fd43 (003f50c0)     _xdc_runtime_Text_charTab__C
003f50f6    fd43 (003f50c0)     _xdc_runtime_Text_nameEmpty__C
003f50f8    fd43 (003f50c0)     _xdc_runtime_Text_nameStatic__C
003f50fa    fd43 (003f50c0)     _xdc_runtime_Text_nameUnknown__C
003f50fc    fd43 (003f50c0)     _xdc_runtime_Text_nodeTab__C
003f50fe    fd43 (003f50c0)     _xdc_runtime_Text_visitRopeFxn__C

003f5100    fd44 (003f5100)     _ti_sysbios_knl_Task_Module__id__C
003f5101    fd44 (003f5100)     _ti_sysbios_knl_Task_Object__count__C
003f5102    fd44 (003f5100)     _ti_sysbios_knl_Task_numConstructedTasks__C
003f5103    fd44 (003f5100)     _xdc_runtime_Core_Module__id__C
003f5104    fd44 (003f5100)     _xdc_runtime_Error_Module__loggerDefined__C
003f5105    fd44 (003f5100)     _xdc_runtime_Error_maxDepth__C
003f5106    fd44 (003f5100)     _xdc_runtime_Error_policy__C
003f5107    fd44 (003f5100)     _xdc_runtime_HeapStd_Module__id__C
003f5108    fd44 (003f5100)     _xdc_runtime_LoggerBuf_Module__id__C
003f5109    fd44 (003f5100)     _xdc_runtime_LoggerBuf_Object__count__C
003f510a    fd44 (003f5100)     _xdc_runtime_LoggerBuf_filterByLevel__C
003f510b    fd44 (003f5100)     _xdc_runtime_Memory_Module__id__C
003f510c    fd44 (003f5100)     _xdc_runtime_Startup_maxPasses__C
003f510d    fd44 (003f5100)     _xdc_runtime_SysMin_flushAtExit__C
003f510e    fd44 (003f5100)     _xdc_runtime_System_maxAtexitHandlers__C
003f510f    fd44 (003f5100)     _xdc_runtime_Text_charCnt__C
003f5110    fd44 (003f5100)     _xdc_runtime_Text_isLoaded__C
003f5111    fd44 (003f5100)     _xdc_runtime_Text_registryModsLastId__C
003f5112    fd44 (003f5100)     _xdc_runtime_Text_unnamedModsLastId__C

003f7ff8    fdff (003f7fc0)     _CsmPwl


GLOBAL SYMBOLS: SORTED ALPHABETICALLY BY Name 

page  address   name                                                      
----  -------   ----                                                      
0     003f0000  .text                                                     
0     003f18b7  C$$EXIT                                                   
0     003f0a1c  C$$IO$$                                                   
0     003f0449  LL$$DIV                                                   
0     003f0485  LL$$MOD                                                   
0     003f04bf  ULL$$DIV                                                  
0     003f04ee  ULL$$MOD                                                  
0     003f02d9  _ADC_1                                                    
0     003f02e9  _ADC_2                                                    
0     003f029d  _ADCtimer                                                 
1     00007100  _AdcRegs                                                  
1     00000b00  _AdcResult                                                
1     00006400  _Comp1Regs                                                
1     00006420  _Comp2Regs                                                
1     00000c00  _CpuTimer0Regs                                            
1     00000c08  _CpuTimer1Regs                                            
1     00000c10  _CpuTimer2Regs                                            
1     003f7ff8  _CsmPwl                                                   
1     00000ae0  _CsmRegs                                                  
0     003f1df7  _DelayUs                                                  
1     00000880  _DevEmuRegs                                               
0     003f0884  _DeviceInit                                               
1     00006a00  _ECap1Regs                                                
1     00006800  _EPwm1Regs                                                
1     00006840  _EPwm2Regs                                                
1     00006880  _EPwm3Regs                                                
1     000068c0  _EPwm4Regs                                                
0     00000d01  _EmuBMode                                                 
0     00000d00  _EmuKey                                                   
0     003f0341  _FFT32_calc                                               
0     003f20b1  _FFT32_init                                               
0     003f1e64  _FFT32_izero                                              
1     00000a80  _FlashRegs                                                
0     00000d04  _Flash_CPUScaleFactor                                     
0     00000d02  _Flash_CallbackPtr                                        
1     00006f80  _GpioCtrlRegs                                             
1     00006fc0  _GpioDataRegs                                             
1     00006fe0  _GpioIntRegs                                              
0     003f1459  _HOSTwrite                                                
1     00007900  _I2caRegs                                                 
0     003f1540  _IIR5BIQ16_calc                                           
0     003f1530  _IIR5BIQ16_init                                           
1     00007060  _NmiIntruptRegs                                           
1     003d7fff  _PartIdRegs                                               
1     00000ce0  _PieCtrlRegs                                              
0     00000d00  _PieVectTable                                             
0     003f1999  _RFFT32_brev                                              
0     003f1d76  _RFFT32_brev_RT                                           
0     003f19bb  _RFFT32_mag                                               
0     003f1094  _RFFT32_split                                             
0     003f192e  _RFFT32_win                                               
1     00008000  _RamfuncsLoadEnd                                          
abs   00000000  _RamfuncsLoadSize                                         
1     00008000  _RamfuncsLoadStart                                        
1     00008000  _RamfuncsRunStart                                         
0     003f506c  _SWIFilter                                                
1     00007050  _SciaRegs                                                 
1     00007040  _SpiaRegs                                                 
1     00007010  _SysCtrlRegs                                              
1     00000985  _SysPwrCtrlRegs                                           
1     00007070  _XIntruptRegs                                             
1     00008000  __CIOBUF_                                                 
1     000007c0  __STACK_END                                               
abs   00000100  __STACK_SIZE                                              
0     00000082  ___ASM__                                                  
0     00000000  ___ISA__                                                  
0     00000035  ___PLAT__                                                 
0     00000011  ___TARG__                                                 
1     000006b8  ___TI_cleanup_ptr                                         
1     000006ba  ___TI_dtors_ptr                                           
1     000006b6  ___TI_enable_exit_profile_output                          
abs   ffffffff  ___TI_pprof_out_hndl                                      
abs   ffffffff  ___TI_prof_data_size                                      
abs   ffffffff  ___TI_prof_data_start                                     
0     003f0a21  ___TI_readmsg                                             
0     003f09c9  ___TI_writemsg                                            
0     0000005b  ___TRDR__                                                 
abs   ffffffff  ___binit__                                                
abs   ffffffff  ___c_args__                                               
0     003f5113  ___cinit__                                                
0     003f2124  ___etext__                                                
abs   ffffffff  ___pinit__                                                
0     003f0000  ___text__                                                 
0     003f20c9  ___xdc__init                                              
1     00000004  ___xdc__init__addr                                        
0     003f1c38  __args_main                                               
1     000006bc  __lock                                                    
0     003f2020  __nop                                                     
0     003f201c  __register_lock                                           
0     003f2018  __register_unlock                                         
1     000006c0  __stack                                                   
0     003f2123  __system_post_cinit                                       
0     003f211d  __system_pre_init                                         
1     000006be  __unlock                                                  
0     003f18b7  _abort                                                    
0     003f0fc7  _c_int00                                                  
0     003f500c  _coeff1                                                   
0     003f501b  _coeff2                                                   
0     003f502a  _coeff3                                                   
0     003f5039  _coeff4                                                   
0     003f1952  _copy_in                                                  
1     00000689  _count                                                    
1     00008800  _dbuffer1                                                 
1     00008812  _dbuffer2                                                 
1     0000880c  _dbuffer3                                                 
1     00008806  _dbuffer4                                                 
0     003f18b9  _exit                                                     
1     0000068a  _f                                                        
0     003f02a5  _fftTimer                                                 
1     0000068c  _fft_flag                                                 
0     003f5072  _fft_timer                                                
1     00008140  _fftin1                                                   
1     00008180  _fftmag                                                   
1     000007c0  _fftout1                                                  
0     003f02f4  _filter                                                   
0     003f211f  _free                                                     
1     00000691  _gain                                                     
0     003f506e  _hwi0                                                     
0     003f5070  _hwi1                                                     
1     0000068d  _i                                                        
1     0000840e  _iir1                                                     
1     0000841c  _iir2                                                     
1     00008400  _iir3                                                     
1     0000842a  _iir4                                                     
1     00000687  _ind                                                      
1     0000068e  _isrFlag                                                  
1     0000068b  _k                                                        
0     003f0223  _main                                                     
0     003f2111  _malloc                                                   
0     003f1b14  _memcpy                                                   
0     003f2065  _memset                                                   
0     003f02aa  _myIdleFxn                                                
1     00000688  _n                                                        
1     0000068f  _newsample1                                               
1     00000684  _newsample2                                               
1     000006ae  _parmbuf                                                  
1     00000696  _rfft                                                     
0     003f2041  _strlen                                                   
0     003f1623  _ti_catalog_c2800_init_Boot_configurePll2802x             
0     003f2113  _ti_catalog_c2800_init_Boot_defaultLimpAbortFunction      
0     003f1e37  _ti_catalog_c2800_init_Boot_disableWatchdog               
0     003f2049  _ti_catalog_c2800_init_Boot_init                          
0     003f20cc  _ti_catalog_c2800_init_Boot_limpAbort                     
1     000000a0  _ti_sysbios_BIOS_Module__state__V                         
[...]
0     003f20e7  _ti_sysbios_knl_Task_SupportProxy_swap__E                 
0     003f20ea  _ti_sysbios_knl_Task_startup__E                           
0     003f20ed  _xdc_runtime_LoggerBuf_Module_GateProxy_enter__E          
0     003f20f0  _xdc_runtime_LoggerBuf_Module_GateProxy_leave__E          
0     003f20f3  _xdc_runtime_LoggerBuf_TimestampProxy_get64__E            
0     003f20f6  _xdc_runtime_System_Module_GateProxy_enter__E             
0     003f20f9  _xdc_runtime_System_Module_GateProxy_leave__E             
0     003f20fc  _xdc_runtime_System_Module_startup__E                     
0     003f20ff  _xdc_runtime_System_SupportProxy_abort__E                 
0     003f2102  _xdc_runtime_System_SupportProxy_exit__E                  
0     003f2105  _xdc_runtime_System_SupportProxy_putch__E                 
0     003f2108  _xdc_runtime_System_SupportProxy_ready__E                 
0     003f210b  _xdc_runtime_System_abortStd__E                           
0     003f210e  _xdc_runtime_System_exitStd__E                            
0     003f2111  _malloc                                                   
0     003f2113  _ti_catalog_c2800_init_Boot_defaultLimpAbortFunction      
0     003f2115  _ti_sysbios_family_c28_TaskSupport_Module__startupDone__S 
0     003f2115  _ti_sysbios_knl_Task_SupportProxy_Module__startupDone__S  
0     003f2117  _ti_sysbios_gates_GateHwi_query__E                        
0     003f2119  _xdc_runtime_Error_getSite__E                             
0     003f211b  _xdc_runtime_HeapStd_isBlocking__E                        
0     003f211d  __system_pre_init                                         
0     003f211f  _free                                                     
0     003f2120  _ti_sysbios_BIOS_linkedWithIncorrectBootLibrary__E        
0     003f2121  _ti_sysbios_family_c28_Hwi_interruptReturn__I             
0     003f2122  _ti_sysbios_gates_GateHwi_Instance_init__E                
0     003f2123  __system_post_cinit                                       
0     003f2124  ___etext__                                                
0     003f2124  etext                                                     
0     003f3924  _xdc_runtime_Text_charTab__A                              
0     003f4c93  _ti_sysbios_family_c28_Hwi_Module__id__C                  
0     003f4c94  _ti_sysbios_family_c28_Hwi_vectors                        
0     003f4dff  _ti_sysbios_family_c28_Hwi_NUM_INTERRUPTS_ALL__C          
0     003f4e58  _xdc_runtime_Text_nodeTab__A                              
0     003f4eeb  _ti_sysbios_family_c28_Hwi_Object__count__C               
0     003f4f2f  _ti_sysbios_family_c28_TaskSupport_Module__id__C          
0     003f4f5a  _xdc_runtime_LoggerBuf_Module__FXNS__C                    
0     003f4f91  _ti_sysbios_family_c28_Timer_startupNeeded__C             
0     003f4f92  _xdc_runtime_HeapStd_Module__FXNS__C                      
0     003f4fa6  _ti_sysbios_gates_GateHwi_Module__FXNS__C                 
0     003f4fb8  _xdc_runtime_LoggerBuf_Object__PARAMS__C                  
0     003f4fca  _xdc_runtime_Startup_sfxnTab__A                           
0     003f4fdc  _ti_sysbios_gates_GateHwi_Object__DESC__C                 
0     003f4fec  _xdc_runtime_HeapStd_Object__DESC__C                      
0     003f4ffc  _xdc_runtime_LoggerBuf_Object__DESC__C                    
0     003f500c  _coeff1                                                   
0     003f501b  _coeff2                                                   
0     003f502a  _coeff3                                                   
0     003f5039  _coeff4                                                   
0     003f5048  _xdc_runtime_HeapStd_Object__PARAMS__C                    
0     003f5056  _ti_sysbios_gates_GateHwi_Object__PARAMS__C               
0     003f5062  _xdc_runtime_Startup_sfxnRts__A                           
0     003f506b  _ti_sysbios_hal_Hwi_Module__id__C                         
0     003f506c  _SWIFilter                                                
0     003f506e  _hwi0                                                     
0     003f5070  _hwi1                                                     
0     003f5072  _fft_timer                                                
0     003f5079  _ti_sysbios_knl_Swi_Object__count__C                      
0     003f507a  _ti_sysbios_knl_Idle_funcList__A                          
0     003f507e  _ti_sysbios_knl_Idle_funcList__C                          
0     003f5082  _xdc_runtime_Startup_firstFxns__C                         
0     003f5086  _xdc_runtime_Startup_lastFxns__C                          
0     003f508a  _ti_sysbios_family_c28_Hwi_A_badIntNum__C                 
0     003f508c  _ti_sysbios_family_c28_Hwi_A_invalidArg__C                
0     003f508e  _ti_sysbios_family_c28_Hwi_E_unpluggedInterrupt__C        
0     003f5090  _ti_sysbios_family_c28_Hwi_Module__diagsEnabled__C        
0     003f5092  _ti_sysbios_family_c28_Hwi_Module__diagsIncluded__C       
0     003f5094  _ti_sysbios_family_c28_Hwi_Module__diagsMask__C           
0     003f5096  _ti_sysbios_family_c28_TaskSupport_E_invalidStack__C      
0     003f5098  _ti_sysbios_hal_Hwi_E_stackOverflow__C                    
0     003f509a  _ti_sysbios_knl_Task_E_spOutOfBounds__C                   
0     003f509c  _ti_sysbios_knl_Task_E_stackOverflow__C                   
0     003f509e  _ti_sysbios_knl_Task_Module_State_inactiveQ__O            
0     003f50a0  _ti_sysbios_knl_Task_allBlockedFunc__C                    
0     003f50a2  _xdc_runtime_Assert_E_assertFailed__C                     
0     003f50a4  _xdc_runtime_Core_A_initializedParams__C                  
0     003f50a6  _xdc_runtime_Core_Module__diagsEnabled__C                 
0     003f50a8  _xdc_runtime_Core_Module__diagsIncluded__C                
0     003f50aa  _xdc_runtime_Core_Module__diagsMask__C                    
0     003f50ac  _xdc_runtime_Error_E_memory__C                            
0     003f50ae  _xdc_runtime_Error_Module__diagsEnabled__C                
0     003f50b0  _xdc_runtime_Error_Module__diagsIncluded__C               
0     003f50b2  _xdc_runtime_Error_Module__diagsMask__C                   
0     003f50b4  _xdc_runtime_Error_Module__loggerFxn8__C                  
0     003f50b6  _xdc_runtime_Error_Module__loggerObj__C                   
0     003f50b8  _xdc_runtime_Error_policyFxn__C                           
0     003f50ba  _xdc_runtime_Error_raiseHook__C                           
0     003f50bc  _xdc_runtime_HeapStd_A_align__C                           
0     003f50be  _xdc_runtime_HeapStd_A_invalidTotalFreeSize__C            
0     003f50c0  _xdc_runtime_HeapStd_A_zeroSize__C                        
0     003f50c2  _xdc_runtime_HeapStd_E_noRTSMemory__C                     
0     003f50c4  _xdc_runtime_HeapStd_Module__diagsEnabled__C              
0     003f50c6  _xdc_runtime_HeapStd_Module__diagsIncluded__C             
0     003f50c8  _xdc_runtime_HeapStd_Module__diagsMask__C                 
0     003f50ca  _xdc_runtime_IFilterLogger_Interface__BASE__C             
0     003f50cc  _xdc_runtime_IGateProvider_Interface__BASE__C             
0     003f50ce  _xdc_runtime_IHeap_Interface__BASE__C                     
0     003f50d0  _xdc_runtime_ILogger_Interface__BASE__C                   
0     003f50d2  _xdc_runtime_IModule_Interface__BASE__C                   
0     003f50d4  _xdc_runtime_Log_L_error__C                               
0     003f50d6  _xdc_runtime_LoggerBuf_E_badLevel__C                      
0     003f50d8  _xdc_runtime_LoggerBuf_Module__gateObj__C                 
0     003f50da  _xdc_runtime_LoggerBuf_statusLogger__C                    
0     003f50dc  _xdc_runtime_Memory_defaultHeapInstance__C                
0     003f50de  _xdc_runtime_Startup_execImpl__C                          
0     003f50e0  _xdc_runtime_Startup_firstFxns__A                         
0     003f50e2  _xdc_runtime_Startup_lastFxns__A                          
0     003f50e4  _xdc_runtime_Startup_sfxnRts__C                           
0     003f50e6  _xdc_runtime_Startup_sfxnTab__C                           
0     003f50e8  _xdc_runtime_SysMin_bufSize__C                            
0     003f50ea  _xdc_runtime_SysMin_outputFunc__C                         
0     003f50ec  _xdc_runtime_System_Module__gateObj__C                    
0     003f50ee  _xdc_runtime_System_abortFxn__C                           
0     003f50f0  _xdc_runtime_System_exitFxn__C                            
0     003f50f2  _xdc_runtime_System_extendFxn__C                          
0     003f50f4  _xdc_runtime_Text_charTab__C                              
0     003f50f6  _xdc_runtime_Text_nameEmpty__C                            
0     003f50f8  _xdc_runtime_Text_nameStatic__C                           
0     003f50fa  _xdc_runtime_Text_nameUnknown__C                          
0     003f50fc  _xdc_runtime_Text_nodeTab__C                              
0     003f50fe  _xdc_runtime_Text_visitRopeFxn__C                         
0     003f5100  _ti_sysbios_knl_Task_Module__id__C                        
0     003f5101  _ti_sysbios_knl_Task_Object__count__C                     
0     003f5102  _ti_sysbios_knl_Task_numConstructedTasks__C               
0     003f5103  _xdc_runtime_Core_Module__id__C                           
0     003f5104  _xdc_runtime_Error_Module__loggerDefined__C               
0     003f5105  _xdc_runtime_Error_maxDepth__C                            
0     003f5106  _xdc_runtime_Error_policy__C                              
0     003f5107  _xdc_runtime_HeapStd_Module__id__C                        
0     003f5108  _xdc_runtime_LoggerBuf_Module__id__C                      
0     003f5109  _xdc_runtime_LoggerBuf_Object__count__C                   
0     003f510a  _xdc_runtime_LoggerBuf_filterByLevel__C                   
0     003f510b  _xdc_runtime_Memory_Module__id__C                         
0     003f510c  _xdc_runtime_Startup_maxPasses__C                         
0     003f510d  _xdc_runtime_SysMin_flushAtExit__C                        
0     003f510e  _xdc_runtime_System_maxAtexitHandlers__C                  
0     003f510f  _xdc_runtime_Text_charCnt__C                              
0     003f5110  _xdc_runtime_Text_isLoaded__C                             
0     003f5111  _xdc_runtime_Text_registryModsLastId__C                   
0     003f5112  _xdc_runtime_Text_unnamedModsLastId__C                    
0     003f5113  ___cinit__                                                
0     003f5113  cinit                                                     
1     00000000  _xdc_runtime_Error_Module__state__V                       
1     00000002  _xdc_runtime_HeapStd_Module__state__V                     
1     00000004  ___xdc__init__addr                                        
1     00000006  _xdc_runtime_Memory_Module__state__V                      
1     00000008  _ti_sysbios_knl_Task_Module_State_0_idleTask__A           
1     0000000a  _ti_sysbios_gates_GateHwi_Object__table__V                
1     0000000c  _xdc_runtime_LoggerBuf_Module__state__V                   
1     00000010  _ti_sysbios_family_c28_Timer_Module__root__V              
1     00000014  _xdc_runtime_SysMin_Module__state__V                      
1     00000018  _xdc_runtime_Registry_Module__state__V                    
1     0000001c  _xdc_runtime_Startup_Module__state__V                     
1     00000020  _ti_sysbios_gates_GateHwi_Module__root__V                 
1     00000024  _xdc_runtime_System_Module__state__V                      
1     00000028  _ti_sysbios_family_c28_TimestampProvider_Module__state__V 
1     0000002c  _ti_sysbios_hal_Hwi_Module__root__V                       
1     00000030  _ti_sysbios_knl_Task_Module__root__V                      
1     00000034  _xdc_runtime_Text_Module__state__V                        
1     00000038  _ti_sysbios_knl_Queue_Module__root__V                     
1     0000003c  _ti_sysbios_knl_Swi_Module__root__V                       
1     00000040  _ti_sysbios_family_c28_Hwi_Module__root__V                
1     00000044  _xdc_runtime_LoggerBuf_Module__root__V                    
1     00000048  _xdc_runtime_HeapStd_Module__root__V                      
1     0000004c  _xdc_runtime_GateNull_Module__root__V                     
1     00000050  _xdc_runtime_HeapStd_Object__table__V                     
1     00000056  _xdc_runtime_System_Module_State_0_atexitHandlers__A      
1     0000005e  _ti_sysbios_family_c28_Timer_Module__state__V             
1     00000066  _ti_sysbios_knl_Swi_Module__state__V                      
1     00000080  _ti_sysbios_family_c28_Hwi_Module__state__V               
1     00000090  _xdc_runtime_Error_IgnoreBlock                            
1     000000a0  _ti_sysbios_BIOS_Module__state__V                         
1     000000c0  _xdc_runtime_LoggerBuf_Object__table__V                   
1     000000d2  _ti_sysbios_knl_Swi_Object__table__V                      
1     00000100  _ti_sysbios_knl_Task_Module__state__V                     
1     00000140  _ti_sysbios_knl_Task_Object__table__V                     
1     00000180  _ti_sysbios_knl_Task_Module_State_0_readyQ__A             
1     000001c0  _ti_sysbios_knl_Swi_Module_State_0_readyQ__A              
1     00000200  _ti_sysbios_family_c28_Timer_Object__table__V             
1     00000280  _ti_sysbios_family_c28_Hwi_Object__table__V               
1     00000300  _xdc_runtime_SysMin_Module_State_0_outbuf__A              
1     00000380  _xdc_runtime_LoggerBuf_Instance_State_0_entryArr__A       
1     00000480  _ti_sysbios_family_c28_Hwi_Module_State_0_dispatchTable__A
1     00000580  _ti_sysbios_knl_Task_Instance_State_0_stack__A            
1     00000680  _yn3                                                      
1     00000681  _yn2                                                      
1     00000682  _yn                                                       
1     00000683  _xn                                                       
1     00000684  _newsample2                                               
1     00000685  _yn4                                                      
1     00000686  _yn1                                                      
1     00000687  _ind                                                      
1     00000688  _n                                                        
1     00000689  _count                                                    
1     0000068a  _f                                                        
1     0000068b  _k                                                        
1     0000068c  _fft_flag                                                 
1     0000068d  _i                                                        
1     0000068e  _isrFlag                                                  
1     0000068f  _newsample1                                               
1     00000690  _tickCount                                                
1     00000691  _gain                                                     
1     00000696  _rfft                                                     
1     000006ae  _parmbuf                                                  
1     000006b6  ___TI_enable_exit_profile_output                          
1     000006b8  ___TI_cleanup_ptr                                         
1     000006ba  ___TI_dtors_ptr                                           
1     000006bc  __lock                                                    
1     000006be  __unlock                                                  
1     000006c0  __stack                                                   
1     000007c0  __STACK_END                                               
1     000007c0  _fftout1                                                  
1     00000880  _DevEmuRegs                                               
1     00000985  _SysPwrCtrlRegs                                           
1     00000a80  _FlashRegs                                                
1     00000ae0  _CsmRegs                                                  
1     00000b00  _AdcResult                                                
1     00000c00  _CpuTimer0Regs                                            
1     00000c08  _CpuTimer1Regs                                            
1     00000c10  _CpuTimer2Regs                                            
1     00000ce0  _PieCtrlRegs                                              
1     00006400  _Comp1Regs                                                
1     00006420  _Comp2Regs                                                
1     00006800  _EPwm1Regs                                                
1     00006840  _EPwm2Regs                                                
1     00006880  _EPwm3Regs                                                
1     000068c0  _EPwm4Regs                                                
1     00006a00  _ECap1Regs                                                
1     00006f80  _GpioCtrlRegs                                             
1     00006fc0  _GpioDataRegs                                             
1     00006fe0  _GpioIntRegs                                              
1     00007010  _SysCtrlRegs                                              
1     00007040  _SpiaRegs                                                 
1     00007050  _SciaRegs                                                 
1     00007060  _NmiIntruptRegs                                           
1     00007070  _XIntruptRegs                                             
1     00007100  _AdcRegs                                                  
1     00007900  _I2caRegs                                                 
1     00008000  _RamfuncsLoadEnd                                          
1     00008000  _RamfuncsLoadStart                                        
1     00008000  _RamfuncsRunStart                                         
1     00008000  __CIOBUF_                                                 
1     00008140  _fftin1                                                   
1     00008180  _fftmag                                                   
1     00008400  _iir3                                                     
1     0000840e  _iir1                                                     
1     0000841c  _iir2                                                     
1     0000842a  _iir4                                                     
1     00008800  _dbuffer1                                                 
1     00008806  _dbuffer4                                                 
1     0000880c  _dbuffer3                                                 
1     00008812  _dbuffer2                                                 
1     003d7fff  _PartIdRegs                                               
1     003f7ff8  _CsmPwl                                                   
abs   00000000  _RamfuncsLoadSize                                         
abs   00000001  _xdc_runtime_Startup__EXECFXN__C                          
abs   00000001  _xdc_runtime_Startup__RESETFXN__C                         
abs   00000100  __STACK_SIZE                                              
abs   ffffffff  ___TI_pprof_out_hndl                                      
abs   ffffffff  ___TI_prof_data_size                                      
abs   ffffffff  ___TI_prof_data_start                                     
abs   ffffffff  ___binit__                                                
abs   ffffffff  ___c_args__                                               
abs   ffffffff  ___pinit__                                                
abs   ffffffff  binit                                                     
abs   ffffffff  pinit                                                     

[502 symbols]
