******************************************************************************
             TMS320C2000 Linker PC v18.1.8                     
******************************************************************************
>> Linked Tue Dec  1 20:02:31 2020

OUTPUT FILE NAME:   <acoustic_calibrator.out>
ENTRY POINT SYMBOL: "_c_int00"  address: 003f11d8


MEMORY CONFIGURATION

         name            origin    length      used     unused   attr    fill
----------------------  --------  ---------  --------  --------  ----  --------
PAGE 0:
  OTP                   003d7800   00000400  00000000  00000400  RWIX
  FLASH                 003f0000   00007f80  00005829  00002757  RWIX
  CSM_RSVD              003f7f80   00000076  00000000  00000076  RWIX
  BEGIN                 003f7ff6   00000002  00000000  00000002  RWIX
  CSM_PWL               003f7ff8   00000008  00000000  00000008  RWIX
  IQTABLES              003fe000   00000b50  00000000  00000b50  RWIX
  IQTABLES2             003feb50   0000008c  00000000  0000008c  RWIX
  IQTABLES3             003febdc   000000aa  00000000  000000aa  RWIX
  ROM                   003ff27c   00000d44  00000000  00000d44  RWIX
  RESET                 003fffc0   00000002  00000000  00000002  RWIX
  VECTORS               003fffc2   0000003e  00000000  0000003e  RWIX

PAGE 1:
  M01SARAM              00000000   00000800  00000800  00000000  RWIX
  DEV_EMU               00000880   00000105  00000004  00000101  RWIX
  SYS_PWR_CTL           00000985   00000003  00000003  00000000  RWIX
  FLASH_REGS            00000a80   00000060  00000008  00000058  RWIX
  CSM                   00000ae0   00000010  00000010  00000000  RWIX
  ADC_RESULT            00000b00   00000020  00000020  00000000  RWIX
  CPU_TIMER0            00000c00   00000008  00000008  00000000  RWIX
  CPU_TIMER1            00000c08   00000008  00000008  00000000  RWIX
  CPU_TIMER2            00000c10   00000008  00000008  00000000  RWIX
  PIE_CTRL              00000ce0   00000020  0000001a  00000006  RWIX
  PIEVECT               00000d00   00000100  00000000  00000100  RWIX
  COMP1                 00006400   00000020  00000020  00000000  RWIX
  COMP2                 00006420   00000020  00000020  00000000  RWIX
  EPWM1                 00006800   00000040  00000040  00000000  RWIX
  EPWM2                 00006840   00000040  00000040  00000000  RWIX
  EPWM3                 00006880   00000040  00000040  00000000  RWIX
  EPWM4                 000068c0   00000040  00000040  00000000  RWIX
  ECAP1                 00006a00   00000020  00000020  00000000  RWIX
  GPIOCTRL              00006f80   00000040  00000040  00000000  RWIX
  GPIODAT               00006fc0   00000020  00000020  00000000  RWIX
  GPIOINT               00006fe0   00000020  0000000a  00000016  RWIX
  SYSTEM                00007010   00000020  0000001f  00000001  RWIX
  SPIA                  00007040   00000010  00000010  00000000  RWIX
  SCIA                  00007050   00000010  00000010  00000000  RWIX
  NMIINTRUPT            00007060   00000010  00000010  00000000  RWIX
  XINTRUPT              00007070   00000010  00000010  00000000  RWIX
  ADC                   00007100   00000080  00000051  0000002f  RWIX
  I2CA                  00007900   00000040  00000022  0000001e  RWIX
  L0SARAM               00008000   00001000  00000330  00000cd0  RWIX
  PARTID                003d7fff   00000001  00000001  00000000  RWIX
  CSM_PWL               003f7ff8   00000008  00000008  00000000  RWIX


SECTION ALLOCATION MAP

 output                                  attributes/
section   page    origin      length       input sections
--------  ----  ----------  ----------   ----------------
PieVectTableFile 
*          0    00000d00    00000100     DSECT
                  00000d00    00000100     F2802x_GlobalVariableDefs.obj (PieVectTableFile)

EmuKeyVar 
*          0    00000d00    00000001     DSECT
                  00000d00    00000001     F2802x_GlobalVariableDefs.obj (EmuKeyVar)

EmuBModeVar 
*          0    00000d01    00000001     DSECT
                  00000d01    00000001     F2802x_GlobalVariableDefs.obj (EmuBModeVar)

FlashCallbackVar 
*          0    00000d02    00000002     DSECT
                  00000d02    00000002     F2802x_GlobalVariableDefs.obj (FlashCallbackVar)

FlashScalingVar 
*          0    00000d04    00000002     DSECT
                  00000d04    00000002     F2802x_GlobalVariableDefs.obj (FlashScalingVar)

.econst    0    003f2346    00001861     
                  003f2346    000013ce     idle_p28L.o28L (.econst:xdc_runtime_Text_charTab__A)
                  003f3714    00000100     idle_p28L.o28L (.econst:_ti_sysbios_family_c28_Hwi_vectors)
                  003f3814    0000006b     idle_p28L.o28L (.econst:.string)
                  003f387f    00000001     idle_p28L.o28L (.econst:ti_sysbios_family_c28_Hwi_Module__id__C)
                  003f3880    00000058     ti.targets.rts2800.a28L : Error.o28L (.econst:.string)
                  003f38d8    0000004e     idle_p28L.o28L (.econst:xdc_runtime_Text_nodeTab__A)
                  003f3926    00000047     ti.targets.rts2800.a28L : Log.o28L (.econst:.string)
                  003f396d    00000001     idle_p28L.o28L (.econst:ti_sysbios_family_c28_Hwi_NUM_INTERRUPTS_ALL__C)
                  003f396e    00000043     ti.targets.rts2800.a28L : Text.o28L (.econst:.string)
                  003f39b1    00000001     idle_p28L.o28L (.econst:ti_sysbios_family_c28_Hwi_Object__count__C)
                  003f39b2    0000002a     ti.targets.rts2800.a28L : Startup.o28L (.econst:.string)
                  003f39dc    0000001e     idle_p28L.o28L (.econst:xdc_runtime_LoggerBuf_Module__FXNS__C)
                  003f39fa    00000019     ti.targets.rts2800.a28L : System.o28L (.econst:.string)
                  003f3a13    00000001     idle_p28L.o28L (.econst:ti_sysbios_family_c28_TaskSupport_Module__id__C)
                  003f3a14    00000014     idle_p28L.o28L (.econst:xdc_runtime_HeapStd_Module__FXNS__C)
                  003f3a28    00000012     idle_p28L.o28L (.econst:ti_sysbios_gates_GateHwi_Module__FXNS__C)
                  003f3a3a    00000012     idle_p28L.o28L (.econst:xdc_runtime_LoggerBuf_Object__PARAMS__C)
                  003f3a4c    00000012     idle_p28L.o28L (.econst:xdc_runtime_Startup_sfxnTab__A)
                  003f3a5e    00000010     idle_p28L.o28L (.econst:ti_sysbios_gates_GateHwi_Object__DESC__C)
                  003f3a6e    00000010     idle_p28L.o28L (.econst:xdc_runtime_HeapStd_Object__DESC__C)
                  003f3a7e    00000010     idle_p28L.o28L (.econst:xdc_runtime_LoggerBuf_Object__DESC__C)
                  003f3a8e    0000000f     idle.obj (.econst:_coeff1)
                  003f3a9d    0000000f     idle.obj (.econst:_coeff2)
                  003f3aac    0000000f     idle.obj (.econst:_coeff3)
                  003f3abb    0000000f     idle.obj (.econst:_coeff4)
                  003f3aca    0000000e     idle_p28L.o28L (.econst:xdc_runtime_HeapStd_Object__PARAMS__C)
                  003f3ad8    0000000c     idle_p28L.o28L (.econst:ti_sysbios_gates_GateHwi_Object__PARAMS__C)
                  003f3ae4    0000000a     idle_p28L.o28L (.econst)
                  003f3aee    00000009     idle_p28L.o28L (.econst:xdc_runtime_Startup_sfxnRts__A)
                  003f3af7    00000001     idle_p28L.o28L (.econst:ti_sysbios_family_c28_Timer_startupNeeded__C)
                  003f3af8    00000005     ti.targets.rts2800.a28L : Assert.o28L (.econst:.string)
                  003f3afd    00000001     idle_p28L.o28L (.econst:ti_sysbios_hal_Hwi_Module__id__C)
                  003f3afe    00000004     idle_p28L.o28L (.econst:ti_sysbios_knl_Idle_funcList__A)
                  003f3b02    00000004     idle_p28L.o28L (.econst:ti_sysbios_knl_Idle_funcList__C)
                  003f3b06    00000004     idle_p28L.o28L (.econst:xdc_runtime_Startup_firstFxns__C)
                  003f3b0a    00000004     idle_p28L.o28L (.econst:xdc_runtime_Startup_lastFxns__C)
                  003f3b0e    00000002     idle_p28L.o28L (.econst:ti_sysbios_family_c28_Hwi_A_badIntNum__C)
                  003f3b10    00000002     idle_p28L.o28L (.econst:ti_sysbios_family_c28_Hwi_A_invalidArg__C)
                  003f3b12    00000002     idle_p28L.o28L (.econst:ti_sysbios_family_c28_Hwi_E_unpluggedInterrupt__C)
                  003f3b14    00000002     idle_p28L.o28L (.econst:ti_sysbios_family_c28_Hwi_Module__diagsEnabled__C)
                  003f3b16    00000002     idle_p28L.o28L (.econst:ti_sysbios_family_c28_Hwi_Module__diagsIncluded__C)
                  003f3b18    00000002     idle_p28L.o28L (.econst:ti_sysbios_family_c28_Hwi_Module__diagsMask__C)
                  003f3b1a    00000002     idle_p28L.o28L (.econst:ti_sysbios_family_c28_TaskSupport_E_invalidStack__C)
                  003f3b1c    00000002     idle_p28L.o28L (.econst:ti_sysbios_hal_Hwi_E_stackOverflow__C)
                  003f3b1e    00000002     idle_p28L.o28L (.econst:ti_sysbios_knl_Semaphore_A_badContext__C)
                  003f3b20    00000002     idle_p28L.o28L (.econst:ti_sysbios_knl_Semaphore_A_overflow__C)
                  003f3b22    00000002     idle_p28L.o28L (.econst:ti_sysbios_knl_Semaphore_A_pendTaskDisabled__C)
                  003f3b24    00000002     idle_p28L.o28L (.econst:ti_sysbios_knl_Semaphore_Instance_State_pendQ__O)
                  003f3b26    00000002     idle_p28L.o28L (.econst:ti_sysbios_knl_Semaphore_Module__diagsEnabled__C)
                  003f3b28    00000002     idle_p28L.o28L (.econst:ti_sysbios_knl_Semaphore_Module__diagsIncluded__C)
                  003f3b2a    00000002     idle_p28L.o28L (.econst:ti_sysbios_knl_Semaphore_Module__diagsMask__C)
                  003f3b2c    00000002     idle_p28L.o28L (.econst:ti_sysbios_knl_Task_E_spOutOfBounds__C)
                  003f3b2e    00000002     idle_p28L.o28L (.econst:ti_sysbios_knl_Task_E_stackOverflow__C)
                  003f3b30    00000002     idle_p28L.o28L (.econst:ti_sysbios_knl_Task_Module_State_inactiveQ__O)
                  003f3b32    00000002     idle_p28L.o28L (.econst:ti_sysbios_knl_Task_allBlockedFunc__C)
                  003f3b34    00000002     idle_p28L.o28L (.econst:xdc_runtime_Assert_E_assertFailed__C)
                  003f3b36    00000002     idle_p28L.o28L (.econst:xdc_runtime_Core_A_initializedParams__C)
                  003f3b38    00000002     idle_p28L.o28L (.econst:xdc_runtime_Core_Module__diagsEnabled__C)
                  003f3b3a    00000002     idle_p28L.o28L (.econst:xdc_runtime_Core_Module__diagsIncluded__C)
                  003f3b3c    00000002     idle_p28L.o28L (.econst:xdc_runtime_Core_Module__diagsMask__C)
                  003f3b3e    00000002     idle_p28L.o28L (.econst:xdc_runtime_Error_E_memory__C)
                  003f3b40    00000002     idle_p28L.o28L (.econst:xdc_runtime_Error_Module__diagsEnabled__C)
                  003f3b42    00000002     idle_p28L.o28L (.econst:xdc_runtime_Error_Module__diagsIncluded__C)
                  003f3b44    00000002     idle_p28L.o28L (.econst:xdc_runtime_Error_Module__diagsMask__C)
                  003f3b46    00000002     idle_p28L.o28L (.econst:xdc_runtime_Error_Module__loggerFxn8__C)
                  003f3b48    00000002     idle_p28L.o28L (.econst:xdc_runtime_Error_Module__loggerObj__C)
                  003f3b4a    00000002     idle_p28L.o28L (.econst:xdc_runtime_Error_policyFxn__C)
                  003f3b4c    00000002     idle_p28L.o28L (.econst:xdc_runtime_Error_raiseHook__C)
                  003f3b4e    00000002     idle_p28L.o28L (.econst:xdc_runtime_HeapStd_A_align__C)
                  003f3b50    00000002     idle_p28L.o28L (.econst:xdc_runtime_HeapStd_A_invalidTotalFreeSize__C)
                  003f3b52    00000002     idle_p28L.o28L (.econst:xdc_runtime_HeapStd_A_zeroSize__C)
                  003f3b54    00000002     idle_p28L.o28L (.econst:xdc_runtime_HeapStd_E_noRTSMemory__C)
                  003f3b56    00000002     idle_p28L.o28L (.econst:xdc_runtime_HeapStd_Module__diagsEnabled__C)
                  003f3b58    00000002     idle_p28L.o28L (.econst:xdc_runtime_HeapStd_Module__diagsIncluded__C)
                  003f3b5a    00000002     idle_p28L.o28L (.econst:xdc_runtime_HeapStd_Module__diagsMask__C)
                  003f3b5c    00000002     idle_p28L.o28L (.econst:xdc_runtime_IFilterLogger_Interface__BASE__C)
                  003f3b5e    00000002     idle_p28L.o28L (.econst:xdc_runtime_IGateProvider_Interface__BASE__C)
                  003f3b60    00000002     idle_p28L.o28L (.econst:xdc_runtime_IHeap_Interface__BASE__C)
                  003f3b62    00000002     idle_p28L.o28L (.econst:xdc_runtime_ILogger_Interface__BASE__C)
                  003f3b64    00000002     idle_p28L.o28L (.econst:xdc_runtime_IModule_Interface__BASE__C)
                  003f3b66    00000002     idle_p28L.o28L (.econst:xdc_runtime_Log_L_error__C)
                  003f3b68    00000002     idle_p28L.o28L (.econst:xdc_runtime_LoggerBuf_E_badLevel__C)
                  003f3b6a    00000002     idle_p28L.o28L (.econst:xdc_runtime_LoggerBuf_Module__gateObj__C)
                  003f3b6c    00000002     idle_p28L.o28L (.econst:xdc_runtime_LoggerBuf_statusLogger__C)
                  003f3b6e    00000002     idle_p28L.o28L (.econst:xdc_runtime_Memory_defaultHeapInstance__C)
                  003f3b70    00000002     idle_p28L.o28L (.econst:xdc_runtime_Startup_execImpl__C)
                  003f3b72    00000002     idle_p28L.o28L (.econst:xdc_runtime_Startup_firstFxns__A)
                  003f3b74    00000002     idle_p28L.o28L (.econst:xdc_runtime_Startup_lastFxns__A)
                  003f3b76    00000002     idle_p28L.o28L (.econst:xdc_runtime_Startup_sfxnRts__C)
                  003f3b78    00000002     idle_p28L.o28L (.econst:xdc_runtime_Startup_sfxnTab__C)
                  003f3b7a    00000002     idle_p28L.o28L (.econst:xdc_runtime_SysMin_bufSize__C)
                  003f3b7c    00000002     idle_p28L.o28L (.econst:xdc_runtime_SysMin_outputFunc__C)
                  003f3b7e    00000002     idle_p28L.o28L (.econst:xdc_runtime_System_Module__gateObj__C)
                  003f3b80    00000002     idle_p28L.o28L (.econst:xdc_runtime_System_abortFxn__C)
                  003f3b82    00000002     idle_p28L.o28L (.econst:xdc_runtime_System_exitFxn__C)
                  003f3b84    00000002     idle_p28L.o28L (.econst:xdc_runtime_System_extendFxn__C)
                  003f3b86    00000002     idle_p28L.o28L (.econst:xdc_runtime_Text_charTab__C)
                  003f3b88    00000002     idle_p28L.o28L (.econst:xdc_runtime_Text_nameEmpty__C)
                  003f3b8a    00000002     idle_p28L.o28L (.econst:xdc_runtime_Text_nameStatic__C)
                  003f3b8c    00000002     idle_p28L.o28L (.econst:xdc_runtime_Text_nameUnknown__C)
                  003f3b8e    00000002     idle_p28L.o28L (.econst:xdc_runtime_Text_nodeTab__C)
                  003f3b90    00000002     idle_p28L.o28L (.econst:xdc_runtime_Text_visitRopeFxn__C)
                  003f3b92    00000001     idle_p28L.o28L (.econst:ti_sysbios_knl_Semaphore_Module__id__C)
                  003f3b93    00000001     idle_p28L.o28L (.econst:ti_sysbios_knl_Swi_Object__count__C)
                  003f3b94    00000001     idle_p28L.o28L (.econst:ti_sysbios_knl_Task_Module__id__C)
                  003f3b95    00000001     idle_p28L.o28L (.econst:ti_sysbios_knl_Task_Object__count__C)
                  003f3b96    00000001     idle_p28L.o28L (.econst:ti_sysbios_knl_Task_numConstructedTasks__C)
                  003f3b97    00000001     idle_p28L.o28L (.econst:xdc_runtime_Core_Module__id__C)
                  003f3b98    00000001     idle_p28L.o28L (.econst:xdc_runtime_Error_Module__loggerDefined__C)
                  003f3b99    00000001     idle_p28L.o28L (.econst:xdc_runtime_Error_maxDepth__C)
                  003f3b9a    00000001     idle_p28L.o28L (.econst:xdc_runtime_Error_policy__C)
                  003f3b9b    00000001     idle_p28L.o28L (.econst:xdc_runtime_HeapStd_Module__id__C)
                  003f3b9c    00000001     idle_p28L.o28L (.econst:xdc_runtime_LoggerBuf_Module__id__C)
                  003f3b9d    00000001     idle_p28L.o28L (.econst:xdc_runtime_LoggerBuf_Object__count__C)
                  003f3b9e    00000001     idle_p28L.o28L (.econst:xdc_runtime_LoggerBuf_filterByLevel__C)
                  003f3b9f    00000001     idle_p28L.o28L (.econst:xdc_runtime_Memory_Module__id__C)
                  003f3ba0    00000001     idle_p28L.o28L (.econst:xdc_runtime_Startup_maxPasses__C)
                  003f3ba1    00000001     idle_p28L.o28L (.econst:xdc_runtime_SysMin_flushAtExit__C)
                  003f3ba2    00000001     idle_p28L.o28L (.econst:xdc_runtime_System_maxAtexitHandlers__C)
                  003f3ba3    00000001     idle_p28L.o28L (.econst:xdc_runtime_Text_charCnt__C)
                  003f3ba4    00000001     idle_p28L.o28L (.econst:xdc_runtime_Text_isLoaded__C)
                  003f3ba5    00000001     idle_p28L.o28L (.econst:xdc_runtime_Text_registryModsLastId__C)
                  003f3ba6    00000001     idle_p28L.o28L (.econst:xdc_runtime_Text_unnamedModsLastId__C)

.cinit     0    003f53a8    00000467     
                  003f53a8    000003da     idle_p28L.o28L (.cinit)
                  003f5782    00000073     idle.obj (.cinit)
                  003f57f5    0000000e     rts2800_ml.lib : exit.c.obj (.cinit)
                  003f5803    00000005                    : _lock.c.obj (.cinit:__lock)
                  003f5808    00000005                    : _lock.c.obj (.cinit:__unlock)
                  003f580d    00000002     --HOLE-- [fill = 0]

.switch    0    003f5810    0000001c     
                  003f5810    0000001c     sysbios.a28L : BIOS.obj (.switch:_ti_sysbios_family_c28_Hwi_clearInterrupt__E)

.ebss      1    00000000    00000800     UNINITIALIZED
                  00000000    000005c0     idle_p28L.o28L (.ebss)
                  000005c0    00000200     idle_p28L.o28L (.ebss:taskStackSection)
                  000007c0    0000002e     idle.obj (.ebss)
                  000007ee    00000008     rts2800_ml.lib : hostopen.c.obj (.ebss)
                  000007f6    00000006                    : exit.c.obj (.ebss)
                  000007fc    00000002                    : _lock.c.obj (.ebss:__lock)
                  000007fe    00000002                    : _lock.c.obj (.ebss:__unlock)

DevEmuRegsFile 
*          1    00000880    00000004     UNINITIALIZED
                  00000880    00000004     F2802x_GlobalVariableDefs.obj (DevEmuRegsFile)

SysPwrCtrlRegsFile 
*          1    00000985    00000003     UNINITIALIZED
                  00000985    00000003     F2802x_GlobalVariableDefs.obj (SysPwrCtrlRegsFile)

FlashRegsFile 
*          1    00000a80    00000008     UNINITIALIZED
                  00000a80    00000008     F2802x_GlobalVariableDefs.obj (FlashRegsFile)

CsmRegsFile 
*          1    00000ae0    00000010     UNINITIALIZED
                  00000ae0    00000010     F2802x_GlobalVariableDefs.obj (CsmRegsFile)

AdcResultFile 
*          1    00000b00    00000020     UNINITIALIZED
                  00000b00    00000020     F2802x_GlobalVariableDefs.obj (AdcResultFile)

CpuTimer0RegsFile 
*          1    00000c00    00000008     UNINITIALIZED
                  00000c00    00000008     F2802x_GlobalVariableDefs.obj (CpuTimer0RegsFile)

CpuTimer1RegsFile 
*          1    00000c08    00000008     UNINITIALIZED
                  00000c08    00000008     F2802x_GlobalVariableDefs.obj (CpuTimer1RegsFile)

CpuTimer2RegsFile 
*          1    00000c10    00000008     UNINITIALIZED
                  00000c10    00000008     F2802x_GlobalVariableDefs.obj (CpuTimer2RegsFile)

PieCtrlRegsFile 
*          1    00000ce0    0000001a     UNINITIALIZED
                  00000ce0    0000001a     F2802x_GlobalVariableDefs.obj (PieCtrlRegsFile)

Comp1RegsFile 
*          1    00006400    00000020     UNINITIALIZED
                  00006400    00000020     F2802x_GlobalVariableDefs.obj (Comp1RegsFile)

Comp2RegsFile 
*          1    00006420    00000020     UNINITIALIZED
                  00006420    00000020     F2802x_GlobalVariableDefs.obj (Comp2RegsFile)

EPwm1RegsFile 
*          1    00006800    00000040     UNINITIALIZED
                  00006800    00000040     F2802x_GlobalVariableDefs.obj (EPwm1RegsFile)

EPwm2RegsFile 
*          1    00006840    00000040     UNINITIALIZED
                  00006840    00000040     F2802x_GlobalVariableDefs.obj (EPwm2RegsFile)

EPwm3RegsFile 
*          1    00006880    00000040     UNINITIALIZED
                  00006880    00000040     F2802x_GlobalVariableDefs.obj (EPwm3RegsFile)

EPwm4RegsFile 
*          1    000068c0    00000040     UNINITIALIZED
                  000068c0    00000040     F2802x_GlobalVariableDefs.obj (EPwm4RegsFile)

ECap1RegsFile 
*          1    00006a00    00000020     UNINITIALIZED
                  00006a00    00000020     F2802x_GlobalVariableDefs.obj (ECap1RegsFile)

GpioCtrlRegsFile 
*          1    00006f80    00000040     UNINITIALIZED
                  00006f80    00000040     F2802x_GlobalVariableDefs.obj (GpioCtrlRegsFile)

GpioDataRegsFile 
*          1    00006fc0    00000020     UNINITIALIZED
                  00006fc0    00000020     F2802x_GlobalVariableDefs.obj (GpioDataRegsFile)

GpioIntRegsFile 
*          1    00006fe0    0000000a     UNINITIALIZED
                  00006fe0    0000000a     F2802x_GlobalVariableDefs.obj (GpioIntRegsFile)

SysCtrlRegsFile 
*          1    00007010    0000001f     UNINITIALIZED
                  00007010    0000001f     F2802x_GlobalVariableDefs.obj (SysCtrlRegsFile)

SpiaRegsFile 
*          1    00007040    00000010     UNINITIALIZED
                  00007040    00000010     F2802x_GlobalVariableDefs.obj (SpiaRegsFile)

SciaRegsFile 
*          1    00007050    00000010     UNINITIALIZED
                  00007050    00000010     F2802x_GlobalVariableDefs.obj (SciaRegsFile)

NmiIntruptRegsFile 
*          1    00007060    00000010     UNINITIALIZED
                  00007060    00000010     F2802x_GlobalVariableDefs.obj (NmiIntruptRegsFile)

XIntruptRegsFile 
*          1    00007070    00000010     UNINITIALIZED
                  00007070    00000010     F2802x_GlobalVariableDefs.obj (XIntruptRegsFile)

AdcRegsFile 
*          1    00007100    00000051     UNINITIALIZED
                  00007100    00000051     F2802x_GlobalVariableDefs.obj (AdcRegsFile)

I2caRegsFile 
*          1    00007900    00000022     UNINITIALIZED
                  00007900    00000022     F2802x_GlobalVariableDefs.obj (I2caRegsFile)

PartIdRegsFile 
*          1    003d7fff    00000001     UNINITIALIZED
                  003d7fff    00000001     F2802x_GlobalVariableDefs.obj (PartIdRegsFile)

CsmPwlFile 
*          1    003f7ff8    00000008     UNINITIALIZED
                  003f7ff8    00000008     F2802x_GlobalVariableDefs.obj (CsmPwlFile)

.pinit     0    003f0000    00000000     UNINITIALIZED

.text      0    003f0000    00002345     
                  003f0000    00000223     ti.targets.rts2800.a28L : System.o28L (.text:_xdc_runtime_System_doPrint__I)
                  003f0223    00000164     sysbios.a28L : BIOS.obj (.text:_ti_sysbios_knl_Semaphore_pend__E)
                  003f0387    0000014e     idle.obj (.text)
                  003f04d5    00000108     FFT32_calc.obj (.text)
                  003f05dd    00000107     rts2800_ml.lib : ll_div28.asm.obj (.text)
                  003f06e4    000000ee     ti.targets.rts2800.a28L : HeapStd.o28L (.text:_xdc_runtime_HeapStd_alloc__E)
                  003f07d2    000000e1     sysbios.a28L : BIOS.obj (.text:_ti_sysbios_family_c28_Hwi_clearInterrupt__E)
                  003f08b3    000000b5     ti.targets.rts2800.a28L : LoggerBuf.o28L (.text:_xdc_runtime_LoggerBuf_write8__E)
                  003f0968    000000b0     idle_p28L.o28L (.text:_xdc_runtime_System_printfExtend__I)
                  003f0a18    000000a6     DeviceInit_18Nov2018.obj (.text)
                  003f0abe    0000009f     ti.targets.rts2800.a28L : Core-mem.o28L (.text:_xdc_runtime_Core_createObject__I)
                  003f0b5d    00000094     rts2800_ml.lib : trgmsg.c.obj (.text)
                  003f0bf1    0000008e     sysbios.a28L : BIOS.obj (.text:_ti_sysbios_family_c28_Hwi_enableInterrupt__E)
                  003f0c7f    0000008c     ti.targets.rts2800.a28L : Error.o28L (.text:_xdc_runtime_Error_policyDefault__E)
                  003f0d0b    00000085     sysbios.a28L : c28_Hwi_disp_asm.obj (.text:_ti_sysbios_family_c28_Hwi_dispatch)
                  003f0d90    00000082     ti.targets.rts2800.a28L : HeapStd.o28L (.text:_xdc_runtime_HeapStd_Instance_init__E)
                  003f0e12    00000081     sysbios.a28L : BIOS.obj (.text:_ti_sysbios_family_c28_Hwi_disableInterrupt__E)
                  003f0e93    00000080                  : BIOS.obj (.text:_ti_sysbios_family_c28_Hwi_disablePIEIER__E)
                  003f0f13    0000007f                  : BIOS.obj (.text:_ti_sysbios_family_c28_Hwi_enablePIEIER__E)
                  003f0f92    0000007d                  : BIOS.obj (.text:_ti_sysbios_knl_Semaphore_post__E)
                  003f100f    00000079     ti.targets.rts2800.a28L : LoggerBuf.o28L (.text:_xdc_runtime_LoggerBuf_write4__E)
                  003f1088    00000073     sysbios.a28L : BIOS.obj (.text:_ti_sysbios_knl_Task_checkStacks__E)
                  003f10fb    00000071     ti.targets.rts2800.a28L : Startup.o28L (.text:_xdc_runtime_Startup_startMods__I)
                  003f116c    0000006c                             : HeapStd.o28L (.text:_xdc_runtime_HeapStd_free__E)
                  003f11d8    00000067     boot.a28L : boot_cg.o28L (.text)
                  003f123f    00000066     sysbios.a28L : BIOS.obj (.text:_ti_sysbios_family_c28_Timer_stopAndClear__I)
                  003f12a5    00000064     RFFT32_split.obj (.text)
                  003f1309    0000005d     ti.targets.rts2800.a28L : Text.o28L (.text:_xdc_runtime_Text_putSite__E)
                  003f1366    0000004d     sysbios.a28L : BIOS.obj (.text:_ti_sysbios_family_c28_Hwi_dispatchCore__I)
                  003f13b3    00000048                  : BIOS.obj (.text:_ti_sysbios_knl_Task_postInit__I)
                  003f13fb    00000047                  : BIOS.obj (.text:_ti_sysbios_family_c28_Hwi_Module_startup__E)
                  003f1442    00000041     ti.targets.rts2800.a28L : Text.o28L (.text:_xdc_runtime_Text_putLab__E)
                  003f1483    0000003f                             : Text.o28L (.text:_xdc_runtime_Text_putMod__E)
                  003f14c2    0000003e                             : Memory.o28L (.text:_xdc_runtime_Memory_alloc__E)
                  003f1500    0000003d                             : Core-mem.o28L (.text:_xdc_runtime_Core_deleteObject__I)
                  003f153d    0000003d                             : LoggerBuf.o28L (.text:_xdc_runtime_LoggerBuf_getFilterLevel__E)
                  003f157a    0000003c     sysbios.a28L : BIOS.obj (.text:_ti_sysbios_family_c28_Timer_postInit__I)
                  003f15b6    0000003c                  : BIOS.obj (.text:_ti_sysbios_knl_Swi_restoreHwi__E)
                  003f15f2    0000003c                  : BIOS.obj (.text:_ti_sysbios_knl_Swi_run__I)
                  003f162e    0000003c     ti.targets.rts2800.a28L : LoggerBuf.o28L (.text:_xdc_runtime_LoggerBuf_setFilterLevel__E)
                  003f166a    00000038     rts2800_ml.lib : hostwrite.c.obj (.text)
                  003f16a2    00000037     sysbios.a28L : BIOS.obj (.text:_ti_sysbios_family_c28_TaskSupport_start__E)
                  003f16d9    00000035                  : BIOS.obj (.text:_ti_sysbios_knl_Task_startCore__E)
                  003f170e    00000033     ti.targets.rts2800.a28L : System.o28L (.text:_xdc_runtime_System_formatNum__I)
                  003f1741    00000033     iir5biq16.obj (.text)
                  003f1774    00000032     sysbios.a28L : BIOS.obj (.text:_ti_sysbios_knl_Task_Module_startup__E)
                  003f17a6    00000030     ti.targets.rts2800.a28L : Error.o28L (.text:_xdc_runtime_Error_print__E)
                  003f17d6    0000002f                             : LoggerBuf.o28L (.text:_xdc_runtime_LoggerBuf_Instance_init__E)
                  003f1805    0000002f                             : Startup.o28L (.text:_xdc_runtime_Startup_exec__E)
                  003f1834    0000002e     Boot.a28L : Boot.o28L (.text:.bootCodeSection:_ti_catalog_c2800_init_Boot_configurePll2802x)
                  003f1862    0000002e     sysbios.a28L : BIOS.obj (.text:_ti_sysbios_knl_Swi_runLoop__I)
                  003f1890    0000002e                  : BIOS.obj (.text:_ti_sysbios_knl_Swi_schedule__I)
                  003f18be    0000002e                  : BIOS.obj (.text:_ti_sysbios_knl_Task_schedule__I)
                  003f18ec    0000002d                  : BIOS.obj (.text:_ti_sysbios_family_c28_Hwi_getInterruptFlag__E)
                  003f1919    0000002d     ti.targets.rts2800.a28L : Assert.o28L (.text:_xdc_runtime_Assert_raise__I)
                  003f1946    0000002d                             : Core-params.o28L (.text:_xdc_runtime_Core_assignParams__I)
                  003f1973    0000002d                             : Text.o28L (.text:_xdc_runtime_Text_visitRope2__I)
                  003f19a0    0000002c     sysbios.a28L : BIOS.obj (.text:_ti_sysbios_family_c28_Timer_start__E)
                  003f19cc    0000002c     idle_p28L.o28L (.text:_xdc_runtime_LoggerBuf_Object__create__S)
                  003f19f8    0000002b     idle_p28L.o28L (.text:_xdc_runtime_HeapStd_Object__create__S)
                  003f1a23    0000002a     ti.targets.rts2800.a28L : Error.o28L (.text:_xdc_runtime_Error_setX__E)
                  003f1a4d    00000029     sysbios.a28L : BIOS.obj (.text:_ti_sysbios_family_c28_Hwi_getStackInfo__E)
                  003f1a76    00000029                  : BIOS.obj (.text:_ti_sysbios_family_c28_Hwi_unPluggedInterrupt__I)
                  003f1a9f    00000029     ti.targets.rts2800.a28L : Text.o28L (.text:_xdc_runtime_Text_xprintf__I)
                  003f1ac8    00000029     rts2800_ml.lib : exit.c.obj (.text)
                  003f1af1    00000028     sysbios.a28L : BIOS.obj (.text:_ti_sysbios_family_c28_Timer_getExpiredCounts64__E)
                  003f1b19    00000026     ti.targets.rts2800.a28L : SysMin.o28L (.text:_xdc_runtime_SysMin_flush__E)
                  003f1b3f    00000024     RFFT32_win.obj (.text)
                  003f1b63    00000024     rts2800_ml.lib : cpy_tbl.c.obj (.text)
                  003f1b87    00000023     ti.targets.rts2800.a28L : System.o28L (.text:_xdc_runtime_System_processAtExit__E)
                  003f1baa    00000022     RFFT32_brev.obj (.text)
                  003f1bcc    00000022     RFFT32_mag.obj (.text)
                  003f1bee    00000022     sysbios.a28L : BIOS.obj (.text:_ti_sysbios_knl_Swi_post__E)
                  003f1c10    00000022                  : BIOS.obj (.text:_ti_sysbios_knl_Task_blockI__E)
                  003f1c32    00000020                  : BIOS.obj (.text:_ti_sysbios_family_c28_Timer_setPrescale__E)
                  003f1c52    00000020                  : BIOS.obj (.text:_ti_sysbios_knl_Task_allBlockedFunction__I)
                  003f1c72    00000020                  : BIOS.obj (.text:_ti_sysbios_knl_Task_exit__E)
                  003f1c92    0000001e     ti.targets.rts2800.a28L : LoggerBuf.o28L (.text:_xdc_runtime_LoggerBuf_filterOutEvent__I)
                  003f1cb0    0000001e                             : System.o28L (.text:_xdc_runtime_System_atexit__E)
                  003f1cce    0000001d     sysbios.a28L : c28_TaskSupport_asm.obj (.text:_ti_sysbios_family_c28_TaskSupport_buildTaskStack)
                  003f1ceb    0000001d     idle_p28L.o28L (.text:_ti_sysbios_gates_GateHwi_Object__create__S)
                  003f1d08    0000001d     ti.targets.rts2800.a28L : SysMin.o28L (.text:_xdc_runtime_SysMin_putch__E)
                  003f1d25    0000001d     rts2800_ml.lib : memcpy.c.obj (.text)
                  003f1d42    0000001b     sysbios.a28L : c28_Hwi_asm.obj (.text:_ti_sysbios_family_c28_Hwi_switchAndDispatch__I)
                  003f1d5d    0000001b                  : BIOS.obj (.text:_ti_sysbios_hal_Hwi_checkStack)
                  003f1d78    0000001b                  : BIOS.obj (.text:_ti_sysbios_knl_Task_processVitalTaskFlag__I)
                  003f1d93    0000001b                  : BIOS.obj (.text:_ti_sysbios_knl_Task_restore__E)
                  003f1dae    0000001b     idle_p28L.o28L (.text:_xdc_runtime_SysMin_output__I)
                  003f1dc9    0000001a     sysbios.a28L : BIOS.obj (.text:_ti_sysbios_hal_Hwi_initStack)
                  003f1de3    0000001a     ti.targets.rts2800.a28L : Core-label.o28L (.text:_xdc_runtime_Core_assignLabel__I)
                  003f1dfd    0000001a                             : System.o28L (.text:_xdc_runtime_System_avprintf__E)
                  003f1e17    00000019     sysbios.a28L : BIOS.obj (.text:_ti_sysbios_knl_Swi_restore__E)
                  003f1e30    00000019     ti.targets.rts2800.a28L : System.o28L (.text:_xdc_runtime_System_vprintf__E)
                  003f1e49    00000019     rts2800_ml.lib : args_main.c.obj (.text)
                  003f1e62    00000018     sysbios.a28L : c28_Hwi_asm.obj (.text:_ti_sysbios_family_xxx_Hwi_switchAndRunFunc)
                  003f1e7a    00000018     ti.targets.rts2800.a28L : Memory.o28L (.text:_xdc_runtime_Memory_valloc__E)
                  003f1e92    00000018                             : System.o28L (.text:_xdc_runtime_System_putchar__I)
                  003f1eaa    00000017     sysbios.a28L : BIOS.obj (.text:_ti_sysbios_family_c28_Timer_startup__E)
                  003f1ec1    00000017                  : BIOS.obj (.text:_ti_sysbios_knl_Task_unblockI__E)
                  003f1ed8    00000017     ti.targets.rts2800.a28L : LoggerBuf.o28L (.text:_xdc_runtime_LoggerBuf_Module_startup__E)
                  003f1eef    00000017                             : SysMin.o28L (.text:_xdc_runtime_SysMin_abort__E)
                  003f1f06    00000016     idle_p28L.o28L (.text:_ti_sysbios_BIOS_atExitFunc__I)
                  003f1f1c    00000016     sysbios.a28L : BIOS.obj (.text:_ti_sysbios_family_c28_Timer_Module_startup__E)
                  003f1f32    00000016     ti.targets.rts2800.a28L : LoggerBuf.o28L (.text:_xdc_runtime_LoggerBuf_reset__E)
                  003f1f48    00000015     sysbios.a28L : BIOS.obj (.text:_ti_sysbios_knl_Swi_Module_startup__E)
                  003f1f5d    00000015                  : BIOS.obj (.text:_ti_sysbios_knl_Task_restoreHwi__E)
                  003f1f72    00000015     ti.targets.rts2800.a28L : Text.o28L (.text:_xdc_runtime_Text_printVisFxn__I)
                  003f1f87    00000014     RFFT32_brev_RT.obj (.text)
                  003f1f9b    00000014     sysbios.a28L : BIOS.obj (.text:_ti_sysbios_knl_Idle_run__E)
                  003f1faf    00000013     idle_p28L.o28L (.text:_ti_sysbios_BIOS_startFunc__I)
                  003f1fc2    00000012     idle_p28L.o28L (.text:_ti_sysbios_gates_GateHwi_Object__delete__S)
                  003f1fd4    00000012     idle_p28L.o28L (.text:_xdc_runtime_LoggerBuf_Object__delete__S)
                  003f1fe6    00000011     idle_p28L.o28L (.text:_xdc_runtime_HeapStd_Object__delete__S)
                  003f1ff7    00000011     ti.targets.rts2800.a28L : Text.o28L (.text:_xdc_runtime_Text_cordText__E)
                  003f2008    00000010     DelayUs.obj (.text)
                  003f2018    00000010     sysbios.a28L : BIOS.obj (.text:_ti_sysbios_family_c28_Timer_stop__E)
                  003f2028    00000010                  : BIOS.obj (.text:_ti_sysbios_family_c28_TimestampProvider_get64__E)
                  003f2038    00000010                  : BIOS.obj (.text:_ti_sysbios_knl_Task_enabled__E)
                  003f2048    00000010     ti.targets.rts2800.a28L : SysMin.o28L (.text:_xdc_runtime_SysMin_Module_startup__E)
                  003f2058    0000000f     Boot.a28L : Boot.o28L (.text:.bootCodeSection:_ti_catalog_c2800_init_Boot_disableWatchdog)
                  003f2067    0000000f     ti.targets.rts2800.a28L : Error.o28L (.text:_xdc_runtime_Error_raiseX__E)
                  003f2076    0000000f                             : Registry.o28L (.text:_xdc_runtime_Registry_findById__E)
                  003f2085    0000000e     FFT32_izero.obj (.text)
                  003f2093    0000000e     idle_p28L.o28L (.text:_ti_sysbios_BIOS_errorRaiseHook__I)
                  003f20a1    0000000e     idle_p28L.o28L (.text:_ti_sysbios_knl_Swi_Object__get__S)
                  003f20af    0000000e     idle_p28L.o28L (.text:_ti_sysbios_knl_Task_Object__get__S)
                  003f20bd    0000000e     idle_p28L.o28L (.text:_xdc_runtime_LoggerBuf_Object__get__S)
                  003f20cb    0000000d     sysbios.a28L : BIOS.obj (.text:_ti_sysbios_family_c28_Hwi_dispatchC__I)
                  003f20d8    0000000d                  : BIOS.obj (.text:_ti_sysbios_family_c28_TaskSupport_checkStack__E)
                  003f20e5    0000000d                  : c28_TaskSupport_asm.obj (.text:_ti_sysbios_family_c28_TaskSupport_swap__E)
                  003f20f2    0000000d     idle_p28L.o28L (.text:_ti_sysbios_gates_GateHwi_Handle__label__S)
                  003f20ff    0000000d     sysbios.a28L : BIOS.obj (.text:_ti_sysbios_knl_Task_enter__I)
                  003f210c    0000000d     ti.targets.rts2800.a28L : Error.o28L (.text:_xdc_runtime_Error_check__E)
                  003f2119    0000000d     idle_p28L.o28L (.text:_xdc_runtime_HeapStd_Handle__label__S)
                  003f2126    0000000d     idle_p28L.o28L (.text:_xdc_runtime_LoggerBuf_Handle__label__S)
                  003f2133    0000000d     ti.targets.rts2800.a28L : System.o28L (.text:_xdc_runtime_System_abort__E)
                  003f2140    0000000c     idle_p28L.o28L (.text:_ti_sysbios_family_c28_Hwi_disableIER__E)
                  003f214c    0000000c     sysbios.a28L : BIOS.obj (.text:_ti_sysbios_knl_Queue_put__E)
                  003f2158    0000000c     ti.targets.rts2800.a28L : LoggerBuf.o28L (.text:_xdc_runtime_LoggerBuf_write2__E)
                  003f2164    0000000c                             : SysMin.o28L (.text:_xdc_runtime_SysMin_exit__E)
                  003f2170    0000000b     idle_p28L.o28L (.text:_ti_sysbios_family_c28_Hwi_Module__startupDone__F)
                  003f217b    0000000b     idle_p28L.o28L (.text:_ti_sysbios_family_c28_Hwi_Object__get__S)
                  003f2186    0000000b     idle_p28L.o28L (.text:_ti_sysbios_family_c28_Hwi_enableIER__E)
                  003f2191    0000000b     idle_p28L.o28L (.text:_ti_sysbios_knl_Queue_Object__get__S)
                  003f219c    0000000b     ti.targets.rts2800.a28L : LoggerBuf.o28L (.text:_xdc_runtime_LoggerBuf_Instance_finalize__E)
                  003f21a7    0000000b                             : LoggerBuf.o28L (.text:_xdc_runtime_LoggerBuf_write1__E)
                  003f21b2    0000000b                             : Memory.o28L (.text:_xdc_runtime_Memory_free__E)
                  003f21bd    0000000b                             : System.o28L (.text:_xdc_runtime_System_exit__E)
                  003f21c8    0000000a     idle_p28L.o28L (.text:_ti_sysbios_BIOS_exitFunc__I)
                  003f21d2    0000000a     ti.targets.rts2800.a28L : Error.o28L (.text:_xdc_runtime_Error_init__E)
                  003f21dc    0000000a                             : LoggerBuf.o28L (.text:_xdc_runtime_LoggerBuf_write0__E)
                  003f21e6    0000000a                             : System.o28L (.text:_xdc_runtime_System_vsnprintf__E)
                  003f21f0    0000000a                             : Text.o28L (.text:_xdc_runtime_Text_ropeText__E)
                  003f21fa    00000009     idle_p28L.o28L (.text:_ti_sysbios_family_c28_Hwi_restoreIER__E)
                  003f2203    00000009     sysbios.a28L : c28_TaskSupport_asm.obj (.text:_ti_sysbios_family_c28_TaskSupport_glue)
                  003f220c    00000009                  : BIOS.obj (.text:_ti_sysbios_hal_Hwi_Module_startup__E)
                  003f2215    00000009     idle_p28L.o28L (.text:_ti_sysbios_knl_Task_SupportProxy_start__E)
                  003f221e    00000009     sysbios.a28L : BIOS.obj (.text:_ti_sysbios_knl_Task_unblock__E)
                  003f2227    00000009     idle_p28L.o28L (.text:_xdc_runtime_Startup_exec__I)
                  003f2230    00000009     idle_p28L.o28L (.text:_xdc_runtime_Text_visitRope__I)
                  003f2239    00000009     rts2800_ml.lib : _lock.c.obj (.text)
                  003f2242    00000008     sysbios.a28L : BIOS.obj (.text:_ti_sysbios_BIOS_setThreadType__E)
                  003f224a    00000008     idle_p28L.o28L (.text:_xdc_runtime_IHeap_alloc)
                  003f2252    00000008     ti.targets.rts2800.a28L : Memory.o28L (.text:_xdc_runtime_Memory_calloc__E)
                  003f225a    00000008                             : SysMin.o28L (.text:_xdc_runtime_SysMin_ready__E)
                  003f2262    00000008     rts2800_ml.lib : strlen.c.obj (.text)
                  003f226a    00000007     idle_p28L.o28L (.text:.bootCodeSection:_ti_catalog_c2800_init_Boot_init)
                  003f2271    00000007     ti.targets.rts2800.a28L : HeapStd.o28L (.text:_xdc_runtime_HeapStd_getStats__E)
                  003f2278    00000007     idle_p28L.o28L (.text:_xdc_runtime_System_aprintf__E)
                  003f227f    00000007     idle_p28L.o28L (.text:_xdc_runtime_System_printf__E)
                  003f2286    00000007     rts2800_ml.lib : memset.c.obj (.text)
                  003f228d    00000006     sysbios.a28L : BIOS.obj (.text:_ti_sysbios_BIOS_start__E)
                  003f2293    00000006                  : c28_IntrinsicsSupport_asm.obj (.text:_ti_sysbios_family_c28_IntrinsicsSupport_maxbit__E)
                  003f2299    00000006                  : BIOS.obj (.text:_ti_sysbios_family_c28_TimestampProvider_rolloverFunc__E)
                  003f229f    00000006                  : BIOS.obj (.text:_ti_sysbios_family_c28_TimestampProvider_startTimer__E)
                  003f22a5    00000006                  : BIOS.obj (.text:_ti_sysbios_knl_Swi_disable__E)
                  003f22ab    00000006                  : BIOS.obj (.text:_ti_sysbios_knl_Task_disable__E)
                  003f22b1    00000006     ti.targets.rts2800.a28L : Gate.o28L (.text:_xdc_runtime_Gate_enterSystem__E)
                  003f22b7    00000006                             : Gate.o28L (.text:_xdc_runtime_Gate_leaveSystem__E)
                  003f22bd    00000006                             : LoggerBuf.o28L (.text:_xdc_runtime_LoggerBuf_enable__E)
                  003f22c3    00000005     sysbios.a28L : BIOS.obj (.text:_ti_sysbios_family_c28_Hwi_switchFromBootStack__E)
                  003f22c8    00000005                  : BIOS.obj (.text:_ti_sysbios_gates_GateHwi_enter__E)
                  003f22cd    00000005     ti.targets.rts2800.a28L : LoggerBuf.o28L (.text:_xdc_runtime_LoggerBuf_disable__E)
                  003f22d2    00000004     FFT32_init.obj (.text)
                  003f22d6    00000004     idle_p28L.o28L (.text:_ti_sysbios_family_c28_Hwi_startup__E)
                  003f22da    00000004     sysbios.a28L : BIOS.obj (.text:_ti_sysbios_knl_Swi_startup__E)
                  003f22de    00000004     idle_p28L.o28L (.text:_xdc_runtime_IHeap_free)
                  003f22e2    00000004     ti.targets.rts2800.a28L : Memory.o28L (.text:_xdc_runtime_Memory_getMaxDefaultTypeAlign__E)
                  003f22e6    00000004                             : Startup.o28L (.text:_xdc_runtime_Startup_rtsDone__E)
                  003f22ea    00000003                             : xdc_noinit.o28L (.text:___xdc__init)
                  003f22ed    00000003     idle_p28L.o28L (.text:_ti_catalog_c2800_init_Boot_limpAbort)
                  003f22f0    00000003     sysbios.a28L : c28_Hwi_asm.obj (.text:_ti_sysbios_family_c28_Hwi_getIFR__I)
                  003f22f3    00000003                  : BIOS.obj (.text:_ti_sysbios_family_c28_TimestampProvider_Module_startup__E)
                  003f22f6    00000003                  : BIOS.obj (.text:_ti_sysbios_gates_GateHwi_leave__E)
                  003f22f9    00000003     idle_p28L.o28L (.text:_ti_sysbios_hal_Hwi_HwiProxy_getStackInfo__E)
                  003f22fc    00000003     idle_p28L.o28L (.text:_ti_sysbios_hal_Hwi_HwiProxy_switchFromBootStack__E)
                  003f22ff    00000003     sysbios.a28L : BIOS.obj (.text:_ti_sysbios_hal_Hwi_startup__E)
                  003f2302    00000003                  : BIOS.obj (.text:_ti_sysbios_knl_Idle_loop__E)
                  003f2305    00000003     idle_p28L.o28L (.text:_ti_sysbios_knl_Task_SupportProxy_checkStack__E)
                  003f2308    00000003     idle_p28L.o28L (.text:_ti_sysbios_knl_Task_SupportProxy_swap__E)
                  003f230b    00000003     sysbios.a28L : BIOS.obj (.text:_ti_sysbios_knl_Task_startup__E)
                  003f230e    00000003     idle_p28L.o28L (.text:_xdc_runtime_LoggerBuf_Module_GateProxy_enter__E)
                  003f2311    00000003     idle_p28L.o28L (.text:_xdc_runtime_LoggerBuf_Module_GateProxy_leave__E)
                  003f2314    00000003     idle_p28L.o28L (.text:_xdc_runtime_LoggerBuf_TimestampProxy_get64__E)
                  003f2317    00000003     idle_p28L.o28L (.text:_xdc_runtime_System_Module_GateProxy_enter__E)
                  003f231a    00000003     idle_p28L.o28L (.text:_xdc_runtime_System_Module_GateProxy_leave__E)
                  003f231d    00000003     ti.targets.rts2800.a28L : System.o28L (.text:_xdc_runtime_System_Module_startup__E)
                  003f2320    00000003     idle_p28L.o28L (.text:_xdc_runtime_System_SupportProxy_abort__E)
                  003f2323    00000003     idle_p28L.o28L (.text:_xdc_runtime_System_SupportProxy_exit__E)
                  003f2326    00000003     idle_p28L.o28L (.text:_xdc_runtime_System_SupportProxy_putch__E)
                  003f2329    00000003     idle_p28L.o28L (.text:_xdc_runtime_System_SupportProxy_ready__E)
                  003f232c    00000003     ti.targets.rts2800.a28L : System.o28L (.text:_xdc_runtime_System_abortStd__E)
                  003f232f    00000003                             : System.o28L (.text:_xdc_runtime_System_exitStd__E)
                  003f2332    00000002     idle_p28L.o28L (.text:_malloc)
                  003f2334    00000002     Boot.a28L : Boot.o28L (.text:_ti_catalog_c2800_init_Boot_defaultLimpAbortFunction)
                  003f2336    00000002     idle_p28L.o28L (.text:_ti_sysbios_family_c28_TaskSupport_Module__startupDone__S)
                  003f2338    00000002     sysbios.a28L : BIOS.obj (.text:_ti_sysbios_gates_GateHwi_query__E)
                  003f233a    00000002     ti.targets.rts2800.a28L : Error.o28L (.text:_xdc_runtime_Error_getSite__E)
                  003f233c    00000002                             : HeapStd.o28L (.text:_xdc_runtime_HeapStd_isBlocking__E)
                  003f233e    00000002     rts2800_ml.lib : pre_init.c.obj (.text)
                  003f2340    00000001     idle_p28L.o28L (.text:_free)
                  003f2341    00000001     sysbios.a28L : BIOS.obj (.text:_ti_sysbios_BIOS_linkedWithIncorrectBootLibrary__E)
                  003f2342    00000001                  : c28_Hwi_asm.obj (.text:_ti_sysbios_family_c28_Hwi_interruptReturn__I)
                  003f2343    00000001                  : BIOS.obj (.text:_ti_sysbios_gates_GateHwi_Instance_init__E)
                  003f2344    00000001     rts2800_ml.lib : startup.c.obj (.text)

ramfuncs   1    00008000    00000000     UNINITIALIZED

.stack     1    00008120    00000100     UNINITIALIZED
                  00008120    00000100     --HOLE--

.cio       1    00008000    00000120     UNINITIALIZED
                  00008000    00000120     rts2800_ml.lib : trgmsg.c.obj (.cio)

FFTtf      0    003f3ba8    00001800     
                  003f3ba8    00001800     FFT32_init.obj (FFTtf)

FFTipcb    1    00008240    00000040     UNINITIALIZED
                  00008240    00000040     idle.obj (FFTipcb)

FFTipcbsrc 
*          1    00008280    00000040     UNINITIALIZED
                  00008280    00000040     idle.obj (FFTipcbsrc)

FFTmagbuf 
*          1    000082c0    00000040     UNINITIALIZED
                  000082c0    00000040     idle.obj (FFTmagbuf)

iirfilt    1    00008400    00000038     UNINITIALIZED
                  00008400    00000038     idle.obj (iirfilt)

iirldb     1    00008800    00000018     UNINITIALIZED
                  00008800    00000018     idle.obj (iirldb)

xdc.meta   0    00000000    0000010d     COPY SECTION
                  00000000    0000010d     idle_p28L.o28L (xdc.meta)

.binit     0    003d7800    00000000     

MODULE SUMMARY

       Module                          code   initialized data   uninitialized data
       ------                          ----   ----------------   ------------------
    .\
       FFT32_init.obj                  4      6144               0                 
       idle.obj                        334    175                318               
       F2802x_GlobalVariableDefs.obj   0      0                  790               
       FFT32_calc.obj                  264    0                  0                 
       DeviceInit_18Nov2018.obj        166    0                  0                 
       RFFT32_split.obj                100    0                  0                 
       iir5biq16.obj                   51     0                  0                 
       RFFT32_win.obj                  36     0                  0                 
       RFFT32_brev.obj                 34     0                  0                 
       RFFT32_mag.obj                  34     0                  0                 
       RFFT32_brev_RT.obj              20     0                  0                 
       DelayUs.obj                     16     0                  0                 
       FFT32_izero.obj                 14     0                  0                 
    +--+-------------------------------+------+------------------+--------------------+
       Total:                          1073   6319               1108              
                                                                                   
    C:\Users\Alex\Documents\GitHub\acoustic-calibrator\audioCalibrator\acoustic_calibrator\Debug\configPkg\package\cfg\
       idle_p28L.o28L                  694    6869               1984              
    +--+-------------------------------+------+------------------+--------------------+
       Total:                          694    6869               1984              
                                                                                   
    C:\Users\Alex\Documents\GitHub\acoustic-calibrator\audioCalibrator\acoustic_calibrator\src\sysbios\sysbios.a28L
       BIOS.obj                        2970   28                 0                 
       c28_Hwi_disp_asm.obj            133    0                  0                 
       c28_Hwi_asm.obj                 55     0                  0                 
       c28_TaskSupport_asm.obj         51     0                  0                 
       c28_IntrinsicsSupport_asm.obj   6      0                  0                 
    +--+-------------------------------+------+------------------+--------------------+
       Total:                          3215   28                 0                 
                                                                                   
    C:\ti\bios_6_76_04_02\packages\ti\catalog\c2800\init\lib\Boot.a28L
       Boot.o28L                       63     0                  0                 
    +--+-------------------------------+------+------------------+--------------------+
       Total:                          63     0                  0                 
                                                                                   
    C:\ti\bios_6_76_04_02\packages\ti\targets\rts2800\lib\boot.a28L
       boot_cg.o28L                    103    0                  0                 
    +--+-------------------------------+------+------------------+--------------------+
       Total:                          103    0                  0                 
                                                                                   
    C:\ti\bios_6_76_04_02\packages\ti\targets\rts2800\lib\ti.targets.rts2800.a28L
       System.o28L                     781    25                 0                 
       LoggerBuf.o28L                  600    0                  0                 
       HeapStd.o28L                    485    0                  0                 
       Text.o28L                       355    67                 0                 
       Error.o28L                      270    88                 0                 
       Core-mem.o28L                   220    0                  0                 
       Startup.o28L                    164    42                 0                 
       SysMin.o28L                     126    0                  0                 
       Memory.o28L                     109    0                  0                 
       Log.o28L                        0      71                 0                 
       Assert.o28L                     45     5                  0                 
       Core-params.o28L                45     0                  0                 
       Core-label.o28L                 26     0                  0                 
       Registry.o28L                   15     0                  0                 
       Gate.o28L                       12     0                  0                 
       xdc_noinit.o28L                 3      0                  0                 
    +--+-------------------------------+------+------------------+--------------------+
       Total:                          3256   298                0                 
                                                                                   
    C:\ti\ccsv8\tools\compiler\ti-cgt-c2000_18.1.8.LTS\lib\rts2800_ml.lib
       trgmsg.c.obj                    148    0                  288               
       ll_div28.asm.obj                263    0                  0                 
       exit.c.obj                      41     14                 6                 
       hostwrite.c.obj                 56     0                  0                 
       cpy_tbl.c.obj                   36     0                  0                 
       memcpy.c.obj                    29     0                  0                 
       args_main.c.obj                 25     0                  0                 
       _lock.c.obj                     9      10                 4                 
       hostopen.c.obj                  0      0                  8                 
       strlen.c.obj                    8      0                  0                 
       memset.c.obj                    7      0                  0                 
       pre_init.c.obj                  2      0                  0                 
       startup.c.obj                   1      0                  0                 
    +--+-------------------------------+------+------------------+--------------------+
       Total:                          625    24                 306               
                                                                                   
       Stack:                          0      0                  256               
    +--+-------------------------------+------+------------------+--------------------+
       Grand Total:                    9029   13538              3654              


GLOBAL DATA SYMBOLS: SORTED BY DATA PAGE

address     data page           name
--------    ----------------    ----
00000000       0 (00000000)     ___ISA__
00000000       0 (00000000)     _xdc_runtime_Error_Module__state__V
00000002       0 (00000000)     _xdc_runtime_HeapStd_Module__state__V
00000004       0 (00000000)     ___xdc__init__addr
00000006       0 (00000000)     _xdc_runtime_Memory_Module__state__V
00000008       0 (00000000)     _ti_sysbios_knl_Task_Module_State_0_idleTask__A
0000000a       0 (00000000)     _ti_sysbios_gates_GateHwi_Object__table__V
0000000c       0 (00000000)     _xdc_runtime_LoggerBuf_Module__state__V
00000010       0 (00000000)     _xdc_runtime_Startup_Module__state__V
00000011       0 (00000000)     ___TARG__
00000014       0 (00000000)     _ti_sysbios_family_c28_Timer_Module__root__V
00000018       0 (00000000)     _xdc_runtime_Registry_Module__state__V
0000001c       0 (00000000)     _ti_sysbios_gates_GateHwi_Module__root__V
00000020       0 (00000000)     _ti_sysbios_hal_Hwi_Module__root__V
00000024       0 (00000000)     _xdc_runtime_SysMin_Module__state__V
00000028       0 (00000000)     _xdc_runtime_System_Module__state__V
0000002c       0 (00000000)     _ti_sysbios_family_c28_TimestampProvider_Module__state__V
00000030       0 (00000000)     _ti_sysbios_knl_Swi_Module__root__V
00000034       0 (00000000)     _xdc_runtime_HeapStd_Module__root__V
00000035       0 (00000000)     ___PLAT__
00000038       0 (00000000)     _xdc_runtime_LoggerBuf_Module__root__V
0000003c       0 (00000000)     _ti_sysbios_knl_Queue_Module__root__V

00000040       1 (00000040)     _ti_sysbios_family_c28_Hwi_Module__root__V
00000044       1 (00000040)     _xdc_runtime_Text_Module__state__V
00000048       1 (00000040)     _ti_sysbios_knl_Semaphore_Module__root__V
0000004c       1 (00000040)     _xdc_runtime_GateNull_Module__root__V
00000050       1 (00000040)     _ti_sysbios_knl_Task_Module__root__V
00000054       1 (00000040)     _xdc_runtime_HeapStd_Object__table__V
0000005a       1 (00000040)     _xdc_runtime_System_Module_State_0_atexitHandlers__A
0000005b       1 (00000040)     ___TRDR__
00000062       1 (00000040)     _ti_sysbios_family_c28_Timer_Module__state__V
0000006a       1 (00000040)     _ti_sysbios_knl_Semaphore_Object__table__V
00000074       1 (00000040)     _ti_sysbios_knl_Swi_Module__state__V

00000080       2 (00000080)     _xdc_runtime_Error_IgnoreBlock
00000082       2 (00000080)     ___ASM__
00000090       2 (00000080)     _ti_sysbios_family_c28_Hwi_Module__state__V
000000a0       2 (00000080)     _ti_sysbios_BIOS_Module__state__V

000000c0       3 (000000c0)     _xdc_runtime_LoggerBuf_Object__table__V
000000d2       3 (000000c0)     _ti_sysbios_knl_Swi_Object__table__V

00000100       4 (00000100)     _ti_sysbios_knl_Task_Module__state__V

00000140       5 (00000140)     _ti_sysbios_knl_Swi_Module_State_0_readyQ__A

00000180       6 (00000180)     _ti_sysbios_knl_Task_Module_State_0_readyQ__A

000001c0       7 (000001c0)     _ti_sysbios_family_c28_Timer_Object__table__V

00000240       9 (00000240)     _xdc_runtime_SysMin_Module_State_0_outbuf__A

000002c0       b (000002c0)     _ti_sysbios_family_c28_Hwi_Object__table__V

00000340       d (00000340)     _ti_sysbios_knl_Task_Object__table__V

000003c0       f (000003c0)     _ti_sysbios_family_c28_Hwi_Module_State_0_dispatchTable__A

000004c0      13 (000004c0)     _xdc_runtime_LoggerBuf_Instance_State_0_entryArr__A

000005c0      17 (000005c0)     _ti_sysbios_knl_Task_Instance_State_1_stack__A

000006c0      1b (000006c0)     _ti_sysbios_knl_Task_Instance_State_0_stack__A

000007c0      1f (000007c0)     _yn
000007c1      1f (000007c0)     _yn4
000007c2      1f (000007c0)     _f
000007c3      1f (000007c0)     _k
000007c4      1f (000007c0)     _yn1
000007c5      1f (000007c0)     _xn
000007c6      1f (000007c0)     _yn3
000007c7      1f (000007c0)     _fft_flag
000007c8      1f (000007c0)     _fft_count
000007c9      1f (000007c0)     _count
000007ca      1f (000007c0)     _i
000007cb      1f (000007c0)     _yn2
000007cc      1f (000007c0)     _ind
000007cd      1f (000007c0)     _isrFlag
000007ce      1f (000007c0)     _tickCount
000007cf      1f (000007c0)     _newsample2
000007d0      1f (000007c0)     _newsample1
000007d1      1f (000007c0)     _n
000007d2      1f (000007c0)     _gain
000007d6      1f (000007c0)     _rfft
000007ee      1f (000007c0)     _parmbuf
000007f6      1f (000007c0)     ___TI_enable_exit_profile_output
000007f8      1f (000007c0)     ___TI_cleanup_ptr
000007fa      1f (000007c0)     ___TI_dtors_ptr
000007fc      1f (000007c0)     __lock
000007fe      1f (000007c0)     __unlock

00000880      22 (00000880)     _DevEmuRegs

00000985      26 (00000980)     _SysPwrCtrlRegs

00000a80      2a (00000a80)     _FlashRegs

00000ae0      2b (00000ac0)     _CsmRegs

00000b00      2c (00000b00)     _AdcResult

00000c00      30 (00000c00)     _CpuTimer0Regs
00000c08      30 (00000c00)     _CpuTimer1Regs
00000c10      30 (00000c00)     _CpuTimer2Regs

00000ce0      33 (00000cc0)     _PieCtrlRegs

00000d00      34 (00000d00)     _EmuKey
00000d00      34 (00000d00)     _PieVectTable
00000d01      34 (00000d00)     _EmuBMode
00000d02      34 (00000d00)     _Flash_CallbackPtr
00000d04      34 (00000d00)     _Flash_CPUScaleFactor

00006400     190 (00006400)     _Comp1Regs
00006420     190 (00006400)     _Comp2Regs

00006800     1a0 (00006800)     _EPwm1Regs

00006840     1a1 (00006840)     _EPwm2Regs

00006880     1a2 (00006880)     _EPwm3Regs

000068c0     1a3 (000068c0)     _EPwm4Regs

00006a00     1a8 (00006a00)     _ECap1Regs

00006f80     1be (00006f80)     _GpioCtrlRegs

00006fc0     1bf (00006fc0)     _GpioDataRegs
00006fe0     1bf (00006fc0)     _GpioIntRegs

00007010     1c0 (00007000)     _SysCtrlRegs

00007040     1c1 (00007040)     _SpiaRegs
00007050     1c1 (00007040)     _SciaRegs
00007060     1c1 (00007040)     _NmiIntruptRegs
00007070     1c1 (00007040)     _XIntruptRegs

00007100     1c4 (00007100)     _AdcRegs

00007900     1e4 (00007900)     _I2caRegs

00008000     200 (00008000)     __CIOBUF_

00008120     204 (00008100)     __stack

00008240     209 (00008240)     _fftout1

00008280     20a (00008280)     _fftin1

000082c0     20b (000082c0)     _fftmag

00008400     210 (00008400)     _iir3
0000840e     210 (00008400)     _iir4
0000841c     210 (00008400)     _iir1
0000842a     210 (00008400)     _iir2

00008800     220 (00008800)     _dbuffer3
00008806     220 (00008800)     _dbuffer4
0000880c     220 (00008800)     _dbuffer1
00008812     220 (00008800)     _dbuffer2

003d7fff    f5ff (003d7fc0)     _PartIdRegs

003f2346    fc8d (003f2340)     _xdc_runtime_Text_charTab__A

003f3714    fcdc (003f3700)     _ti_sysbios_family_c28_Hwi_vectors

003f387f    fce1 (003f3840)     _ti_sysbios_family_c28_Hwi_Module__id__C

003f38d8    fce3 (003f38c0)     _xdc_runtime_Text_nodeTab__A

003f396d    fce5 (003f3940)     _ti_sysbios_family_c28_Hwi_NUM_INTERRUPTS_ALL__C

003f39b1    fce6 (003f3980)     _ti_sysbios_family_c28_Hwi_Object__count__C

003f39dc    fce7 (003f39c0)     _xdc_runtime_LoggerBuf_Module__FXNS__C

003f3a13    fce8 (003f3a00)     _ti_sysbios_family_c28_TaskSupport_Module__id__C
003f3a14    fce8 (003f3a00)     _xdc_runtime_HeapStd_Module__FXNS__C
003f3a28    fce8 (003f3a00)     _ti_sysbios_gates_GateHwi_Module__FXNS__C
003f3a3a    fce8 (003f3a00)     _xdc_runtime_LoggerBuf_Object__PARAMS__C

003f3a4c    fce9 (003f3a40)     _xdc_runtime_Startup_sfxnTab__A
003f3a5e    fce9 (003f3a40)     _ti_sysbios_gates_GateHwi_Object__DESC__C
003f3a6e    fce9 (003f3a40)     _xdc_runtime_HeapStd_Object__DESC__C
003f3a7e    fce9 (003f3a40)     _xdc_runtime_LoggerBuf_Object__DESC__C

003f3a8e    fcea (003f3a80)     _coeff1
003f3a9d    fcea (003f3a80)     _coeff2
003f3aac    fcea (003f3a80)     _coeff3
003f3abb    fcea (003f3a80)     _coeff4

003f3aca    fceb (003f3ac0)     _xdc_runtime_HeapStd_Object__PARAMS__C
003f3ad8    fceb (003f3ac0)     _ti_sysbios_gates_GateHwi_Object__PARAMS__C
003f3ae4    fceb (003f3ac0)     _SWIFilter
003f3ae6    fceb (003f3ac0)     _hwi0
003f3ae8    fceb (003f3ac0)     _hwi1
003f3aea    fceb (003f3ac0)     _SEMFft
003f3aec    fceb (003f3ac0)     _fft_timer
003f3aee    fceb (003f3ac0)     _xdc_runtime_Startup_sfxnRts__A
003f3af7    fceb (003f3ac0)     _ti_sysbios_family_c28_Timer_startupNeeded__C
003f3afd    fceb (003f3ac0)     _ti_sysbios_hal_Hwi_Module__id__C
003f3afe    fceb (003f3ac0)     _ti_sysbios_knl_Idle_funcList__A

003f3b02    fcec (003f3b00)     _ti_sysbios_knl_Idle_funcList__C
003f3b06    fcec (003f3b00)     _xdc_runtime_Startup_firstFxns__C
003f3b0a    fcec (003f3b00)     _xdc_runtime_Startup_lastFxns__C
003f3b0e    fcec (003f3b00)     _ti_sysbios_family_c28_Hwi_A_badIntNum__C
003f3b10    fcec (003f3b00)     _ti_sysbios_family_c28_Hwi_A_invalidArg__C
003f3b12    fcec (003f3b00)     _ti_sysbios_family_c28_Hwi_E_unpluggedInterrupt__C
003f3b14    fcec (003f3b00)     _ti_sysbios_family_c28_Hwi_Module__diagsEnabled__C
003f3b16    fcec (003f3b00)     _ti_sysbios_family_c28_Hwi_Module__diagsIncluded__C
003f3b18    fcec (003f3b00)     _ti_sysbios_family_c28_Hwi_Module__diagsMask__C
003f3b1a    fcec (003f3b00)     _ti_sysbios_family_c28_TaskSupport_E_invalidStack__C
003f3b1c    fcec (003f3b00)     _ti_sysbios_hal_Hwi_E_stackOverflow__C
003f3b1e    fcec (003f3b00)     _ti_sysbios_knl_Semaphore_A_badContext__C
003f3b20    fcec (003f3b00)     _ti_sysbios_knl_Semaphore_A_overflow__C
003f3b22    fcec (003f3b00)     _ti_sysbios_knl_Semaphore_A_pendTaskDisabled__C
003f3b24    fcec (003f3b00)     _ti_sysbios_knl_Semaphore_Instance_State_pendQ__O
003f3b26    fcec (003f3b00)     _ti_sysbios_knl_Semaphore_Module__diagsEnabled__C
003f3b28    fcec (003f3b00)     _ti_sysbios_knl_Semaphore_Module__diagsIncluded__C
003f3b2a    fcec (003f3b00)     _ti_sysbios_knl_Semaphore_Module__diagsMask__C
003f3b2c    fcec (003f3b00)     _ti_sysbios_knl_Task_E_spOutOfBounds__C
003f3b2e    fcec (003f3b00)     _ti_sysbios_knl_Task_E_stackOverflow__C
003f3b30    fcec (003f3b00)     _ti_sysbios_knl_Task_Module_State_inactiveQ__O
003f3b32    fcec (003f3b00)     _ti_sysbios_knl_Task_allBlockedFunc__C
003f3b34    fcec (003f3b00)     _xdc_runtime_Assert_E_assertFailed__C
003f3b36    fcec (003f3b00)     _xdc_runtime_Core_A_initializedParams__C
003f3b38    fcec (003f3b00)     _xdc_runtime_Core_Module__diagsEnabled__C
003f3b3a    fcec (003f3b00)     _xdc_runtime_Core_Module__diagsIncluded__C
003f3b3c    fcec (003f3b00)     _xdc_runtime_Core_Module__diagsMask__C
003f3b3e    fcec (003f3b00)     _xdc_runtime_Error_E_memory__C

003f3b40    fced (003f3b40)     _xdc_runtime_Error_Module__diagsEnabled__C
003f3b42    fced (003f3b40)     _xdc_runtime_Error_Module__diagsIncluded__C
003f3b44    fced (003f3b40)     _xdc_runtime_Error_Module__diagsMask__C
003f3b46    fced (003f3b40)     _xdc_runtime_Error_Module__loggerFxn8__C
003f3b48    fced (003f3b40)     _xdc_runtime_Error_Module__loggerObj__C
003f3b4a    fced (003f3b40)     _xdc_runtime_Error_policyFxn__C
003f3b4c    fced (003f3b40)     _xdc_runtime_Error_raiseHook__C
003f3b4e    fced (003f3b40)     _xdc_runtime_HeapStd_A_align__C
003f3b50    fced (003f3b40)     _xdc_runtime_HeapStd_A_invalidTotalFreeSize__C
003f3b52    fced (003f3b40)     _xdc_runtime_HeapStd_A_zeroSize__C
003f3b54    fced (003f3b40)     _xdc_runtime_HeapStd_E_noRTSMemory__C
003f3b56    fced (003f3b40)     _xdc_runtime_HeapStd_Module__diagsEnabled__C
003f3b58    fced (003f3b40)     _xdc_runtime_HeapStd_Module__diagsIncluded__C
003f3b5a    fced (003f3b40)     _xdc_runtime_HeapStd_Module__diagsMask__C
003f3b5c    fced (003f3b40)     _xdc_runtime_IFilterLogger_Interface__BASE__C
003f3b5e    fced (003f3b40)     _xdc_runtime_IGateProvider_Interface__BASE__C
003f3b60    fced (003f3b40)     _xdc_runtime_IHeap_Interface__BASE__C
003f3b62    fced (003f3b40)     _xdc_runtime_ILogger_Interface__BASE__C
003f3b64    fced (003f3b40)     _xdc_runtime_IModule_Interface__BASE__C
003f3b66    fced (003f3b40)     _xdc_runtime_Log_L_error__C
003f3b68    fced (003f3b40)     _xdc_runtime_LoggerBuf_E_badLevel__C
003f3b6a    fced (003f3b40)     _xdc_runtime_LoggerBuf_Module__gateObj__C
003f3b6c    fced (003f3b40)     _xdc_runtime_LoggerBuf_statusLogger__C
003f3b6e    fced (003f3b40)     _xdc_runtime_Memory_defaultHeapInstance__C
003f3b70    fced (003f3b40)     _xdc_runtime_Startup_execImpl__C
003f3b72    fced (003f3b40)     _xdc_runtime_Startup_firstFxns__A
003f3b74    fced (003f3b40)     _xdc_runtime_Startup_lastFxns__A
003f3b76    fced (003f3b40)     _xdc_runtime_Startup_sfxnRts__C
003f3b78    fced (003f3b40)     _xdc_runtime_Startup_sfxnTab__C
003f3b7a    fced (003f3b40)     _xdc_runtime_SysMin_bufSize__C
003f3b7c    fced (003f3b40)     _xdc_runtime_SysMin_outputFunc__C
003f3b7e    fced (003f3b40)     _xdc_runtime_System_Module__gateObj__C

003f3b80    fcee (003f3b80)     _xdc_runtime_System_abortFxn__C
003f3b82    fcee (003f3b80)     _xdc_runtime_System_exitFxn__C
003f3b84    fcee (003f3b80)     _xdc_runtime_System_extendFxn__C
003f3b86    fcee (003f3b80)     _xdc_runtime_Text_charTab__C
003f3b88    fcee (003f3b80)     _xdc_runtime_Text_nameEmpty__C
003f3b8a    fcee (003f3b80)     _xdc_runtime_Text_nameStatic__C
003f3b8c    fcee (003f3b80)     _xdc_runtime_Text_nameUnknown__C
003f3b8e    fcee (003f3b80)     _xdc_runtime_Text_nodeTab__C
003f3b90    fcee (003f3b80)     _xdc_runtime_Text_visitRopeFxn__C
003f3b92    fcee (003f3b80)     _ti_sysbios_knl_Semaphore_Module__id__C
003f3b93    fcee (003f3b80)     _ti_sysbios_knl_Swi_Object__count__C
003f3b94    fcee (003f3b80)     _ti_sysbios_knl_Task_Module__id__C
003f3b95    fcee (003f3b80)     _ti_sysbios_knl_Task_Object__count__C
003f3b96    fcee (003f3b80)     _ti_sysbios_knl_Task_numConstructedTasks__C
003f3b97    fcee (003f3b80)     _xdc_runtime_Core_Module__id__C
003f3b98    fcee (003f3b80)     _xdc_runtime_Error_Module__loggerDefined__C
003f3b99    fcee (003f3b80)     _xdc_runtime_Error_maxDepth__C
003f3b9a    fcee (003f3b80)     _xdc_runtime_Error_policy__C
003f3b9b    fcee (003f3b80)     _xdc_runtime_HeapStd_Module__id__C
003f3b9c    fcee (003f3b80)     _xdc_runtime_LoggerBuf_Module__id__C
003f3b9d    fcee (003f3b80)     _xdc_runtime_LoggerBuf_Object__count__C
003f3b9e    fcee (003f3b80)     _xdc_runtime_LoggerBuf_filterByLevel__C
003f3b9f    fcee (003f3b80)     _xdc_runtime_Memory_Module__id__C
003f3ba0    fcee (003f3b80)     _xdc_runtime_Startup_maxPasses__C
003f3ba1    fcee (003f3b80)     _xdc_runtime_SysMin_flushAtExit__C
003f3ba2    fcee (003f3b80)     _xdc_runtime_System_maxAtexitHandlers__C
003f3ba3    fcee (003f3b80)     _xdc_runtime_Text_charCnt__C
003f3ba4    fcee (003f3b80)     _xdc_runtime_Text_isLoaded__C
003f3ba5    fcee (003f3b80)     _xdc_runtime_Text_registryModsLastId__C
003f3ba6    fcee (003f3b80)     _xdc_runtime_Text_unnamedModsLastId__C

003f7ff8    fdff (003f7fc0)     _CsmPwl


GLOBAL SYMBOLS: SORTED ALPHABETICALLY BY Name 

page  address   name                                                      
----  -------   ----                                                      
0     003f0000  .text                                                     
0     003f1ac8  C$$EXIT                                                   
0     003f0bb0  C$$IO$$                                                   
0     003f05dd  LL$$DIV                                                   
0     003f0619  LL$$MOD                                                   
0     003f0653  ULL$$DIV                                                  
0     003f0682  ULL$$MOD                                                  
0     003f040f  _ADC_1                                                    
0     003f041f  _ADC_2                                                    
0     003f0401  _ADCtimer                                                 
1     00007100  _AdcRegs                                                  
1     00000b00  _AdcResult                                                
1     00006400  _Comp1Regs                                                
1     00006420  _Comp2Regs                                                
1     00000c00  _CpuTimer0Regs                                            
1     00000c08  _CpuTimer1Regs                                            
1     00000c10  _CpuTimer2Regs                                            
1     003f7ff8  _CsmPwl                                                   
1     00000ae0  _CsmRegs                                                  
0     003f2008  _DelayUs                                                  
1     00000880  _DevEmuRegs                                               
0     003f0a18  _DeviceInit                                               
1     00006a00  _ECap1Regs                                                
1     00006800  _EPwm1Regs                                                
1     00006840  _EPwm2Regs                                                
1     00006880  _EPwm3Regs                                                
1     000068c0  _EPwm4Regs                                                
0     00000d01  _EmuBMode                                                 
0     00000d00  _EmuKey                                                   
0     003f04d5  _FFT32_calc                                               
0     003f22d2  _FFT32_init                                               
0     003f2085  _FFT32_izero                                              
1     00000a80  _FlashRegs                                                
0     00000d04  _Flash_CPUScaleFactor                                     
0     00000d02  _Flash_CallbackPtr                                        
1     00006f80  _GpioCtrlRegs                                             
1     00006fc0  _GpioDataRegs                                             
1     00006fe0  _GpioIntRegs                                              
0     003f166a  _HOSTwrite                                                
1     00007900  _I2caRegs                                                 
0     003f1751  _IIR5BIQ16_calc                                           
0     003f1741  _IIR5BIQ16_init                                           
1     00007060  _NmiIntruptRegs                                           
1     003d7fff  _PartIdRegs                                               
1     00000ce0  _PieCtrlRegs                                              
0     00000d00  _PieVectTable                                             
0     003f1baa  _RFFT32_brev                                              
0     003f1f87  _RFFT32_brev_RT                                           
0     003f1bcc  _RFFT32_mag                                               
0     003f12a5  _RFFT32_split                                             
0     003f1b3f  _RFFT32_win                                               
1     00008000  _RamfuncsLoadEnd                                          
abs   00000000  _RamfuncsLoadSize                                         
1     00008000  _RamfuncsLoadStart                                        
1     00008000  _RamfuncsRunStart                                         
0     003f3aea  _SEMFft                                                   
0     003f3ae4  _SWIFilter                                                
1     00007050  _SciaRegs                                                 
1     00007040  _SpiaRegs                                                 
1     00007010  _SysCtrlRegs                                              
1     00000985  _SysPwrCtrlRegs                                           
1     00007070  _XIntruptRegs                                             
1     00008000  __CIOBUF_                                                 
1     00008220  __STACK_END                                               
abs   00000100  __STACK_SIZE                                              
0     00000082  ___ASM__                                                  
0     00000000  ___ISA__                                                  
0     00000035  ___PLAT__                                                 
0     00000011  ___TARG__                                                 
1     000007f8  ___TI_cleanup_ptr                                         
1     000007fa  ___TI_dtors_ptr                                           
1     000007f6  ___TI_enable_exit_profile_output                          
abs   ffffffff  ___TI_pprof_out_hndl                                      
abs   ffffffff  ___TI_prof_data_size                                      
abs   ffffffff  ___TI_prof_data_start                                     
0     003f0bb5  ___TI_readmsg                                             
0     003f0b5d  ___TI_writemsg                                            
0     0000005b  ___TRDR__                                                 
abs   ffffffff  ___binit__                                                
abs   ffffffff  ___c_args__                                               
0     003f53a8  ___cinit__                                                
0     003f2345  ___etext__                                                
abs   ffffffff  ___pinit__                                                
0     003f0000  ___text__                                                 
0     003f22ea  ___xdc__init                                              
1     00000004  ___xdc__init__addr                                        
0     003f1e49  __args_main                                               
1     000007fc  __lock                                                    
0     003f2241  __nop                                                     
0     003f223d  __register_lock                                           
0     003f2239  __register_unlock                                         
1     00008120  __stack                                                   
0     003f2344  __system_post_cinit                                       
0     003f233e  __system_pre_init                                         
1     000007fe  __unlock                                                  
0     003f1ac8  _abort                                                    
0     003f11d8  _c_int00                                                  
0     003f3a8e  _coeff1                                                   
0     003f3a9d  _coeff2                                                   
0     003f3aac  _coeff3                                                   
0     003f3abb  _coeff4                                                   
0     003f1b63  _copy_in                                                  
1     000007c9  _count                                                    
1     0000880c  _dbuffer1                                                 
1     00008812  _dbuffer2                                                 
1     00008800  _dbuffer3                                                 
1     00008806  _dbuffer4                                                 
0     003f1aca  _exit                                                     
1     000007c2  _f                                                        
0     003f048e  _fft                                                      
0     003f0409  _fftTimer                                                 
1     000007c8  _fft_count                                                
1     000007c7  _fft_flag                                                 
0     003f3aec  _fft_timer                                                
1     00008280  _fftin1                                                   
[...]
0     003f232f  _xdc_runtime_System_exitStd__E                            
0     003f2332  _malloc                                                   
0     003f2334  _ti_catalog_c2800_init_Boot_defaultLimpAbortFunction      
0     003f2336  _ti_sysbios_family_c28_TaskSupport_Module__startupDone__S 
0     003f2336  _ti_sysbios_knl_Task_SupportProxy_Module__startupDone__S  
0     003f2338  _ti_sysbios_gates_GateHwi_query__E                        
0     003f233a  _xdc_runtime_Error_getSite__E                             
0     003f233c  _xdc_runtime_HeapStd_isBlocking__E                        
0     003f233e  __system_pre_init                                         
0     003f2340  _free                                                     
0     003f2341  _ti_sysbios_BIOS_linkedWithIncorrectBootLibrary__E        
0     003f2342  _ti_sysbios_family_c28_Hwi_interruptReturn__I             
0     003f2343  _ti_sysbios_gates_GateHwi_Instance_init__E                
0     003f2344  __system_post_cinit                                       
0     003f2345  ___etext__                                                
0     003f2345  etext                                                     
0     003f2346  _xdc_runtime_Text_charTab__A                              
0     003f3714  _ti_sysbios_family_c28_Hwi_vectors                        
0     003f387f  _ti_sysbios_family_c28_Hwi_Module__id__C                  
0     003f38d8  _xdc_runtime_Text_nodeTab__A                              
0     003f396d  _ti_sysbios_family_c28_Hwi_NUM_INTERRUPTS_ALL__C          
0     003f39b1  _ti_sysbios_family_c28_Hwi_Object__count__C               
0     003f39dc  _xdc_runtime_LoggerBuf_Module__FXNS__C                    
0     003f3a13  _ti_sysbios_family_c28_TaskSupport_Module__id__C          
0     003f3a14  _xdc_runtime_HeapStd_Module__FXNS__C                      
0     003f3a28  _ti_sysbios_gates_GateHwi_Module__FXNS__C                 
0     003f3a3a  _xdc_runtime_LoggerBuf_Object__PARAMS__C                  
0     003f3a4c  _xdc_runtime_Startup_sfxnTab__A                           
0     003f3a5e  _ti_sysbios_gates_GateHwi_Object__DESC__C                 
0     003f3a6e  _xdc_runtime_HeapStd_Object__DESC__C                      
0     003f3a7e  _xdc_runtime_LoggerBuf_Object__DESC__C                    
0     003f3a8e  _coeff1                                                   
0     003f3a9d  _coeff2                                                   
0     003f3aac  _coeff3                                                   
0     003f3abb  _coeff4                                                   
0     003f3aca  _xdc_runtime_HeapStd_Object__PARAMS__C                    
0     003f3ad8  _ti_sysbios_gates_GateHwi_Object__PARAMS__C               
0     003f3ae4  _SWIFilter                                                
0     003f3ae6  _hwi0                                                     
0     003f3ae8  _hwi1                                                     
0     003f3aea  _SEMFft                                                   
0     003f3aec  _fft_timer                                                
0     003f3aee  _xdc_runtime_Startup_sfxnRts__A                           
0     003f3af7  _ti_sysbios_family_c28_Timer_startupNeeded__C             
0     003f3afd  _ti_sysbios_hal_Hwi_Module__id__C                         
0     003f3afe  _ti_sysbios_knl_Idle_funcList__A                          
0     003f3b02  _ti_sysbios_knl_Idle_funcList__C                          
0     003f3b06  _xdc_runtime_Startup_firstFxns__C                         
0     003f3b0a  _xdc_runtime_Startup_lastFxns__C                          
0     003f3b0e  _ti_sysbios_family_c28_Hwi_A_badIntNum__C                 
0     003f3b10  _ti_sysbios_family_c28_Hwi_A_invalidArg__C                
0     003f3b12  _ti_sysbios_family_c28_Hwi_E_unpluggedInterrupt__C        
0     003f3b14  _ti_sysbios_family_c28_Hwi_Module__diagsEnabled__C        
0     003f3b16  _ti_sysbios_family_c28_Hwi_Module__diagsIncluded__C       
0     003f3b18  _ti_sysbios_family_c28_Hwi_Module__diagsMask__C           
0     003f3b1a  _ti_sysbios_family_c28_TaskSupport_E_invalidStack__C      
0     003f3b1c  _ti_sysbios_hal_Hwi_E_stackOverflow__C                    
0     003f3b1e  _ti_sysbios_knl_Semaphore_A_badContext__C                 
0     003f3b20  _ti_sysbios_knl_Semaphore_A_overflow__C                   
0     003f3b22  _ti_sysbios_knl_Semaphore_A_pendTaskDisabled__C           
0     003f3b24  _ti_sysbios_knl_Semaphore_Instance_State_pendQ__O         
0     003f3b26  _ti_sysbios_knl_Semaphore_Module__diagsEnabled__C         
0     003f3b28  _ti_sysbios_knl_Semaphore_Module__diagsIncluded__C        
0     003f3b2a  _ti_sysbios_knl_Semaphore_Module__diagsMask__C            
0     003f3b2c  _ti_sysbios_knl_Task_E_spOutOfBounds__C                   
0     003f3b2e  _ti_sysbios_knl_Task_E_stackOverflow__C                   
0     003f3b30  _ti_sysbios_knl_Task_Module_State_inactiveQ__O            
0     003f3b32  _ti_sysbios_knl_Task_allBlockedFunc__C                    
0     003f3b34  _xdc_runtime_Assert_E_assertFailed__C                     
0     003f3b36  _xdc_runtime_Core_A_initializedParams__C                  
0     003f3b38  _xdc_runtime_Core_Module__diagsEnabled__C                 
0     003f3b3a  _xdc_runtime_Core_Module__diagsIncluded__C                
0     003f3b3c  _xdc_runtime_Core_Module__diagsMask__C                    
0     003f3b3e  _xdc_runtime_Error_E_memory__C                            
0     003f3b40  _xdc_runtime_Error_Module__diagsEnabled__C                
0     003f3b42  _xdc_runtime_Error_Module__diagsIncluded__C               
0     003f3b44  _xdc_runtime_Error_Module__diagsMask__C                   
0     003f3b46  _xdc_runtime_Error_Module__loggerFxn8__C                  
0     003f3b48  _xdc_runtime_Error_Module__loggerObj__C                   
0     003f3b4a  _xdc_runtime_Error_policyFxn__C                           
0     003f3b4c  _xdc_runtime_Error_raiseHook__C                           
0     003f3b4e  _xdc_runtime_HeapStd_A_align__C                           
0     003f3b50  _xdc_runtime_HeapStd_A_invalidTotalFreeSize__C            
0     003f3b52  _xdc_runtime_HeapStd_A_zeroSize__C                        
0     003f3b54  _xdc_runtime_HeapStd_E_noRTSMemory__C                     
0     003f3b56  _xdc_runtime_HeapStd_Module__diagsEnabled__C              
0     003f3b58  _xdc_runtime_HeapStd_Module__diagsIncluded__C             
0     003f3b5a  _xdc_runtime_HeapStd_Module__diagsMask__C                 
0     003f3b5c  _xdc_runtime_IFilterLogger_Interface__BASE__C             
0     003f3b5e  _xdc_runtime_IGateProvider_Interface__BASE__C             
0     003f3b60  _xdc_runtime_IHeap_Interface__BASE__C                     
0     003f3b62  _xdc_runtime_ILogger_Interface__BASE__C                   
0     003f3b64  _xdc_runtime_IModule_Interface__BASE__C                   
0     003f3b66  _xdc_runtime_Log_L_error__C                               
0     003f3b68  _xdc_runtime_LoggerBuf_E_badLevel__C                      
0     003f3b6a  _xdc_runtime_LoggerBuf_Module__gateObj__C                 
0     003f3b6c  _xdc_runtime_LoggerBuf_statusLogger__C                    
0     003f3b6e  _xdc_runtime_Memory_defaultHeapInstance__C                
0     003f3b70  _xdc_runtime_Startup_execImpl__C                          
0     003f3b72  _xdc_runtime_Startup_firstFxns__A                         
0     003f3b74  _xdc_runtime_Startup_lastFxns__A                          
0     003f3b76  _xdc_runtime_Startup_sfxnRts__C                           
0     003f3b78  _xdc_runtime_Startup_sfxnTab__C                           
0     003f3b7a  _xdc_runtime_SysMin_bufSize__C                            
0     003f3b7c  _xdc_runtime_SysMin_outputFunc__C                         
0     003f3b7e  _xdc_runtime_System_Module__gateObj__C                    
0     003f3b80  _xdc_runtime_System_abortFxn__C                           
0     003f3b82  _xdc_runtime_System_exitFxn__C                            
0     003f3b84  _xdc_runtime_System_extendFxn__C                          
0     003f3b86  _xdc_runtime_Text_charTab__C                              
0     003f3b88  _xdc_runtime_Text_nameEmpty__C                            
0     003f3b8a  _xdc_runtime_Text_nameStatic__C                           
0     003f3b8c  _xdc_runtime_Text_nameUnknown__C                          
0     003f3b8e  _xdc_runtime_Text_nodeTab__C                              
0     003f3b90  _xdc_runtime_Text_visitRopeFxn__C                         
0     003f3b92  _ti_sysbios_knl_Semaphore_Module__id__C                   
0     003f3b93  _ti_sysbios_knl_Swi_Object__count__C                      
0     003f3b94  _ti_sysbios_knl_Task_Module__id__C                        
0     003f3b95  _ti_sysbios_knl_Task_Object__count__C                     
0     003f3b96  _ti_sysbios_knl_Task_numConstructedTasks__C               
0     003f3b97  _xdc_runtime_Core_Module__id__C                           
0     003f3b98  _xdc_runtime_Error_Module__loggerDefined__C               
0     003f3b99  _xdc_runtime_Error_maxDepth__C                            
0     003f3b9a  _xdc_runtime_Error_policy__C                              
0     003f3b9b  _xdc_runtime_HeapStd_Module__id__C                        
0     003f3b9c  _xdc_runtime_LoggerBuf_Module__id__C                      
0     003f3b9d  _xdc_runtime_LoggerBuf_Object__count__C                   
0     003f3b9e  _xdc_runtime_LoggerBuf_filterByLevel__C                   
0     003f3b9f  _xdc_runtime_Memory_Module__id__C                         
0     003f3ba0  _xdc_runtime_Startup_maxPasses__C                         
0     003f3ba1  _xdc_runtime_SysMin_flushAtExit__C                        
0     003f3ba2  _xdc_runtime_System_maxAtexitHandlers__C                  
0     003f3ba3  _xdc_runtime_Text_charCnt__C                              
0     003f3ba4  _xdc_runtime_Text_isLoaded__C                             
0     003f3ba5  _xdc_runtime_Text_registryModsLastId__C                   
0     003f3ba6  _xdc_runtime_Text_unnamedModsLastId__C                    
0     003f53a8  ___cinit__                                                
0     003f53a8  cinit                                                     
1     00000000  _xdc_runtime_Error_Module__state__V                       
1     00000002  _xdc_runtime_HeapStd_Module__state__V                     
1     00000004  ___xdc__init__addr                                        
1     00000006  _xdc_runtime_Memory_Module__state__V                      
1     00000008  _ti_sysbios_knl_Task_Module_State_0_idleTask__A           
1     0000000a  _ti_sysbios_gates_GateHwi_Object__table__V                
1     0000000c  _xdc_runtime_LoggerBuf_Module__state__V                   
1     00000010  _xdc_runtime_Startup_Module__state__V                     
1     00000014  _ti_sysbios_family_c28_Timer_Module__root__V              
1     00000018  _xdc_runtime_Registry_Module__state__V                    
1     0000001c  _ti_sysbios_gates_GateHwi_Module__root__V                 
1     00000020  _ti_sysbios_hal_Hwi_Module__root__V                       
1     00000024  _xdc_runtime_SysMin_Module__state__V                      
1     00000028  _xdc_runtime_System_Module__state__V                      
1     0000002c  _ti_sysbios_family_c28_TimestampProvider_Module__state__V 
1     00000030  _ti_sysbios_knl_Swi_Module__root__V                       
1     00000034  _xdc_runtime_HeapStd_Module__root__V                      
1     00000038  _xdc_runtime_LoggerBuf_Module__root__V                    
1     0000003c  _ti_sysbios_knl_Queue_Module__root__V                     
1     00000040  _ti_sysbios_family_c28_Hwi_Module__root__V                
1     00000044  _xdc_runtime_Text_Module__state__V                        
1     00000048  _ti_sysbios_knl_Semaphore_Module__root__V                 
1     0000004c  _xdc_runtime_GateNull_Module__root__V                     
1     00000050  _ti_sysbios_knl_Task_Module__root__V                      
1     00000054  _xdc_runtime_HeapStd_Object__table__V                     
1     0000005a  _xdc_runtime_System_Module_State_0_atexitHandlers__A      
1     00000062  _ti_sysbios_family_c28_Timer_Module__state__V             
1     0000006a  _ti_sysbios_knl_Semaphore_Object__table__V                
1     00000074  _ti_sysbios_knl_Swi_Module__state__V                      
1     00000080  _xdc_runtime_Error_IgnoreBlock                            
1     00000090  _ti_sysbios_family_c28_Hwi_Module__state__V               
1     000000a0  _ti_sysbios_BIOS_Module__state__V                         
1     000000c0  _xdc_runtime_LoggerBuf_Object__table__V                   
1     000000d2  _ti_sysbios_knl_Swi_Object__table__V                      
1     00000100  _ti_sysbios_knl_Task_Module__state__V                     
1     00000140  _ti_sysbios_knl_Swi_Module_State_0_readyQ__A              
1     00000180  _ti_sysbios_knl_Task_Module_State_0_readyQ__A             
1     000001c0  _ti_sysbios_family_c28_Timer_Object__table__V             
1     00000240  _xdc_runtime_SysMin_Module_State_0_outbuf__A              
1     000002c0  _ti_sysbios_family_c28_Hwi_Object__table__V               
1     00000340  _ti_sysbios_knl_Task_Object__table__V                     
1     000003c0  _ti_sysbios_family_c28_Hwi_Module_State_0_dispatchTable__A
1     000004c0  _xdc_runtime_LoggerBuf_Instance_State_0_entryArr__A       
1     000005c0  _ti_sysbios_knl_Task_Instance_State_1_stack__A            
1     000006c0  _ti_sysbios_knl_Task_Instance_State_0_stack__A            
1     000007c0  _yn                                                       
1     000007c1  _yn4                                                      
1     000007c2  _f                                                        
1     000007c3  _k                                                        
1     000007c4  _yn1                                                      
1     000007c5  _xn                                                       
1     000007c6  _yn3                                                      
1     000007c7  _fft_flag                                                 
1     000007c8  _fft_count                                                
1     000007c9  _count                                                    
1     000007ca  _i                                                        
1     000007cb  _yn2                                                      
1     000007cc  _ind                                                      
1     000007cd  _isrFlag                                                  
1     000007ce  _tickCount                                                
1     000007cf  _newsample2                                               
1     000007d0  _newsample1                                               
1     000007d1  _n                                                        
1     000007d2  _gain                                                     
1     000007d6  _rfft                                                     
1     000007ee  _parmbuf                                                  
1     000007f6  ___TI_enable_exit_profile_output                          
1     000007f8  ___TI_cleanup_ptr                                         
1     000007fa  ___TI_dtors_ptr                                           
1     000007fc  __lock                                                    
1     000007fe  __unlock                                                  
1     00000880  _DevEmuRegs                                               
1     00000985  _SysPwrCtrlRegs                                           
1     00000a80  _FlashRegs                                                
1     00000ae0  _CsmRegs                                                  
1     00000b00  _AdcResult                                                
1     00000c00  _CpuTimer0Regs                                            
1     00000c08  _CpuTimer1Regs                                            
1     00000c10  _CpuTimer2Regs                                            
1     00000ce0  _PieCtrlRegs                                              
1     00006400  _Comp1Regs                                                
1     00006420  _Comp2Regs                                                
1     00006800  _EPwm1Regs                                                
1     00006840  _EPwm2Regs                                                
1     00006880  _EPwm3Regs                                                
1     000068c0  _EPwm4Regs                                                
1     00006a00  _ECap1Regs                                                
1     00006f80  _GpioCtrlRegs                                             
1     00006fc0  _GpioDataRegs                                             
1     00006fe0  _GpioIntRegs                                              
1     00007010  _SysCtrlRegs                                              
1     00007040  _SpiaRegs                                                 
1     00007050  _SciaRegs                                                 
1     00007060  _NmiIntruptRegs                                           
1     00007070  _XIntruptRegs                                             
1     00007100  _AdcRegs                                                  
1     00007900  _I2caRegs                                                 
1     00008000  _RamfuncsLoadEnd                                          
1     00008000  _RamfuncsLoadStart                                        
1     00008000  _RamfuncsRunStart                                         
1     00008000  __CIOBUF_                                                 
1     00008120  __stack                                                   
1     00008220  __STACK_END                                               
1     00008240  _fftout1                                                  
1     00008280  _fftin1                                                   
1     000082c0  _fftmag                                                   
1     00008400  _iir3                                                     
1     0000840e  _iir4                                                     
1     0000841c  _iir1                                                     
1     0000842a  _iir2                                                     
1     00008800  _dbuffer3                                                 
1     00008806  _dbuffer4                                                 
1     0000880c  _dbuffer1                                                 
1     00008812  _dbuffer2                                                 
1     003d7fff  _PartIdRegs                                               
1     003f7ff8  _CsmPwl                                                   
abs   00000000  _RamfuncsLoadSize                                         
abs   00000001  _xdc_runtime_Startup__EXECFXN__C                          
abs   00000001  _xdc_runtime_Startup__RESETFXN__C                         
abs   00000100  __STACK_SIZE                                              
abs   ffffffff  ___TI_pprof_out_hndl                                      
abs   ffffffff  ___TI_prof_data_size                                      
abs   ffffffff  ___TI_prof_data_start                                     
abs   ffffffff  ___binit__                                                
abs   ffffffff  ___c_args__                                               
abs   ffffffff  ___pinit__                                                
abs   ffffffff  binit                                                     
abs   ffffffff  pinit                                                     

[519 symbols]
