<?xml version="1.0" encoding="ISO-8859-1" ?>
<link_info>
   <banner>TMS320C2000 Linker PC v18.1.8.LTS</banner>
   <copyright>Copyright (c) 1996-2018 Texas Instruments Incorporated</copyright>
   <link_time>0x5fc69e10</link_time>
   <link_errors>0x0</link_errors>
   <output_file>acoustic_calibrator.out</output_file>
   <entry_point>
      <name>_c_int00</name>
      <address>0x3f0f4f</address>
   </entry_point>
   <input_file_list>
      <input_file id="fl-2">
         <path>.\</path>
         <kind>object</kind>
         <file>DelayUs.obj</file>
         <name>DelayUs.obj</name>
      </input_file>
      <input_file id="fl-3">
         <path>.\</path>
         <kind>object</kind>
         <file>DeviceInit_18Nov2018.obj</file>
         <name>DeviceInit_18Nov2018.obj</name>
      </input_file>
      <input_file id="fl-4">
         <path>.\</path>
         <kind>object</kind>
         <file>F2802x_GlobalVariableDefs.obj</file>
         <name>F2802x_GlobalVariableDefs.obj</name>
      </input_file>
      <input_file id="fl-5">
         <path>.\</path>
         <kind>object</kind>
         <file>FFT32_calc.obj</file>
         <name>FFT32_calc.obj</name>
      </input_file>
      <input_file id="fl-6">
         <path>.\</path>
         <kind>object</kind>
         <file>FFT32_init.obj</file>
         <name>FFT32_init.obj</name>
      </input_file>
      <input_file id="fl-7">
         <path>.\</path>
         <kind>object</kind>
         <file>FFT32_izero.obj</file>
         <name>FFT32_izero.obj</name>
      </input_file>
      <input_file id="fl-8">
         <path>.\</path>
         <kind>object</kind>
         <file>RFFT32_brev.obj</file>
         <name>RFFT32_brev.obj</name>
      </input_file>
      <input_file id="fl-9">
         <path>.\</path>
         <kind>object</kind>
         <file>RFFT32_brev_RT.obj</file>
         <name>RFFT32_brev_RT.obj</name>
      </input_file>
      <input_file id="fl-a">
         <path>.\</path>
         <kind>object</kind>
         <file>RFFT32_mag.obj</file>
         <name>RFFT32_mag.obj</name>
      </input_file>
      <input_file id="fl-b">
         <path>.\</path>
         <kind>object</kind>
         <file>RFFT32_split.obj</file>
         <name>RFFT32_split.obj</name>
      </input_file>
      <input_file id="fl-c">
         <path>.\</path>
         <kind>object</kind>
         <file>RFFT32_win.obj</file>
         <name>RFFT32_win.obj</name>
      </input_file>
      <input_file id="fl-d">
         <path>.\</path>
         <kind>object</kind>
         <file>idle.obj</file>
         <name>idle.obj</name>
      </input_file>
      <input_file id="fl-e">
         <path>.\</path>
         <kind>object</kind>
         <file>iir5biq16.obj</file>
         <name>iir5biq16.obj</name>
      </input_file>
      <input_file id="fl-f">
         <path>.\</path>
         <kind>object</kind>
         <file>sel_q.obj</file>
         <name>sel_q.obj</name>
      </input_file>
      <input_file id="fl-13">
         <path>C:\Users\Alex\Documents\GitHub\acoustic-calibrator\audioCalibrator\acoustic_calibrator\Debug\configPkg\package\cfg\</path>
         <kind>object</kind>
         <file>idle_p28L.o28L</file>
         <name>idle_p28L.o28L</name>
      </input_file>
      <input_file id="fl-1a">
         <kind>object</kind>
         <file>&lt;internal&gt;</file>
         <name>&lt;internal&gt;</name>
      </input_file>
      <input_file id="fl-1b">
         <path>C:\Users\Alex\Documents\GitHub\acoustic-calibrator\audioCalibrator\acoustic_calibrator\src\sysbios\</path>
         <kind>archive</kind>
         <file>sysbios.a28L</file>
         <name>BIOS.obj</name>
      </input_file>
      <input_file id="fl-1c">
         <path>C:\Users\Alex\Documents\GitHub\acoustic-calibrator\audioCalibrator\acoustic_calibrator\src\sysbios\</path>
         <kind>archive</kind>
         <file>sysbios.a28L</file>
         <name>c28_Hwi_asm.obj</name>
      </input_file>
      <input_file id="fl-1d">
         <path>C:\Users\Alex\Documents\GitHub\acoustic-calibrator\audioCalibrator\acoustic_calibrator\src\sysbios\</path>
         <kind>archive</kind>
         <file>sysbios.a28L</file>
         <name>c28_Hwi_disp_asm.obj</name>
      </input_file>
      <input_file id="fl-1e">
         <path>C:\Users\Alex\Documents\GitHub\acoustic-calibrator\audioCalibrator\acoustic_calibrator\src\sysbios\</path>
         <kind>archive</kind>
         <file>sysbios.a28L</file>
         <name>c28_IntrinsicsSupport_asm.obj</name>
      </input_file>
      <input_file id="fl-1f">
         <path>C:\Users\Alex\Documents\GitHub\acoustic-calibrator\audioCalibrator\acoustic_calibrator\src\sysbios\</path>
         <kind>archive</kind>
         <file>sysbios.a28L</file>
         <name>c28_TaskSupport_asm.obj</name>
      </input_file>
      <input_file id="fl-20">
         <path>C:\ti\bios_6_76_04_02\packages\ti\catalog\c2800\init\lib\</path>
         <kind>archive</kind>
         <file>Boot.a28L</file>
         <name>Boot.o28L</name>
      </input_file>
      <input_file id="fl-21">
         <path>C:\ti\bios_6_76_04_02\packages\ti\targets\rts2800\lib\</path>
         <kind>archive</kind>
         <file>ti.targets.rts2800.a28L</file>
         <name>Assert.o28L</name>
      </input_file>
      <input_file id="fl-22">
         <path>C:\ti\bios_6_76_04_02\packages\ti\targets\rts2800\lib\</path>
         <kind>archive</kind>
         <file>ti.targets.rts2800.a28L</file>
         <name>Core-mem.o28L</name>
      </input_file>
      <input_file id="fl-23">
         <path>C:\ti\bios_6_76_04_02\packages\ti\targets\rts2800\lib\</path>
         <kind>archive</kind>
         <file>ti.targets.rts2800.a28L</file>
         <name>Core-smem.o28L</name>
      </input_file>
      <input_file id="fl-24">
         <path>C:\ti\bios_6_76_04_02\packages\ti\targets\rts2800\lib\</path>
         <kind>archive</kind>
         <file>ti.targets.rts2800.a28L</file>
         <name>Core-label.o28L</name>
      </input_file>
      <input_file id="fl-25">
         <path>C:\ti\bios_6_76_04_02\packages\ti\targets\rts2800\lib\</path>
         <kind>archive</kind>
         <file>ti.targets.rts2800.a28L</file>
         <name>Core-params.o28L</name>
      </input_file>
      <input_file id="fl-26">
         <path>C:\ti\bios_6_76_04_02\packages\ti\targets\rts2800\lib\</path>
         <kind>archive</kind>
         <file>ti.targets.rts2800.a28L</file>
         <name>Error.o28L</name>
      </input_file>
      <input_file id="fl-27">
         <path>C:\ti\bios_6_76_04_02\packages\ti\targets\rts2800\lib\</path>
         <kind>archive</kind>
         <file>ti.targets.rts2800.a28L</file>
         <name>Gate.o28L</name>
      </input_file>
      <input_file id="fl-28">
         <path>C:\ti\bios_6_76_04_02\packages\ti\targets\rts2800\lib\</path>
         <kind>archive</kind>
         <file>ti.targets.rts2800.a28L</file>
         <name>GateNull.o28L</name>
      </input_file>
      <input_file id="fl-29">
         <path>C:\ti\bios_6_76_04_02\packages\ti\targets\rts2800\lib\</path>
         <kind>archive</kind>
         <file>ti.targets.rts2800.a28L</file>
         <name>HeapStd.o28L</name>
      </input_file>
      <input_file id="fl-2a">
         <path>C:\ti\bios_6_76_04_02\packages\ti\targets\rts2800\lib\</path>
         <kind>archive</kind>
         <file>ti.targets.rts2800.a28L</file>
         <name>LoggerBuf.o28L</name>
      </input_file>
      <input_file id="fl-2b">
         <path>C:\ti\bios_6_76_04_02\packages\ti\targets\rts2800\lib\</path>
         <kind>archive</kind>
         <file>ti.targets.rts2800.a28L</file>
         <name>Memory.o28L</name>
      </input_file>
      <input_file id="fl-2c">
         <path>C:\ti\bios_6_76_04_02\packages\ti\targets\rts2800\lib\</path>
         <kind>archive</kind>
         <file>ti.targets.rts2800.a28L</file>
         <name>Startup.o28L</name>
      </input_file>
      <input_file id="fl-2d">
         <path>C:\ti\bios_6_76_04_02\packages\ti\targets\rts2800\lib\</path>
         <kind>archive</kind>
         <file>ti.targets.rts2800.a28L</file>
         <name>System.o28L</name>
      </input_file>
      <input_file id="fl-2e">
         <path>C:\ti\bios_6_76_04_02\packages\ti\targets\rts2800\lib\</path>
         <kind>archive</kind>
         <file>ti.targets.rts2800.a28L</file>
         <name>SysMin.o28L</name>
      </input_file>
      <input_file id="fl-2f">
         <path>C:\ti\bios_6_76_04_02\packages\ti\targets\rts2800\lib\</path>
         <kind>archive</kind>
         <file>ti.targets.rts2800.a28L</file>
         <name>Text.o28L</name>
      </input_file>
      <input_file id="fl-30">
         <path>C:\ti\bios_6_76_04_02\packages\ti\targets\rts2800\lib\</path>
         <kind>archive</kind>
         <file>ti.targets.rts2800.a28L</file>
         <name>xdc_noinit.o28L</name>
      </input_file>
      <input_file id="fl-31">
         <path>C:\ti\bios_6_76_04_02\packages\ti\targets\rts2800\lib\</path>
         <kind>archive</kind>
         <file>ti.targets.rts2800.a28L</file>
         <name>Log.o28L</name>
      </input_file>
      <input_file id="fl-32">
         <path>C:\ti\bios_6_76_04_02\packages\ti\targets\rts2800\lib\</path>
         <kind>archive</kind>
         <file>ti.targets.rts2800.a28L</file>
         <name>Registry.o28L</name>
      </input_file>
      <input_file id="fl-33">
         <path>C:\ti\bios_6_76_04_02\packages\ti\targets\rts2800\lib\</path>
         <kind>archive</kind>
         <file>boot.a28L</file>
         <name>boot_cg.o28L</name>
      </input_file>
      <input_file id="fl-3f">
         <path>C:\ti\ccsv8\tools\compiler\ti-cgt-c2000_18.1.8.LTS\lib\</path>
         <kind>archive</kind>
         <file>rts2800_ml.lib</file>
         <name>ll_div28.asm.obj</name>
      </input_file>
      <input_file id="fl-40">
         <path>C:\ti\ccsv8\tools\compiler\ti-cgt-c2000_18.1.8.LTS\lib\</path>
         <kind>archive</kind>
         <file>rts2800_ml.lib</file>
         <name>cpy_tbl.c.obj</name>
      </input_file>
      <input_file id="fl-41">
         <path>C:\ti\ccsv8\tools\compiler\ti-cgt-c2000_18.1.8.LTS\lib\</path>
         <kind>archive</kind>
         <file>rts2800_ml.lib</file>
         <name>memcpy.c.obj</name>
      </input_file>
      <input_file id="fl-42">
         <path>C:\ti\ccsv8\tools\compiler\ti-cgt-c2000_18.1.8.LTS\lib\</path>
         <kind>archive</kind>
         <file>rts2800_ml.lib</file>
         <name>pre_init.c.obj</name>
      </input_file>
      <input_file id="fl-43">
         <path>C:\ti\ccsv8\tools\compiler\ti-cgt-c2000_18.1.8.LTS\lib\</path>
         <kind>archive</kind>
         <file>rts2800_ml.lib</file>
         <name>startup.c.obj</name>
      </input_file>
      <input_file id="fl-44">
         <path>C:\ti\ccsv8\tools\compiler\ti-cgt-c2000_18.1.8.LTS\lib\</path>
         <kind>archive</kind>
         <file>rts2800_ml.lib</file>
         <name>exit.c.obj</name>
      </input_file>
      <input_file id="fl-45">
         <path>C:\ti\ccsv8\tools\compiler\ti-cgt-c2000_18.1.8.LTS\lib\</path>
         <kind>archive</kind>
         <file>rts2800_ml.lib</file>
         <name>_lock.c.obj</name>
      </input_file>
      <input_file id="fl-46">
         <path>C:\ti\ccsv8\tools\compiler\ti-cgt-c2000_18.1.8.LTS\lib\</path>
         <kind>archive</kind>
         <file>rts2800_ml.lib</file>
         <name>args_main.c.obj</name>
      </input_file>
      <input_file id="fl-47">
         <path>C:\ti\ccsv8\tools\compiler\ti-cgt-c2000_18.1.8.LTS\lib\</path>
         <kind>archive</kind>
         <file>rts2800_ml.lib</file>
         <name>memset.c.obj</name>
      </input_file>
      <input_file id="fl-48">
         <path>C:\ti\ccsv8\tools\compiler\ti-cgt-c2000_18.1.8.LTS\lib\</path>
         <kind>archive</kind>
         <file>rts2800_ml.lib</file>
         <name>strcmp.c.obj</name>
      </input_file>
      <input_file id="fl-49">
         <path>C:\ti\ccsv8\tools\compiler\ti-cgt-c2000_18.1.8.LTS\lib\</path>
         <kind>archive</kind>
         <file>rts2800_ml.lib</file>
         <name>strlen.c.obj</name>
      </input_file>
      <input_file id="fl-4a">
         <path>C:\ti\ccsv8\tools\compiler\ti-cgt-c2000_18.1.8.LTS\lib\</path>
         <kind>archive</kind>
         <file>rts2800_ml.lib</file>
         <name>hostwrite.c.obj</name>
      </input_file>
      <input_file id="fl-4b">
         <path>C:\ti\ccsv8\tools\compiler\ti-cgt-c2000_18.1.8.LTS\lib\</path>
         <kind>archive</kind>
         <file>rts2800_ml.lib</file>
         <name>trgmsg.c.obj</name>
      </input_file>
      <input_file id="fl-4c">
         <path>C:\ti\ccsv8\tools\compiler\ti-cgt-c2000_18.1.8.LTS\lib\</path>
         <kind>archive</kind>
         <file>rts2800_ml.lib</file>
         <name>hostopen.c.obj</name>
      </input_file>
   </input_file_list>
   <object_component_list>
      <object_component id="oc-68">
         <name>PieVectTableFile</name>
         <uninitialized>true</uninitialized>
         <run_address>0xd00</run_address>
         <size>0x100</size>
         <input_file_ref idref="fl-4"/>
      </object_component>
      <object_component id="oc-48">
         <name>EmuKeyVar</name>
         <uninitialized>true</uninitialized>
         <run_address>0xd00</run_address>
         <size>0x1</size>
         <input_file_ref idref="fl-4"/>
      </object_component>
      <object_component id="oc-4a">
         <name>EmuBModeVar</name>
         <uninitialized>true</uninitialized>
         <run_address>0xd01</run_address>
         <size>0x1</size>
         <input_file_ref idref="fl-4"/>
      </object_component>
      <object_component id="oc-4b">
         <name>FlashCallbackVar</name>
         <uninitialized>true</uninitialized>
         <run_address>0xd02</run_address>
         <size>0x2</size>
         <input_file_ref idref="fl-4"/>
      </object_component>
      <object_component id="oc-4c">
         <name>FlashScalingVar</name>
         <uninitialized>true</uninitialized>
         <run_address>0xd04</run_address>
         <size>0x2</size>
         <input_file_ref idref="fl-4"/>
      </object_component>
      <object_component id="oc-4e">
         <name>DevEmuRegsFile</name>
         <uninitialized>true</uninitialized>
         <run_address>0x880</run_address>
         <size>0x4</size>
         <input_file_ref idref="fl-4"/>
      </object_component>
      <object_component id="oc-4d">
         <name>SysPwrCtrlRegsFile</name>
         <uninitialized>true</uninitialized>
         <run_address>0x985</run_address>
         <size>0x3</size>
         <input_file_ref idref="fl-4"/>
      </object_component>
      <object_component id="oc-4f">
         <name>FlashRegsFile</name>
         <uninitialized>true</uninitialized>
         <run_address>0xa80</run_address>
         <size>0x8</size>
         <input_file_ref idref="fl-4"/>
      </object_component>
      <object_component id="oc-57">
         <name>CsmRegsFile</name>
         <uninitialized>true</uninitialized>
         <run_address>0xae0</run_address>
         <size>0x10</size>
         <input_file_ref idref="fl-4"/>
      </object_component>
      <object_component id="oc-60">
         <name>AdcResultFile</name>
         <uninitialized>true</uninitialized>
         <run_address>0xb00</run_address>
         <size>0x20</size>
         <input_file_ref idref="fl-4"/>
      </object_component>
      <object_component id="oc-51">
         <name>CpuTimer0RegsFile</name>
         <uninitialized>true</uninitialized>
         <run_address>0xc00</run_address>
         <size>0x8</size>
         <input_file_ref idref="fl-4"/>
      </object_component>
      <object_component id="oc-50">
         <name>CpuTimer1RegsFile</name>
         <uninitialized>true</uninitialized>
         <run_address>0xc08</run_address>
         <size>0x8</size>
         <input_file_ref idref="fl-4"/>
      </object_component>
      <object_component id="oc-53">
         <name>CpuTimer2RegsFile</name>
         <uninitialized>true</uninitialized>
         <run_address>0xc10</run_address>
         <size>0x8</size>
         <input_file_ref idref="fl-4"/>
      </object_component>
      <object_component id="oc-5a">
         <name>PieCtrlRegsFile</name>
         <uninitialized>true</uninitialized>
         <run_address>0xce0</run_address>
         <size>0x1a</size>
         <input_file_ref idref="fl-4"/>
      </object_component>
      <object_component id="oc-5c">
         <name>ECap1RegsFile</name>
         <uninitialized>true</uninitialized>
         <run_address>0x6a00</run_address>
         <size>0x20</size>
         <input_file_ref idref="fl-4"/>
      </object_component>
      <object_component id="oc-64">
         <name>GpioCtrlRegsFile</name>
         <uninitialized>true</uninitialized>
         <run_address>0x6f80</run_address>
         <size>0x40</size>
         <input_file_ref idref="fl-4"/>
      </object_component>
      <object_component id="oc-5f">
         <name>GpioDataRegsFile</name>
         <uninitialized>true</uninitialized>
         <run_address>0x6fc0</run_address>
         <size>0x20</size>
         <input_file_ref idref="fl-4"/>
      </object_component>
      <object_component id="oc-54">
         <name>GpioIntRegsFile</name>
         <uninitialized>true</uninitialized>
         <run_address>0x6fe0</run_address>
         <size>0xa</size>
         <input_file_ref idref="fl-4"/>
      </object_component>
      <object_component id="oc-5b">
         <name>SysCtrlRegsFile</name>
         <uninitialized>true</uninitialized>
         <run_address>0x7010</run_address>
         <size>0x1f</size>
         <input_file_ref idref="fl-4"/>
      </object_component>
      <object_component id="oc-59">
         <name>SpiaRegsFile</name>
         <uninitialized>true</uninitialized>
         <run_address>0x7040</run_address>
         <size>0x10</size>
         <input_file_ref idref="fl-4"/>
      </object_component>
      <object_component id="oc-56">
         <name>SciaRegsFile</name>
         <uninitialized>true</uninitialized>
         <run_address>0x7050</run_address>
         <size>0x10</size>
         <input_file_ref idref="fl-4"/>
      </object_component>
      <object_component id="oc-55">
         <name>NmiIntruptRegsFile</name>
         <uninitialized>true</uninitialized>
         <run_address>0x7060</run_address>
         <size>0x10</size>
         <input_file_ref idref="fl-4"/>
      </object_component>
      <object_component id="oc-58">
         <name>XIntruptRegsFile</name>
         <uninitialized>true</uninitialized>
         <run_address>0x7070</run_address>
         <size>0x10</size>
         <input_file_ref idref="fl-4"/>
      </object_component>
      <object_component id="oc-67">
         <name>AdcRegsFile</name>
         <uninitialized>true</uninitialized>
         <run_address>0x7100</run_address>
         <size>0x51</size>
         <input_file_ref idref="fl-4"/>
      </object_component>
      <object_component id="oc-61">
         <name>I2caRegsFile</name>
         <uninitialized>true</uninitialized>
         <run_address>0x7900</run_address>
         <size>0x22</size>
         <input_file_ref idref="fl-4"/>
      </object_component>
      <object_component id="oc-5e">
         <name>Comp1RegsFile</name>
         <uninitialized>true</uninitialized>
         <run_address>0x6400</run_address>
         <size>0x20</size>
         <input_file_ref idref="fl-4"/>
      </object_component>
      <object_component id="oc-5d">
         <name>Comp2RegsFile</name>
         <uninitialized>true</uninitialized>
         <run_address>0x6420</run_address>
         <size>0x20</size>
         <input_file_ref idref="fl-4"/>
      </object_component>
      <object_component id="oc-65">
         <name>EPwm1RegsFile</name>
         <uninitialized>true</uninitialized>
         <run_address>0x6800</run_address>
         <size>0x40</size>
         <input_file_ref idref="fl-4"/>
      </object_component>
      <object_component id="oc-62">
         <name>EPwm2RegsFile</name>
         <uninitialized>true</uninitialized>
         <run_address>0x6840</run_address>
         <size>0x40</size>
         <input_file_ref idref="fl-4"/>
      </object_component>
      <object_component id="oc-66">
         <name>EPwm3RegsFile</name>
         <uninitialized>true</uninitialized>
         <run_address>0x6880</run_address>
         <size>0x40</size>
         <input_file_ref idref="fl-4"/>
      </object_component>
      <object_component id="oc-63">
         <name>EPwm4RegsFile</name>
         <uninitialized>true</uninitialized>
         <run_address>0x68c0</run_address>
         <size>0x40</size>
         <input_file_ref idref="fl-4"/>
      </object_component>
      <object_component id="oc-52">
         <name>CsmPwlFile</name>
         <uninitialized>true</uninitialized>
         <run_address>0x3f7ff8</run_address>
         <size>0x8</size>
         <input_file_ref idref="fl-4"/>
      </object_component>
      <object_component id="oc-49">
         <name>PartIdRegsFile</name>
         <uninitialized>true</uninitialized>
         <run_address>0x3d7fff</run_address>
         <size>0x1</size>
         <input_file_ref idref="fl-4"/>
      </object_component>
      <object_component id="oc-a3">
         <name>.cinit</name>
         <load_address>0x3f5038</load_address>
         <run_address>0x3f5038</run_address>
         <size>0x39c</size>
         <input_file_ref idref="fl-13"/>
      </object_component>
      <object_component id="oc-94">
         <name>.cinit</name>
         <load_address>0x3f53d4</load_address>
         <run_address>0x3f53d4</run_address>
         <size>0x27</size>
         <input_file_ref idref="fl-d"/>
      </object_component>
      <object_component id="oc-147">
         <name>.cinit</name>
         <load_address>0x3f53fb</load_address>
         <run_address>0x3f53fb</run_address>
         <size>0xe</size>
         <input_file_ref idref="fl-44"/>
      </object_component>
      <object_component id="oc-1dc">
         <name>.cinit:__lock</name>
         <load_address>0x3f5409</load_address>
         <run_address>0x3f5409</run_address>
         <size>0x5</size>
         <input_file_ref idref="fl-45"/>
      </object_component>
      <object_component id="oc-1db">
         <name>.cinit:__unlock</name>
         <load_address>0x3f540e</load_address>
         <run_address>0x3f540e</run_address>
         <size>0x5</size>
         <input_file_ref idref="fl-45"/>
      </object_component>
      <object_component id="oc-299">
         <name>.text:_xdc_runtime_System_doPrint__I</name>
         <load_address>0x3f0000</load_address>
         <run_address>0x3f0000</run_address>
         <size>0x223</size>
         <input_file_ref idref="fl-2d"/>
      </object_component>
      <object_component id="oc-6a">
         <name>.text</name>
         <load_address>0x3f0223</load_address>
         <run_address>0x3f0223</run_address>
         <size>0x108</size>
         <input_file_ref idref="fl-5"/>
      </object_component>
      <object_component id="oc-12d">
         <name>.text</name>
         <load_address>0x3f032b</load_address>
         <run_address>0x3f032b</run_address>
         <size>0x107</size>
         <input_file_ref idref="fl-3f"/>
      </object_component>
      <object_component id="oc-19c">
         <name>.text:_xdc_runtime_HeapStd_alloc__E</name>
         <load_address>0x3f0432</load_address>
         <run_address>0x3f0432</run_address>
         <size>0xee</size>
         <input_file_ref idref="fl-29"/>
      </object_component>
      <object_component id="oc-210">
         <name>.text:_ti_sysbios_family_c28_Hwi_clearInterrupt__E</name>
         <load_address>0x3f0520</load_address>
         <run_address>0x3f0520</run_address>
         <size>0xe1</size>
         <input_file_ref idref="fl-1b"/>
      </object_component>
      <object_component id="oc-1b3">
         <name>.text:_xdc_runtime_LoggerBuf_write8__E</name>
         <load_address>0x3f0601</load_address>
         <run_address>0x3f0601</run_address>
         <size>0xb5</size>
         <input_file_ref idref="fl-2a"/>
      </object_component>
      <object_component id="oc-2ac">
         <name>.text:_xdc_runtime_System_printfExtend__I</name>
         <load_address>0x3f06b6</load_address>
         <run_address>0x3f06b6</run_address>
         <size>0xb0</size>
         <input_file_ref idref="fl-13"/>
      </object_component>
      <object_component id="oc-1b9">
         <name>.text</name>
         <load_address>0x3f0766</load_address>
         <run_address>0x3f0766</run_address>
         <size>0xa6</size>
         <input_file_ref idref="fl-3"/>
      </object_component>
      <object_component id="oc-186">
         <name>.text</name>
         <load_address>0x3f080c</load_address>
         <run_address>0x3f080c</run_address>
         <size>0xa6</size>
         <input_file_ref idref="fl-d"/>
      </object_component>
      <object_component id="oc-1c6">
         <name>.text:_xdc_runtime_Core_createObject__I</name>
         <load_address>0x3f08b2</load_address>
         <run_address>0x3f08b2</run_address>
         <size>0x9f</size>
         <input_file_ref idref="fl-22"/>
      </object_component>
      <object_component id="oc-291">
         <name>.text</name>
         <load_address>0x3f0951</load_address>
         <run_address>0x3f0951</run_address>
         <size>0x94</size>
         <input_file_ref idref="fl-4b"/>
      </object_component>
      <object_component id="oc-211">
         <name>.text:_ti_sysbios_family_c28_Hwi_enableInterrupt__E</name>
         <load_address>0x3f09e5</load_address>
         <run_address>0x3f09e5</run_address>
         <size>0x8e</size>
         <input_file_ref idref="fl-1b"/>
      </object_component>
      <object_component id="oc-1f2">
         <name>.text:_xdc_runtime_Error_policyDefault__E</name>
         <load_address>0x3f0a73</load_address>
         <run_address>0x3f0a73</run_address>
         <size>0x8c</size>
         <input_file_ref idref="fl-26"/>
      </object_component>
      <object_component id="oc-286">
         <name>.text:_ti_sysbios_family_c28_Hwi_dispatch</name>
         <load_address>0x3f0aff</load_address>
         <run_address>0x3f0aff</run_address>
         <size>0x85</size>
         <input_file_ref idref="fl-1d"/>
      </object_component>
      <object_component id="oc-1d7">
         <name>.text:_xdc_runtime_HeapStd_Instance_init__E</name>
         <load_address>0x3f0b84</load_address>
         <run_address>0x3f0b84</run_address>
         <size>0x82</size>
         <input_file_ref idref="fl-29"/>
      </object_component>
      <object_component id="oc-29b">
         <name>.text:_ti_sysbios_family_c28_Hwi_disableInterrupt__E</name>
         <load_address>0x3f0c06</load_address>
         <run_address>0x3f0c06</run_address>
         <size>0x81</size>
         <input_file_ref idref="fl-1b"/>
      </object_component>
      <object_component id="oc-23e">
         <name>.text:_ti_sysbios_family_c28_Hwi_disablePIEIER__E</name>
         <load_address>0x3f0c87</load_address>
         <run_address>0x3f0c87</run_address>
         <size>0x80</size>
         <input_file_ref idref="fl-1b"/>
      </object_component>
      <object_component id="oc-23d">
         <name>.text:_ti_sysbios_family_c28_Hwi_enablePIEIER__E</name>
         <load_address>0x3f0d07</load_address>
         <run_address>0x3f0d07</run_address>
         <size>0x7f</size>
         <input_file_ref idref="fl-1b"/>
      </object_component>
      <object_component id="oc-1b2">
         <name>.text:_xdc_runtime_LoggerBuf_write4__E</name>
         <load_address>0x3f0d86</load_address>
         <run_address>0x3f0d86</run_address>
         <size>0x79</size>
         <input_file_ref idref="fl-2a"/>
      </object_component>
      <object_component id="oc-216">
         <name>.text:_ti_sysbios_knl_Task_checkStacks__E</name>
         <load_address>0x3f0dff</load_address>
         <run_address>0x3f0dff</run_address>
         <size>0x73</size>
         <input_file_ref idref="fl-1b"/>
      </object_component>
      <object_component id="oc-1f6">
         <name>.text:_xdc_runtime_Startup_startMods__I</name>
         <load_address>0x3f0e72</load_address>
         <run_address>0x3f0e72</run_address>
         <size>0x71</size>
         <input_file_ref idref="fl-2c"/>
      </object_component>
      <object_component id="oc-19d">
         <name>.text:_xdc_runtime_HeapStd_free__E</name>
         <load_address>0x3f0ee3</load_address>
         <run_address>0x3f0ee3</run_address>
         <size>0x6c</size>
         <input_file_ref idref="fl-29"/>
      </object_component>
      <object_component id="oc-3c">
         <name>.text</name>
         <load_address>0x3f0f4f</load_address>
         <run_address>0x3f0f4f</run_address>
         <size>0x67</size>
         <input_file_ref idref="fl-33"/>
      </object_component>
      <object_component id="oc-287">
         <name>.text:_ti_sysbios_family_c28_Timer_stopAndClear__I</name>
         <load_address>0x3f0fb6</load_address>
         <run_address>0x3f0fb6</run_address>
         <size>0x66</size>
         <input_file_ref idref="fl-1b"/>
      </object_component>
      <object_component id="oc-89">
         <name>.text</name>
         <load_address>0x3f101c</load_address>
         <run_address>0x3f101c</run_address>
         <size>0x64</size>
         <input_file_ref idref="fl-b"/>
      </object_component>
      <object_component id="oc-26e">
         <name>.text:_xdc_runtime_Text_putSite__E</name>
         <load_address>0x3f1080</load_address>
         <run_address>0x3f1080</run_address>
         <size>0x5d</size>
         <input_file_ref idref="fl-2f"/>
      </object_component>
      <object_component id="oc-2ae">
         <name>.text:_ti_sysbios_family_c28_Hwi_dispatchCore__I</name>
         <load_address>0x3f10dd</load_address>
         <run_address>0x3f10dd</run_address>
         <size>0x4d</size>
         <input_file_ref idref="fl-1b"/>
      </object_component>
      <object_component id="oc-27d">
         <name>.text:_ti_sysbios_knl_Task_postInit__I</name>
         <load_address>0x3f112a</load_address>
         <run_address>0x3f112a</run_address>
         <size>0x48</size>
         <input_file_ref idref="fl-1b"/>
      </object_component>
      <object_component id="oc-266">
         <name>.text:_ti_sysbios_family_c28_Hwi_Module_startup__E</name>
         <load_address>0x3f1172</load_address>
         <run_address>0x3f1172</run_address>
         <size>0x47</size>
         <input_file_ref idref="fl-1b"/>
      </object_component>
      <object_component id="oc-2b1">
         <name>.text:_xdc_runtime_Text_putLab__E</name>
         <load_address>0x3f11b9</load_address>
         <run_address>0x3f11b9</run_address>
         <size>0x41</size>
         <input_file_ref idref="fl-2f"/>
      </object_component>
      <object_component id="oc-281">
         <name>.text:_xdc_runtime_Text_putMod__E</name>
         <load_address>0x3f11fa</load_address>
         <run_address>0x3f11fa</run_address>
         <size>0x3f</size>
         <input_file_ref idref="fl-2f"/>
      </object_component>
      <object_component id="oc-21b">
         <name>.text:_xdc_runtime_Memory_alloc__E</name>
         <load_address>0x3f1239</load_address>
         <run_address>0x3f1239</run_address>
         <size>0x3e</size>
         <input_file_ref idref="fl-2b"/>
      </object_component>
      <object_component id="oc-1c8">
         <name>.text:_xdc_runtime_Core_deleteObject__I</name>
         <load_address>0x3f1277</load_address>
         <run_address>0x3f1277</run_address>
         <size>0x3d</size>
         <input_file_ref idref="fl-22"/>
      </object_component>
      <object_component id="oc-1b5">
         <name>.text:_xdc_runtime_LoggerBuf_getFilterLevel__E</name>
         <load_address>0x3f12b4</load_address>
         <run_address>0x3f12b4</run_address>
         <size>0x3d</size>
         <input_file_ref idref="fl-2a"/>
      </object_component>
      <object_component id="oc-277">
         <name>.text:_ti_sysbios_family_c28_Timer_postInit__I</name>
         <load_address>0x3f12f1</load_address>
         <run_address>0x3f12f1</run_address>
         <size>0x3c</size>
         <input_file_ref idref="fl-1b"/>
      </object_component>
      <object_component id="oc-2b2">
         <name>.text:_ti_sysbios_knl_Swi_restoreHwi__E</name>
         <load_address>0x3f132d</load_address>
         <run_address>0x3f132d</run_address>
         <size>0x3c</size>
         <input_file_ref idref="fl-1b"/>
      </object_component>
      <object_component id="oc-25a">
         <name>.text:_ti_sysbios_knl_Swi_run__I</name>
         <load_address>0x3f1369</load_address>
         <run_address>0x3f1369</run_address>
         <size>0x3c</size>
         <input_file_ref idref="fl-1b"/>
      </object_component>
      <object_component id="oc-1b4">
         <name>.text:_xdc_runtime_LoggerBuf_setFilterLevel__E</name>
         <load_address>0x3f13a5</load_address>
         <run_address>0x3f13a5</run_address>
         <size>0x3c</size>
         <input_file_ref idref="fl-2a"/>
      </object_component>
      <object_component id="oc-280">
         <name>.text</name>
         <load_address>0x3f13e1</load_address>
         <run_address>0x3f13e1</run_address>
         <size>0x38</size>
         <input_file_ref idref="fl-4a"/>
      </object_component>
      <object_component id="oc-29e">
         <name>.text:_ti_sysbios_family_c28_TaskSupport_start__E</name>
         <load_address>0x3f1419</load_address>
         <run_address>0x3f1419</run_address>
         <size>0x37</size>
         <input_file_ref idref="fl-1b"/>
      </object_component>
      <object_component id="oc-1e2">
         <name>.text:_ti_sysbios_knl_Task_startCore__E</name>
         <load_address>0x3f1450</load_address>
         <run_address>0x3f1450</run_address>
         <size>0x35</size>
         <input_file_ref idref="fl-1b"/>
      </object_component>
      <object_component id="oc-2a3">
         <name>.text:_xdc_runtime_System_formatNum__I</name>
         <load_address>0x3f1485</load_address>
         <run_address>0x3f1485</run_address>
         <size>0x33</size>
         <input_file_ref idref="fl-2d"/>
      </object_component>
      <object_component id="oc-9d">
         <name>.text</name>
         <load_address>0x3f14b8</load_address>
         <run_address>0x3f14b8</run_address>
         <size>0x33</size>
         <input_file_ref idref="fl-e"/>
      </object_component>
      <object_component id="oc-269">
         <name>.text:_ti_sysbios_knl_Task_Module_startup__E</name>
         <load_address>0x3f14eb</load_address>
         <run_address>0x3f14eb</run_address>
         <size>0x32</size>
         <input_file_ref idref="fl-1b"/>
      </object_component>
      <object_component id="oc-25f">
         <name>.text:_xdc_runtime_Error_print__E</name>
         <load_address>0x3f151d</load_address>
         <run_address>0x3f151d</run_address>
         <size>0x30</size>
         <input_file_ref idref="fl-26"/>
      </object_component>
      <object_component id="oc-1ef">
         <name>.text:_xdc_runtime_LoggerBuf_Instance_init__E</name>
         <load_address>0x3f154d</load_address>
         <run_address>0x3f154d</run_address>
         <size>0x2f</size>
         <input_file_ref idref="fl-2a"/>
      </object_component>
      <object_component id="oc-17a">
         <name>.text:_xdc_runtime_Startup_exec__E</name>
         <load_address>0x3f157c</load_address>
         <run_address>0x3f157c</run_address>
         <size>0x2f</size>
         <input_file_ref idref="fl-2c"/>
      </object_component>
      <object_component id="oc-18d">
         <name>.text:.bootCodeSection:_ti_catalog_c2800_init_Boot_configurePll2802x</name>
         <load_address>0x3f15ab</load_address>
         <run_address>0x3f15ab</run_address>
         <size>0x2e</size>
         <input_file_ref idref="fl-20"/>
      </object_component>
      <object_component id="oc-241">
         <name>.text:_ti_sysbios_knl_Swi_runLoop__I</name>
         <load_address>0x3f15d9</load_address>
         <run_address>0x3f15d9</run_address>
         <size>0x2e</size>
         <input_file_ref idref="fl-1b"/>
      </object_component>
      <object_component id="oc-212">
         <name>.text:_ti_sysbios_knl_Swi_schedule__I</name>
         <load_address>0x3f1607</load_address>
         <run_address>0x3f1607</run_address>
         <size>0x2e</size>
         <input_file_ref idref="fl-1b"/>
      </object_component>
      <object_component id="oc-243">
         <name>.text:_ti_sysbios_knl_Task_schedule__I</name>
         <load_address>0x3f1635</load_address>
         <run_address>0x3f1635</run_address>
         <size>0x2e</size>
         <input_file_ref idref="fl-1b"/>
      </object_component>
      <object_component id="oc-25c">
         <name>.text:_ti_sysbios_family_c28_Hwi_getInterruptFlag__E</name>
         <load_address>0x3f1663</load_address>
         <run_address>0x3f1663</run_address>
         <size>0x2d</size>
         <input_file_ref idref="fl-1b"/>
      </object_component>
      <object_component id="oc-1cf">
         <name>.text:_xdc_runtime_Assert_raise__I</name>
         <load_address>0x3f1690</load_address>
         <run_address>0x3f1690</run_address>
         <size>0x2d</size>
         <input_file_ref idref="fl-21"/>
      </object_component>
      <object_component id="oc-201">
         <name>.text:_xdc_runtime_Core_assignParams__I</name>
         <load_address>0x3f16bd</load_address>
         <run_address>0x3f16bd</run_address>
         <size>0x2d</size>
         <input_file_ref idref="fl-25"/>
      </object_component>
      <object_component id="oc-2ab">
         <name>.text:_xdc_runtime_Text_visitRope2__I</name>
         <load_address>0x3f16ea</load_address>
         <run_address>0x3f16ea</run_address>
         <size>0x2d</size>
         <input_file_ref idref="fl-2f"/>
      </object_component>
      <object_component id="oc-1df">
         <name>.text:_ti_sysbios_family_c28_Timer_start__E</name>
         <load_address>0x3f1717</load_address>
         <run_address>0x3f1717</run_address>
         <size>0x2c</size>
         <input_file_ref idref="fl-1b"/>
      </object_component>
      <object_component id="oc-1b6">
         <name>.text:_xdc_runtime_LoggerBuf_Object__create__S</name>
         <load_address>0x3f1743</load_address>
         <run_address>0x3f1743</run_address>
         <size>0x2c</size>
         <input_file_ref idref="fl-13"/>
      </object_component>
      <object_component id="oc-1a0">
         <name>.text:_xdc_runtime_HeapStd_Object__create__S</name>
         <load_address>0x3f176f</load_address>
         <run_address>0x3f176f</run_address>
         <size>0x2b</size>
         <input_file_ref idref="fl-13"/>
      </object_component>
      <object_component id="oc-21e">
         <name>.text:_xdc_runtime_Error_setX__E</name>
         <load_address>0x3f179a</load_address>
         <run_address>0x3f179a</run_address>
         <size>0x2a</size>
         <input_file_ref idref="fl-26"/>
      </object_component>
      <object_component id="oc-255">
         <name>.text:_ti_sysbios_family_c28_Hwi_getStackInfo__E</name>
         <load_address>0x3f17c4</load_address>
         <run_address>0x3f17c4</run_address>
         <size>0x29</size>
         <input_file_ref idref="fl-1b"/>
      </object_component>
      <object_component id="oc-ae">
         <name>.text:_ti_sysbios_family_c28_Hwi_unPluggedInterrupt__I</name>
         <load_address>0x3f17ed</load_address>
         <run_address>0x3f17ed</run_address>
         <size>0x29</size>
         <input_file_ref idref="fl-1b"/>
      </object_component>
      <object_component id="oc-282">
         <name>.text:_xdc_runtime_Text_xprintf__I</name>
         <load_address>0x3f1816</load_address>
         <run_address>0x3f1816</run_address>
         <size>0x29</size>
         <input_file_ref idref="fl-2f"/>
      </object_component>
      <object_component id="oc-1fa">
         <name>.text</name>
         <load_address>0x3f183f</load_address>
         <run_address>0x3f183f</run_address>
         <size>0x29</size>
         <input_file_ref idref="fl-44"/>
      </object_component>
      <object_component id="oc-24b">
         <name>.text:_ti_sysbios_family_c28_Timer_getExpiredCounts64__E</name>
         <load_address>0x3f1868</load_address>
         <run_address>0x3f1868</run_address>
         <size>0x28</size>
         <input_file_ref idref="fl-1b"/>
      </object_component>
      <object_component id="oc-230">
         <name>.text:_xdc_runtime_SysMin_flush__E</name>
         <load_address>0x3f1890</load_address>
         <run_address>0x3f1890</run_address>
         <size>0x26</size>
         <input_file_ref idref="fl-2e"/>
      </object_component>
      <object_component id="oc-8e">
         <name>.text</name>
         <load_address>0x3f18b6</load_address>
         <run_address>0x3f18b6</run_address>
         <size>0x24</size>
         <input_file_ref idref="fl-c"/>
      </object_component>
      <object_component id="oc-179">
         <name>.text</name>
         <load_address>0x3f18da</load_address>
         <run_address>0x3f18da</run_address>
         <size>0x24</size>
         <input_file_ref idref="fl-40"/>
      </object_component>
      <object_component id="oc-192">
         <name>.text:_xdc_runtime_System_processAtExit__E</name>
         <load_address>0x3f18fe</load_address>
         <run_address>0x3f18fe</run_address>
         <size>0x23</size>
         <input_file_ref idref="fl-2d"/>
      </object_component>
      <object_component id="oc-7a">
         <name>.text</name>
         <load_address>0x3f1921</load_address>
         <run_address>0x3f1921</run_address>
         <size>0x22</size>
         <input_file_ref idref="fl-8"/>
      </object_component>
      <object_component id="oc-84">
         <name>.text</name>
         <load_address>0x3f1943</load_address>
         <run_address>0x3f1943</run_address>
         <size>0x22</size>
         <input_file_ref idref="fl-a"/>
      </object_component>
      <object_component id="oc-29c">
         <name>.text:_ti_sysbios_knl_Task_blockI__E</name>
         <load_address>0x3f1965</load_address>
         <run_address>0x3f1965</run_address>
         <size>0x22</size>
         <input_file_ref idref="fl-1b"/>
      </object_component>
      <object_component id="oc-289">
         <name>.text:_ti_sysbios_family_c28_Timer_setPrescale__E</name>
         <load_address>0x3f1987</load_address>
         <run_address>0x3f1987</run_address>
         <size>0x20</size>
         <input_file_ref idref="fl-1b"/>
      </object_component>
      <object_component id="oc-214">
         <name>.text:_ti_sysbios_knl_Task_allBlockedFunction__I</name>
         <load_address>0x3f19a7</load_address>
         <run_address>0x3f19a7</run_address>
         <size>0x20</size>
         <input_file_ref idref="fl-1b"/>
      </object_component>
      <object_component id="oc-28a">
         <name>.text:_ti_sysbios_knl_Task_exit__E</name>
         <load_address>0x3f19c7</load_address>
         <run_address>0x3f19c7</run_address>
         <size>0x20</size>
         <input_file_ref idref="fl-1b"/>
      </object_component>
      <object_component id="oc-1e5">
         <name>.text:_xdc_runtime_LoggerBuf_filterOutEvent__I</name>
         <load_address>0x3f19e7</load_address>
         <run_address>0x3f19e7</run_address>
         <size>0x1e</size>
         <input_file_ref idref="fl-2a"/>
      </object_component>
      <object_component id="oc-1a6">
         <name>.text:_xdc_runtime_System_atexit__E</name>
         <load_address>0x3f1a05</load_address>
         <run_address>0x3f1a05</run_address>
         <size>0x1e</size>
         <input_file_ref idref="fl-2d"/>
      </object_component>
      <object_component id="oc-2aa">
         <name>.text:_ti_sysbios_family_c28_TaskSupport_buildTaskStack</name>
         <load_address>0x3f1a23</load_address>
         <run_address>0x3f1a23</run_address>
         <size>0x1d</size>
         <input_file_ref idref="fl-1f"/>
      </object_component>
      <object_component id="oc-198">
         <name>.text:_ti_sysbios_gates_GateHwi_Object__create__S</name>
         <load_address>0x3f1a40</load_address>
         <run_address>0x3f1a40</run_address>
         <size>0x1d</size>
         <input_file_ref idref="fl-13"/>
      </object_component>
      <object_component id="oc-271">
         <name>.text:_xdc_runtime_SysMin_putch__E</name>
         <load_address>0x3f1a5d</load_address>
         <run_address>0x3f1a5d</run_address>
         <size>0x1d</size>
         <input_file_ref idref="fl-2e"/>
      </object_component>
      <object_component id="oc-18e">
         <name>.text</name>
         <load_address>0x3f1a7a</load_address>
         <run_address>0x3f1a7a</run_address>
         <size>0x1d</size>
         <input_file_ref idref="fl-41"/>
      </object_component>
      <object_component id="oc-2a5">
         <name>.text:_ti_sysbios_family_c28_Hwi_switchAndDispatch__I</name>
         <load_address>0x3f1a97</load_address>
         <run_address>0x3f1a97</run_address>
         <size>0x1b</size>
         <input_file_ref idref="fl-1c"/>
      </object_component>
      <object_component id="oc-251">
         <name>.text:_ti_sysbios_hal_Hwi_checkStack</name>
         <load_address>0x3f1ab2</load_address>
         <run_address>0x3f1ab2</run_address>
         <size>0x1b</size>
         <input_file_ref idref="fl-1b"/>
      </object_component>
      <object_component id="oc-29d">
         <name>.text:_ti_sysbios_knl_Task_processVitalTaskFlag__I</name>
         <load_address>0x3f1acd</load_address>
         <run_address>0x3f1acd</run_address>
         <size>0x1b</size>
         <input_file_ref idref="fl-1b"/>
      </object_component>
      <object_component id="oc-213">
         <name>.text:_ti_sysbios_knl_Task_restore__E</name>
         <load_address>0x3f1ae8</load_address>
         <run_address>0x3f1ae8</run_address>
         <size>0x1b</size>
         <input_file_ref idref="fl-1b"/>
      </object_component>
      <object_component id="oc-26b">
         <name>.text:_xdc_runtime_SysMin_output__I</name>
         <load_address>0x3f1b03</load_address>
         <run_address>0x3f1b03</run_address>
         <size>0x1b</size>
         <input_file_ref idref="fl-13"/>
      </object_component>
      <object_component id="oc-1f5">
         <name>.text:_ti_sysbios_hal_Hwi_initStack</name>
         <load_address>0x3f1b1e</load_address>
         <run_address>0x3f1b1e</run_address>
         <size>0x1a</size>
         <input_file_ref idref="fl-1b"/>
      </object_component>
      <object_component id="oc-1c9">
         <name>.text:_xdc_runtime_Core_assignLabel__I</name>
         <load_address>0x3f1b38</load_address>
         <run_address>0x3f1b38</run_address>
         <size>0x1a</size>
         <input_file_ref idref="fl-24"/>
      </object_component>
      <object_component id="oc-284">
         <name>.text:_xdc_runtime_System_avprintf__E</name>
         <load_address>0x3f1b52</load_address>
         <run_address>0x3f1b52</run_address>
         <size>0x1a</size>
         <input_file_ref idref="fl-2d"/>
      </object_component>
      <object_component id="oc-1e1">
         <name>.text:_ti_sysbios_knl_Swi_restore__E</name>
         <load_address>0x3f1b6c</load_address>
         <run_address>0x3f1b6c</run_address>
         <size>0x19</size>
         <input_file_ref idref="fl-1b"/>
      </object_component>
      <object_component id="oc-285">
         <name>.text:_xdc_runtime_System_vprintf__E</name>
         <load_address>0x3f1b85</load_address>
         <run_address>0x3f1b85</run_address>
         <size>0x19</size>
         <input_file_ref idref="fl-2d"/>
      </object_component>
      <object_component id="oc-17c">
         <name>.text</name>
         <load_address>0x3f1b9e</load_address>
         <run_address>0x3f1b9e</run_address>
         <size>0x19</size>
         <input_file_ref idref="fl-46"/>
      </object_component>
      <object_component id="oc-242">
         <name>.text:_ti_sysbios_family_xxx_Hwi_switchAndRunFunc</name>
         <load_address>0x3f1bb7</load_address>
         <run_address>0x3f1bb7</run_address>
         <size>0x18</size>
         <input_file_ref idref="fl-1c"/>
      </object_component>
      <object_component id="oc-231">
         <name>.text:_xdc_runtime_Memory_valloc__E</name>
         <load_address>0x3f1bcf</load_address>
         <run_address>0x3f1bcf</run_address>
         <size>0x18</size>
         <input_file_ref idref="fl-2b"/>
      </object_component>
      <object_component id="oc-2a4">
         <name>.text:_xdc_runtime_System_putchar__I</name>
         <load_address>0x3f1be7</load_address>
         <run_address>0x3f1be7</run_address>
         <size>0x18</size>
         <input_file_ref idref="fl-2d"/>
      </object_component>
      <object_component id="oc-1a7">
         <name>.text:_ti_sysbios_family_c28_Timer_startup__E</name>
         <load_address>0x3f1bff</load_address>
         <run_address>0x3f1bff</run_address>
         <size>0x17</size>
         <input_file_ref idref="fl-1b"/>
      </object_component>
      <object_component id="oc-29f">
         <name>.text:_ti_sysbios_knl_Task_unblockI__E</name>
         <load_address>0x3f1c16</load_address>
         <run_address>0x3f1c16</run_address>
         <size>0x17</size>
         <input_file_ref idref="fl-1b"/>
      </object_component>
      <object_component id="oc-262">
         <name>.text:_xdc_runtime_LoggerBuf_Module_startup__E</name>
         <load_address>0x3f1c2d</load_address>
         <run_address>0x3f1c2d</run_address>
         <size>0x17</size>
         <input_file_ref idref="fl-2a"/>
      </object_component>
      <object_component id="oc-260">
         <name>.text:_xdc_runtime_SysMin_abort__E</name>
         <load_address>0x3f1c44</load_address>
         <run_address>0x3f1c44</run_address>
         <size>0x17</size>
         <input_file_ref idref="fl-2e"/>
      </object_component>
      <object_component id="oc-1a5">
         <name>.text:_ti_sysbios_BIOS_atExitFunc__I</name>
         <load_address>0x3f1c5b</load_address>
         <run_address>0x3f1c5b</run_address>
         <size>0x16</size>
         <input_file_ref idref="fl-13"/>
      </object_component>
      <object_component id="oc-267">
         <name>.text:_ti_sysbios_family_c28_Timer_Module_startup__E</name>
         <load_address>0x3f1c71</load_address>
         <run_address>0x3f1c71</run_address>
         <size>0x16</size>
         <input_file_ref idref="fl-1b"/>
      </object_component>
      <object_component id="oc-21c">
         <name>.text:_xdc_runtime_LoggerBuf_reset__E</name>
         <load_address>0x3f1c87</load_address>
         <run_address>0x3f1c87</run_address>
         <size>0x16</size>
         <input_file_ref idref="fl-2a"/>
      </object_component>
      <object_component id="oc-268">
         <name>.text:_ti_sysbios_knl_Swi_Module_startup__E</name>
         <load_address>0x3f1c9d</load_address>
         <run_address>0x3f1c9d</run_address>
         <size>0x15</size>
         <input_file_ref idref="fl-1b"/>
      </object_component>
      <object_component id="oc-2a6">
         <name>.text:_ti_sysbios_knl_Task_restoreHwi__E</name>
         <load_address>0x3f1cb2</load_address>
         <run_address>0x3f1cb2</run_address>
         <size>0x15</size>
         <input_file_ref idref="fl-1b"/>
      </object_component>
      <object_component id="oc-296">
         <name>.text:_xdc_runtime_Text_printVisFxn__I</name>
         <load_address>0x3f1cc7</load_address>
         <run_address>0x3f1cc7</run_address>
         <size>0x15</size>
         <input_file_ref idref="fl-2f"/>
      </object_component>
      <object_component id="oc-7f">
         <name>.text</name>
         <load_address>0x3f1cdc</load_address>
         <run_address>0x3f1cdc</run_address>
         <size>0x14</size>
         <input_file_ref idref="fl-9"/>
      </object_component>
      <object_component id="oc-1bb">
         <name>.text:_ti_sysbios_knl_Idle_run__E</name>
         <load_address>0x3f1cf0</load_address>
         <run_address>0x3f1cf0</run_address>
         <size>0x14</size>
         <input_file_ref idref="fl-1b"/>
      </object_component>
      <object_component id="oc-183">
         <name>.text:_ti_sysbios_BIOS_startFunc__I</name>
         <load_address>0x3f1d04</load_address>
         <run_address>0x3f1d04</run_address>
         <size>0x13</size>
         <input_file_ref idref="fl-13"/>
      </object_component>
      <object_component id="oc-199">
         <name>.text:_ti_sysbios_gates_GateHwi_Object__delete__S</name>
         <load_address>0x3f1d17</load_address>
         <run_address>0x3f1d17</run_address>
         <size>0x12</size>
         <input_file_ref idref="fl-13"/>
      </object_component>
      <object_component id="oc-1b7">
         <name>.text:_xdc_runtime_LoggerBuf_Object__delete__S</name>
         <load_address>0x3f1d29</load_address>
         <run_address>0x3f1d29</run_address>
         <size>0x12</size>
         <input_file_ref idref="fl-13"/>
      </object_component>
      <object_component id="oc-1a1">
         <name>.text:_xdc_runtime_HeapStd_Object__delete__S</name>
         <load_address>0x3f1d3b</load_address>
         <run_address>0x3f1d3b</run_address>
         <size>0x11</size>
         <input_file_ref idref="fl-13"/>
      </object_component>
      <object_component id="oc-204">
         <name>.text:_xdc_runtime_Text_cordText__E</name>
         <load_address>0x3f1d4c</load_address>
         <run_address>0x3f1d4c</run_address>
         <size>0x11</size>
         <input_file_ref idref="fl-2f"/>
      </object_component>
      <object_component id="oc-3d">
         <name>.text</name>
         <load_address>0x3f1d5d</load_address>
         <run_address>0x3f1d5d</run_address>
         <size>0x10</size>
         <input_file_ref idref="fl-2"/>
      </object_component>
      <object_component id="oc-288">
         <name>.text:_ti_sysbios_family_c28_Timer_stop__E</name>
         <load_address>0x3f1d6d</load_address>
         <run_address>0x3f1d6d</run_address>
         <size>0x10</size>
         <input_file_ref idref="fl-1b"/>
      </object_component>
      <object_component id="oc-219">
         <name>.text:_ti_sysbios_family_c28_TimestampProvider_get64__E</name>
         <load_address>0x3f1d7d</load_address>
         <run_address>0x3f1d7d</run_address>
         <size>0x10</size>
         <input_file_ref idref="fl-1b"/>
      </object_component>
      <object_component id="oc-264">
         <name>.text:_xdc_runtime_SysMin_Module_startup__E</name>
         <load_address>0x3f1d8d</load_address>
         <run_address>0x3f1d8d</run_address>
         <size>0x10</size>
         <input_file_ref idref="fl-2e"/>
      </object_component>
      <object_component id="oc-18c">
         <name>.text:.bootCodeSection:_ti_catalog_c2800_init_Boot_disableWatchdog</name>
         <load_address>0x3f1d9d</load_address>
         <run_address>0x3f1d9d</run_address>
         <size>0xf</size>
         <input_file_ref idref="fl-20"/>
      </object_component>
      <object_component id="oc-18b">
         <name>.text:_xdc_runtime_Error_raiseX__E</name>
         <load_address>0x3f1dac</load_address>
         <run_address>0x3f1dac</run_address>
         <size>0xf</size>
         <input_file_ref idref="fl-26"/>
      </object_component>
      <object_component id="oc-294">
         <name>.text:_xdc_runtime_Registry_findById__E</name>
         <load_address>0x3f1dbb</load_address>
         <run_address>0x3f1dbb</run_address>
         <size>0xf</size>
         <input_file_ref idref="fl-32"/>
      </object_component>
      <object_component id="oc-75">
         <name>.text</name>
         <load_address>0x3f1dca</load_address>
         <run_address>0x3f1dca</run_address>
         <size>0xe</size>
         <input_file_ref idref="fl-7"/>
      </object_component>
      <object_component id="oc-252">
         <name>.text:_ti_sysbios_BIOS_errorRaiseHook__I</name>
         <load_address>0x3f1dd8</load_address>
         <run_address>0x3f1dd8</run_address>
         <size>0xe</size>
         <input_file_ref idref="fl-13"/>
      </object_component>
      <object_component id="oc-279">
         <name>.text:_ti_sysbios_knl_Swi_Object__get__S</name>
         <load_address>0x3f1de6</load_address>
         <run_address>0x3f1de6</run_address>
         <size>0xe</size>
         <input_file_ref idref="fl-13"/>
      </object_component>
      <object_component id="oc-27c">
         <name>.text:_ti_sysbios_knl_Task_Object__get__S</name>
         <load_address>0x3f1df4</load_address>
         <run_address>0x3f1df4</run_address>
         <size>0xe</size>
         <input_file_ref idref="fl-13"/>
      </object_component>
      <object_component id="oc-273">
         <name>.text:_xdc_runtime_LoggerBuf_Object__get__S</name>
         <load_address>0x3f1e02</load_address>
         <run_address>0x3f1e02</run_address>
         <size>0xe</size>
         <input_file_ref idref="fl-13"/>
      </object_component>
      <object_component id="oc-29a">
         <name>.text:_ti_sysbios_family_c28_Hwi_dispatchC__I</name>
         <load_address>0x3f1e10</load_address>
         <run_address>0x3f1e10</run_address>
         <size>0xd</size>
         <input_file_ref idref="fl-1b"/>
      </object_component>
      <object_component id="oc-25b">
         <name>.text:_ti_sysbios_family_c28_TaskSupport_checkStack__E</name>
         <load_address>0x3f1e1d</load_address>
         <run_address>0x3f1e1d</run_address>
         <size>0xd</size>
         <input_file_ref idref="fl-1b"/>
      </object_component>
      <object_component id="oc-24a">
         <name>.text:_ti_sysbios_family_c28_TaskSupport_swap__E</name>
         <load_address>0x3f1e2a</load_address>
         <run_address>0x3f1e2a</run_address>
         <size>0xd</size>
         <input_file_ref idref="fl-1f"/>
      </object_component>
      <object_component id="oc-19a">
         <name>.text:_ti_sysbios_gates_GateHwi_Handle__label__S</name>
         <load_address>0x3f1e37</load_address>
         <run_address>0x3f1e37</run_address>
         <size>0xd</size>
         <input_file_ref idref="fl-13"/>
      </object_component>
      <object_component id="oc-28b">
         <name>.text:_ti_sysbios_knl_Task_enter__I</name>
         <load_address>0x3f1e44</load_address>
         <run_address>0x3f1e44</run_address>
         <size>0xd</size>
         <input_file_ref idref="fl-1b"/>
      </object_component>
      <object_component id="oc-24c">
         <name>.text:_xdc_runtime_Error_check__E</name>
         <load_address>0x3f1e51</load_address>
         <run_address>0x3f1e51</run_address>
         <size>0xd</size>
         <input_file_ref idref="fl-26"/>
      </object_component>
      <object_component id="oc-1a2">
         <name>.text:_xdc_runtime_HeapStd_Handle__label__S</name>
         <load_address>0x3f1e5e</load_address>
         <run_address>0x3f1e5e</run_address>
         <size>0xd</size>
         <input_file_ref idref="fl-13"/>
      </object_component>
      <object_component id="oc-1b8">
         <name>.text:_xdc_runtime_LoggerBuf_Handle__label__S</name>
         <load_address>0x3f1e6b</load_address>
         <run_address>0x3f1e6b</run_address>
         <size>0xd</size>
         <input_file_ref idref="fl-13"/>
      </object_component>
      <object_component id="oc-229">
         <name>.text:_xdc_runtime_System_abort__E</name>
         <load_address>0x3f1e78</load_address>
         <run_address>0x3f1e78</run_address>
         <size>0xd</size>
         <input_file_ref idref="fl-2d"/>
      </object_component>
      <object_component id="oc-2a7">
         <name>.text:_ti_sysbios_family_c28_Hwi_disableIER__E</name>
         <load_address>0x3f1e85</load_address>
         <run_address>0x3f1e85</run_address>
         <size>0xc</size>
         <input_file_ref idref="fl-13"/>
      </object_component>
      <object_component id="oc-290">
         <name>.text:_ti_sysbios_knl_Queue_put__E</name>
         <load_address>0x3f1e91</load_address>
         <run_address>0x3f1e91</run_address>
         <size>0xc</size>
         <input_file_ref idref="fl-1b"/>
      </object_component>
      <object_component id="oc-1b1">
         <name>.text:_xdc_runtime_LoggerBuf_write2__E</name>
         <load_address>0x3f1e9d</load_address>
         <run_address>0x3f1e9d</run_address>
         <size>0xc</size>
         <input_file_ref idref="fl-2a"/>
      </object_component>
      <object_component id="oc-1f9">
         <name>.text:_xdc_runtime_SysMin_exit__E</name>
         <load_address>0x3f1ea9</load_address>
         <run_address>0x3f1ea9</run_address>
         <size>0xc</size>
         <input_file_ref idref="fl-2e"/>
      </object_component>
      <object_component id="oc-27f">
         <name>.text:_ti_sysbios_family_c28_Hwi_Module__startupDone__F</name>
         <load_address>0x3f1eb5</load_address>
         <run_address>0x3f1eb5</run_address>
         <size>0xb</size>
         <input_file_ref idref="fl-13"/>
      </object_component>
      <object_component id="oc-276">
         <name>.text:_ti_sysbios_family_c28_Hwi_Object__get__S</name>
         <load_address>0x3f1ec0</load_address>
         <run_address>0x3f1ec0</run_address>
         <size>0xb</size>
         <input_file_ref idref="fl-13"/>
      </object_component>
      <object_component id="oc-23b">
         <name>.text:_ti_sysbios_family_c28_Hwi_enableIER__E</name>
         <load_address>0x3f1ecb</load_address>
         <run_address>0x3f1ecb</run_address>
         <size>0xb</size>
         <input_file_ref idref="fl-13"/>
      </object_component>
      <object_component id="oc-28d">
         <name>.text:_ti_sysbios_knl_Queue_Object__get__S</name>
         <load_address>0x3f1ed6</load_address>
         <run_address>0x3f1ed6</run_address>
         <size>0xb</size>
         <input_file_ref idref="fl-13"/>
      </object_component>
      <object_component id="oc-1f0">
         <name>.text:_xdc_runtime_LoggerBuf_Instance_finalize__E</name>
         <load_address>0x3f1ee1</load_address>
         <run_address>0x3f1ee1</run_address>
         <size>0xb</size>
         <input_file_ref idref="fl-2a"/>
      </object_component>
      <object_component id="oc-1b0">
         <name>.text:_xdc_runtime_LoggerBuf_write1__E</name>
         <load_address>0x3f1eec</load_address>
         <run_address>0x3f1eec</run_address>
         <size>0xb</size>
         <input_file_ref idref="fl-2a"/>
      </object_component>
      <object_component id="oc-203">
         <name>.text:_xdc_runtime_Memory_free__E</name>
         <load_address>0x3f1ef7</load_address>
         <run_address>0x3f1ef7</run_address>
         <size>0xb</size>
         <input_file_ref idref="fl-2b"/>
      </object_component>
      <object_component id="oc-17d">
         <name>.text:_xdc_runtime_System_exit__E</name>
         <load_address>0x3f1f02</load_address>
         <run_address>0x3f1f02</run_address>
         <size>0xb</size>
         <input_file_ref idref="fl-2d"/>
      </object_component>
      <object_component id="oc-184">
         <name>.text:_ti_sysbios_BIOS_exitFunc__I</name>
         <load_address>0x3f1f0d</load_address>
         <run_address>0x3f1f0d</run_address>
         <size>0xa</size>
         <input_file_ref idref="fl-13"/>
      </object_component>
      <object_component id="oc-1eb">
         <name>.text:_xdc_runtime_Error_init__E</name>
         <load_address>0x3f1f17</load_address>
         <run_address>0x3f1f17</run_address>
         <size>0xa</size>
         <input_file_ref idref="fl-26"/>
      </object_component>
      <object_component id="oc-1af">
         <name>.text:_xdc_runtime_LoggerBuf_write0__E</name>
         <load_address>0x3f1f21</load_address>
         <run_address>0x3f1f21</run_address>
         <size>0xa</size>
         <input_file_ref idref="fl-2a"/>
      </object_component>
      <object_component id="oc-297">
         <name>.text:_xdc_runtime_System_vsnprintf__E</name>
         <load_address>0x3f1f2b</load_address>
         <run_address>0x3f1f2b</run_address>
         <size>0xa</size>
         <input_file_ref idref="fl-2d"/>
      </object_component>
      <object_component id="oc-209">
         <name>.text:_xdc_runtime_Text_ropeText__E</name>
         <load_address>0x3f1f35</load_address>
         <run_address>0x3f1f35</run_address>
         <size>0xa</size>
         <input_file_ref idref="fl-2f"/>
      </object_component>
      <object_component id="oc-23f">
         <name>.text:_ti_sysbios_family_c28_Hwi_restoreIER__E</name>
         <load_address>0x3f1f3f</load_address>
         <run_address>0x3f1f3f</run_address>
         <size>0x9</size>
         <input_file_ref idref="fl-13"/>
      </object_component>
      <object_component id="oc-2af">
         <name>.text:_ti_sysbios_family_c28_TaskSupport_glue</name>
         <load_address>0x3f1f48</load_address>
         <run_address>0x3f1f48</run_address>
         <size>0x9</size>
         <input_file_ref idref="fl-1f"/>
      </object_component>
      <object_component id="oc-26a">
         <name>.text:_ti_sysbios_hal_Hwi_Module_startup__E</name>
         <load_address>0x3f1f51</load_address>
         <run_address>0x3f1f51</run_address>
         <size>0x9</size>
         <input_file_ref idref="fl-1b"/>
      </object_component>
      <object_component id="oc-28c">
         <name>.text:_ti_sysbios_knl_Task_SupportProxy_start__E</name>
         <load_address>0x3f1f5a</load_address>
         <run_address>0x3f1f5a</run_address>
         <size>0x9</size>
         <input_file_ref idref="fl-13"/>
      </object_component>
      <object_component id="oc-28e">
         <name>.text:_ti_sysbios_knl_Task_unblock__E</name>
         <load_address>0x3f1f63</load_address>
         <run_address>0x3f1f63</run_address>
         <size>0x9</size>
         <input_file_ref idref="fl-1b"/>
      </object_component>
      <object_component id="oc-1c0">
         <name>.text:_xdc_runtime_Startup_exec__I</name>
         <load_address>0x3f1f6c</load_address>
         <run_address>0x3f1f6c</run_address>
         <size>0x9</size>
         <input_file_ref idref="fl-13"/>
      </object_component>
      <object_component id="oc-2a0">
         <name>.text:_xdc_runtime_Text_visitRope__I</name>
         <load_address>0x3f1f75</load_address>
         <run_address>0x3f1f75</run_address>
         <size>0x9</size>
         <input_file_ref idref="fl-13"/>
      </object_component>
      <object_component id="oc-1da">
         <name>.text</name>
         <load_address>0x3f1f7e</load_address>
         <run_address>0x3f1f7e</run_address>
         <size>0x9</size>
         <input_file_ref idref="fl-45"/>
      </object_component>
      <object_component id="oc-1ab">
         <name>.text:_ti_sysbios_BIOS_setThreadType__E</name>
         <load_address>0x3f1f87</load_address>
         <run_address>0x3f1f87</run_address>
         <size>0x8</size>
         <input_file_ref idref="fl-1b"/>
      </object_component>
      <object_component id="oc-24d">
         <name>.text:_xdc_runtime_IHeap_alloc</name>
         <load_address>0x3f1f8f</load_address>
         <run_address>0x3f1f8f</run_address>
         <size>0x8</size>
         <input_file_ref idref="fl-13"/>
      </object_component>
      <object_component id="oc-202">
         <name>.text:_xdc_runtime_Memory_calloc__E</name>
         <load_address>0x3f1f97</load_address>
         <run_address>0x3f1f97</run_address>
         <size>0x8</size>
         <input_file_ref idref="fl-2b"/>
      </object_component>
      <object_component id="oc-2a1">
         <name>.text:_xdc_runtime_SysMin_ready__E</name>
         <load_address>0x3f1f9f</load_address>
         <run_address>0x3f1f9f</run_address>
         <size>0x8</size>
         <input_file_ref idref="fl-2e"/>
      </object_component>
      <object_component id="oc-283">
         <name>.text</name>
         <load_address>0x3f1fa7</load_address>
         <run_address>0x3f1fa7</run_address>
         <size>0x8</size>
         <input_file_ref idref="fl-49"/>
      </object_component>
      <object_component id="oc-178">
         <name>.text:.bootCodeSection:_ti_catalog_c2800_init_Boot_init</name>
         <load_address>0x3f1faf</load_address>
         <run_address>0x3f1faf</run_address>
         <size>0x7</size>
         <input_file_ref idref="fl-13"/>
      </object_component>
      <object_component id="oc-19f">
         <name>.text:_xdc_runtime_HeapStd_getStats__E</name>
         <load_address>0x3f1fb6</load_address>
         <run_address>0x3f1fb6</run_address>
         <size>0x7</size>
         <input_file_ref idref="fl-29"/>
      </object_component>
      <object_component id="oc-26f">
         <name>.text:_xdc_runtime_System_aprintf__E</name>
         <load_address>0x3f1fbd</load_address>
         <run_address>0x3f1fbd</run_address>
         <size>0x7</size>
         <input_file_ref idref="fl-13"/>
      </object_component>
      <object_component id="oc-270">
         <name>.text:_xdc_runtime_System_printf__E</name>
         <load_address>0x3f1fc4</load_address>
         <run_address>0x3f1fc4</run_address>
         <size>0x7</size>
         <input_file_ref idref="fl-13"/>
      </object_component>
      <object_component id="oc-250">
         <name>.text</name>
         <load_address>0x3f1fcb</load_address>
         <run_address>0x3f1fcb</run_address>
         <size>0x7</size>
         <input_file_ref idref="fl-47"/>
      </object_component>
      <object_component id="oc-1ba">
         <name>.text:_ti_sysbios_BIOS_start__E</name>
         <load_address>0x3f1fd2</load_address>
         <run_address>0x3f1fd2</run_address>
         <size>0x6</size>
         <input_file_ref idref="fl-1b"/>
      </object_component>
      <object_component id="oc-215">
         <name>.text:_ti_sysbios_family_c28_IntrinsicsSupport_maxbit__E</name>
         <load_address>0x3f1fd8</load_address>
         <run_address>0x3f1fd8</run_address>
         <size>0x6</size>
         <input_file_ref idref="fl-1e"/>
      </object_component>
      <object_component id="oc-188">
         <name>.text:_ti_sysbios_family_c28_TimestampProvider_rolloverFunc__E</name>
         <load_address>0x3f1fde</load_address>
         <run_address>0x3f1fde</run_address>
         <size>0x6</size>
         <input_file_ref idref="fl-1b"/>
      </object_component>
      <object_component id="oc-1f4">
         <name>.text:_ti_sysbios_family_c28_TimestampProvider_startTimer__E</name>
         <load_address>0x3f1fe4</load_address>
         <run_address>0x3f1fe4</run_address>
         <size>0x6</size>
         <input_file_ref idref="fl-1b"/>
      </object_component>
      <object_component id="oc-1d8">
         <name>.text:_ti_sysbios_knl_Swi_disable__E</name>
         <load_address>0x3f1fea</load_address>
         <run_address>0x3f1fea</run_address>
         <size>0x6</size>
         <input_file_ref idref="fl-1b"/>
      </object_component>
      <object_component id="oc-1d9">
         <name>.text:_ti_sysbios_knl_Task_disable__E</name>
         <load_address>0x3f1ff0</load_address>
         <run_address>0x3f1ff0</run_address>
         <size>0x6</size>
         <input_file_ref idref="fl-1b"/>
      </object_component>
      <object_component id="oc-1c1">
         <name>.text:_xdc_runtime_Gate_enterSystem__E</name>
         <load_address>0x3f1ff6</load_address>
         <run_address>0x3f1ff6</run_address>
         <size>0x6</size>
         <input_file_ref idref="fl-27"/>
      </object_component>
      <object_component id="oc-1d2">
         <name>.text:_xdc_runtime_Gate_leaveSystem__E</name>
         <load_address>0x3f1ffc</load_address>
         <run_address>0x3f1ffc</run_address>
         <size>0x6</size>
         <input_file_ref idref="fl-27"/>
      </object_component>
      <object_component id="oc-1ad">
         <name>.text:_xdc_runtime_LoggerBuf_enable__E</name>
         <load_address>0x3f2002</load_address>
         <run_address>0x3f2002</run_address>
         <size>0x6</size>
         <input_file_ref idref="fl-2a"/>
      </object_component>
      <object_component id="oc-249">
         <name>.text:_ti_sysbios_family_c28_Hwi_switchFromBootStack__E</name>
         <load_address>0x3f2008</load_address>
         <run_address>0x3f2008</run_address>
         <size>0x5</size>
         <input_file_ref idref="fl-1b"/>
      </object_component>
      <object_component id="oc-196">
         <name>.text:_ti_sysbios_gates_GateHwi_enter__E</name>
         <load_address>0x3f200d</load_address>
         <run_address>0x3f200d</run_address>
         <size>0x5</size>
         <input_file_ref idref="fl-1b"/>
      </object_component>
      <object_component id="oc-1ae">
         <name>.text:_xdc_runtime_LoggerBuf_disable__E</name>
         <load_address>0x3f2012</load_address>
         <run_address>0x3f2012</run_address>
         <size>0x5</size>
         <input_file_ref idref="fl-2a"/>
      </object_component>
      <object_component id="oc-6f">
         <name>.text</name>
         <load_address>0x3f2017</load_address>
         <run_address>0x3f2017</run_address>
         <size>0x4</size>
         <input_file_ref idref="fl-6"/>
      </object_component>
      <object_component id="oc-1e0">
         <name>.text:_ti_sysbios_family_c28_Hwi_startup__E</name>
         <load_address>0x3f201b</load_address>
         <run_address>0x3f201b</run_address>
         <size>0x4</size>
         <input_file_ref idref="fl-13"/>
      </object_component>
      <object_component id="oc-1a9">
         <name>.text:_ti_sysbios_knl_Swi_startup__E</name>
         <load_address>0x3f201f</load_address>
         <run_address>0x3f201f</run_address>
         <size>0x4</size>
         <input_file_ref idref="fl-1b"/>
      </object_component>
      <object_component id="oc-233">
         <name>.text:_xdc_runtime_IHeap_free</name>
         <load_address>0x3f2023</load_address>
         <run_address>0x3f2023</run_address>
         <size>0x4</size>
         <input_file_ref idref="fl-13"/>
      </object_component>
      <object_component id="oc-1d1">
         <name>.text:_xdc_runtime_Memory_getMaxDefaultTypeAlign__E</name>
         <load_address>0x3f2027</load_address>
         <run_address>0x3f2027</run_address>
         <size>0x4</size>
         <input_file_ref idref="fl-2b"/>
      </object_component>
      <object_component id="oc-1a3">
         <name>.text:_xdc_runtime_Startup_rtsDone__E</name>
         <load_address>0x3f202b</load_address>
         <run_address>0x3f202b</run_address>
         <size>0x4</size>
         <input_file_ref idref="fl-2c"/>
      </object_component>
      <object_component id="oc-17e">
         <name>.text:___xdc__init</name>
         <load_address>0x3f202f</load_address>
         <run_address>0x3f202f</run_address>
         <size>0x3</size>
         <input_file_ref idref="fl-30"/>
      </object_component>
      <object_component id="oc-1bd">
         <name>.text:_ti_catalog_c2800_init_Boot_limpAbort</name>
         <load_address>0x3f2032</load_address>
         <run_address>0x3f2032</run_address>
         <size>0x3</size>
         <input_file_ref idref="fl-13"/>
      </object_component>
      <object_component id="oc-26c">
         <name>.text:_ti_sysbios_family_c28_Hwi_getIFR__I</name>
         <load_address>0x3f2035</load_address>
         <run_address>0x3f2035</run_address>
         <size>0x3</size>
         <input_file_ref idref="fl-1c"/>
      </object_component>
      <object_component id="oc-265">
         <name>.text:_ti_sysbios_family_c28_TimestampProvider_Module_startup__E</name>
         <load_address>0x3f2038</load_address>
         <run_address>0x3f2038</run_address>
         <size>0x3</size>
         <input_file_ref idref="fl-1b"/>
      </object_component>
      <object_component id="oc-197">
         <name>.text:_ti_sysbios_gates_GateHwi_leave__E</name>
         <load_address>0x3f203b</load_address>
         <run_address>0x3f203b</run_address>
         <size>0x3</size>
         <input_file_ref idref="fl-1b"/>
      </object_component>
      <object_component id="oc-22a">
         <name>.text:_ti_sysbios_hal_Hwi_HwiProxy_getStackInfo__E</name>
         <load_address>0x3f203e</load_address>
         <run_address>0x3f203e</run_address>
         <size>0x3</size>
         <input_file_ref idref="fl-13"/>
      </object_component>
      <object_component id="oc-217">
         <name>.text:_ti_sysbios_hal_Hwi_HwiProxy_switchFromBootStack__E</name>
         <load_address>0x3f2041</load_address>
         <run_address>0x3f2041</run_address>
         <size>0x3</size>
         <input_file_ref idref="fl-13"/>
      </object_component>
      <object_component id="oc-1a8">
         <name>.text:_ti_sysbios_hal_Hwi_startup__E</name>
         <load_address>0x3f2044</load_address>
         <run_address>0x3f2044</run_address>
         <size>0x3</size>
         <input_file_ref idref="fl-1b"/>
      </object_component>
      <object_component id="oc-187">
         <name>.text:_ti_sysbios_knl_Idle_loop__E</name>
         <load_address>0x3f2047</load_address>
         <run_address>0x3f2047</run_address>
         <size>0x3</size>
         <input_file_ref idref="fl-1b"/>
      </object_component>
      <object_component id="oc-245">
         <name>.text:_ti_sysbios_knl_Task_SupportProxy_checkStack__E</name>
         <load_address>0x3f204a</load_address>
         <run_address>0x3f204a</run_address>
         <size>0x3</size>
         <input_file_ref idref="fl-13"/>
      </object_component>
      <object_component id="oc-218">
         <name>.text:_ti_sysbios_knl_Task_SupportProxy_swap__E</name>
         <load_address>0x3f204d</load_address>
         <run_address>0x3f204d</run_address>
         <size>0x3</size>
         <input_file_ref idref="fl-13"/>
      </object_component>
      <object_component id="oc-1aa">
         <name>.text:_ti_sysbios_knl_Task_startup__E</name>
         <load_address>0x3f2050</load_address>
         <run_address>0x3f2050</run_address>
         <size>0x3</size>
         <input_file_ref idref="fl-1b"/>
      </object_component>
      <object_component id="oc-1e8">
         <name>.text:_xdc_runtime_LoggerBuf_Module_GateProxy_enter__E</name>
         <load_address>0x3f2053</load_address>
         <run_address>0x3f2053</run_address>
         <size>0x3</size>
         <input_file_ref idref="fl-13"/>
      </object_component>
      <object_component id="oc-1ea">
         <name>.text:_xdc_runtime_LoggerBuf_Module_GateProxy_leave__E</name>
         <load_address>0x3f2056</load_address>
         <run_address>0x3f2056</run_address>
         <size>0x3</size>
         <input_file_ref idref="fl-13"/>
      </object_component>
      <object_component id="oc-1e9">
         <name>.text:_xdc_runtime_LoggerBuf_TimestampProxy_get64__E</name>
         <load_address>0x3f2059</load_address>
         <run_address>0x3f2059</run_address>
         <size>0x3</size>
         <input_file_ref idref="fl-13"/>
      </object_component>
      <object_component id="oc-1f8">
         <name>.text:_xdc_runtime_System_Module_GateProxy_enter__E</name>
         <load_address>0x3f205c</load_address>
         <run_address>0x3f205c</run_address>
         <size>0x3</size>
         <input_file_ref idref="fl-13"/>
      </object_component>
      <object_component id="oc-20b">
         <name>.text:_xdc_runtime_System_Module_GateProxy_leave__E</name>
         <load_address>0x3f205f</load_address>
         <run_address>0x3f205f</run_address>
         <size>0x3</size>
         <input_file_ref idref="fl-13"/>
      </object_component>
      <object_component id="oc-263">
         <name>.text:_xdc_runtime_System_Module_startup__E</name>
         <load_address>0x3f2062</load_address>
         <run_address>0x3f2062</run_address>
         <size>0x3</size>
         <input_file_ref idref="fl-2d"/>
      </object_component>
      <object_component id="oc-253">
[...]
         <value>0x3f1a97</value>
         <object_component_ref idref="oc-2a5"/>
      </symbol>
      <symbol id="sm-67b">
         <name>_ti_sysbios_family_c28_Hwi_interruptReturn__I</name>
         <value>0x3f2087</value>
         <object_component_ref idref="oc-23c"/>
      </symbol>
      <symbol id="sm-67c">
         <name>_ti_sysbios_family_xxx_Hwi_switchAndRunFunc</name>
         <value>0x3f1bb7</value>
         <object_component_ref idref="oc-242"/>
      </symbol>
      <symbol id="sm-721">
         <name>_ti_sysbios_family_c28_Hwi_dispatchTable</name>
         <value>0x3f0aff</value>
         <object_component_ref idref="oc-286"/>
      </symbol>
      <symbol id="sm-722">
         <name>_ti_sysbios_family_c28_Hwi_dispatchPie</name>
         <value>0x3f0b5c</value>
         <object_component_ref idref="oc-286"/>
      </symbol>
      <symbol id="sm-72e">
         <name>_ti_sysbios_family_c28_IntrinsicsSupport_maxbit__E</name>
         <value>0x3f1fd8</value>
         <object_component_ref idref="oc-215"/>
      </symbol>
      <symbol id="sm-73e">
         <name>_ti_sysbios_family_c28_TaskSupport_buildTaskStack</name>
         <value>0x3f1a23</value>
         <object_component_ref idref="oc-2aa"/>
      </symbol>
      <symbol id="sm-73f">
         <name>_ti_sysbios_family_c28_TaskSupport_swap__E</name>
         <value>0x3f1e2a</value>
         <object_component_ref idref="oc-24a"/>
      </symbol>
      <symbol id="sm-740">
         <name>_ti_sysbios_family_c28_TaskSupport_glue</name>
         <value>0x3f1f48</value>
         <object_component_ref idref="oc-2af"/>
      </symbol>
      <symbol id="sm-753">
         <name>_ti_catalog_c2800_init_Boot_configurePll2802x</name>
         <value>0x3f15ab</value>
         <object_component_ref idref="oc-18d"/>
      </symbol>
      <symbol id="sm-754">
         <name>_ti_catalog_c2800_init_Boot_disableWatchdog</name>
         <value>0x3f1d9d</value>
         <object_component_ref idref="oc-18c"/>
      </symbol>
      <symbol id="sm-755">
         <name>_ti_catalog_c2800_init_Boot_defaultLimpAbortFunction</name>
         <value>0x3f2079</value>
         <object_component_ref idref="oc-1f3"/>
      </symbol>
      <symbol id="sm-76a">
         <name>_xdc_runtime_Assert_raise__I</name>
         <value>0x3f1690</value>
         <object_component_ref idref="oc-1cf"/>
      </symbol>
      <symbol id="sm-78a">
         <name>_xdc_runtime_Core_deleteObject__I</name>
         <value>0x3f1277</value>
         <object_component_ref idref="oc-1c8"/>
      </symbol>
      <symbol id="sm-78b">
         <name>_xdc_runtime_Core_createObject__I</name>
         <value>0x3f08b2</value>
         <object_component_ref idref="oc-1c6"/>
      </symbol>
      <symbol id="sm-7a3">
         <name>_xdc_runtime_Core_assignLabel__I</name>
         <value>0x3f1b38</value>
         <object_component_ref idref="oc-1c9"/>
      </symbol>
      <symbol id="sm-7b1">
         <name>_xdc_runtime_Core_assignParams__I</name>
         <value>0x3f16bd</value>
         <object_component_ref idref="oc-201"/>
      </symbol>
      <symbol id="sm-7dd">
         <name>_xdc_runtime_Error_getSite__E</name>
         <value>0x3f207f</value>
         <object_component_ref idref="oc-26d"/>
      </symbol>
      <symbol id="sm-7de">
         <name>_xdc_runtime_Error_print__E</name>
         <value>0x3f151d</value>
         <object_component_ref idref="oc-25f"/>
      </symbol>
      <symbol id="sm-7df">
         <name>_xdc_runtime_Error_policyDefault__E</name>
         <value>0x3f0a73</value>
         <object_component_ref idref="oc-1f2"/>
      </symbol>
      <symbol id="sm-7e0">
         <name>_xdc_runtime_Error_init__E</name>
         <value>0x3f1f17</value>
         <object_component_ref idref="oc-1eb"/>
      </symbol>
      <symbol id="sm-7e1">
         <name>_xdc_runtime_Error_raiseX__E</name>
         <value>0x3f1dac</value>
         <object_component_ref idref="oc-18b"/>
      </symbol>
      <symbol id="sm-7e2">
         <name>_xdc_runtime_Error_check__E</name>
         <value>0x3f1e51</value>
         <object_component_ref idref="oc-24c"/>
      </symbol>
      <symbol id="sm-7e3">
         <name>_xdc_runtime_Error_setX__E</name>
         <value>0x3f179a</value>
         <object_component_ref idref="oc-21e"/>
      </symbol>
      <symbol id="sm-7f1">
         <name>_xdc_runtime_Gate_leaveSystem__E</name>
         <value>0x3f1ffc</value>
         <object_component_ref idref="oc-1d2"/>
      </symbol>
      <symbol id="sm-7f2">
         <name>_xdc_runtime_Gate_enterSystem__E</name>
         <value>0x3f1ff6</value>
         <object_component_ref idref="oc-1c1"/>
      </symbol>
      <symbol id="sm-83c">
         <name>_xdc_runtime_HeapStd_isBlocking__E</name>
         <value>0x3f2081</value>
         <object_component_ref idref="oc-19e"/>
      </symbol>
      <symbol id="sm-83d">
         <name>_xdc_runtime_HeapStd_getStats__E</name>
         <value>0x3f1fb6</value>
         <object_component_ref idref="oc-19f"/>
      </symbol>
      <symbol id="sm-83e">
         <name>_xdc_runtime_HeapStd_free__E</name>
         <value>0x3f0ee3</value>
         <object_component_ref idref="oc-19d"/>
      </symbol>
      <symbol id="sm-83f">
         <name>_xdc_runtime_HeapStd_Instance_init__E</name>
         <value>0x3f0b84</value>
         <object_component_ref idref="oc-1d7"/>
      </symbol>
      <symbol id="sm-840">
         <name>_xdc_runtime_HeapStd_alloc__E</name>
         <value>0x3f0432</value>
         <object_component_ref idref="oc-19c"/>
      </symbol>
      <symbol id="sm-88f">
         <name>_xdc_runtime_LoggerBuf_write0__E</name>
         <value>0x3f1f21</value>
         <object_component_ref idref="oc-1af"/>
      </symbol>
      <symbol id="sm-890">
         <name>_xdc_runtime_LoggerBuf_Instance_init__E</name>
         <value>0x3f154d</value>
         <object_component_ref idref="oc-1ef"/>
      </symbol>
      <symbol id="sm-891">
         <name>_xdc_runtime_LoggerBuf_Module_startup__E</name>
         <value>0x3f1c2d</value>
         <object_component_ref idref="oc-262"/>
      </symbol>
      <symbol id="sm-892">
         <name>_xdc_runtime_LoggerBuf_reset__E</name>
         <value>0x3f1c87</value>
         <object_component_ref idref="oc-21c"/>
      </symbol>
      <symbol id="sm-893">
         <name>_xdc_runtime_LoggerBuf_Instance_finalize__E</name>
         <value>0x3f1ee1</value>
         <object_component_ref idref="oc-1f0"/>
      </symbol>
      <symbol id="sm-894">
         <name>_xdc_runtime_LoggerBuf_write4__E</name>
         <value>0x3f0d86</value>
         <object_component_ref idref="oc-1b2"/>
      </symbol>
      <symbol id="sm-895">
         <name>_xdc_runtime_LoggerBuf_getFilterLevel__E</name>
         <value>0x3f12b4</value>
         <object_component_ref idref="oc-1b5"/>
      </symbol>
      <symbol id="sm-896">
         <name>_xdc_runtime_LoggerBuf_disable__E</name>
         <value>0x3f2012</value>
         <object_component_ref idref="oc-1ae"/>
      </symbol>
      <symbol id="sm-897">
         <name>_xdc_runtime_LoggerBuf_setFilterLevel__E</name>
         <value>0x3f13a5</value>
         <object_component_ref idref="oc-1b4"/>
      </symbol>
      <symbol id="sm-898">
         <name>_xdc_runtime_LoggerBuf_write8__E</name>
         <value>0x3f0601</value>
         <object_component_ref idref="oc-1b3"/>
      </symbol>
      <symbol id="sm-899">
         <name>_xdc_runtime_LoggerBuf_write2__E</name>
         <value>0x3f1e9d</value>
         <object_component_ref idref="oc-1b1"/>
      </symbol>
      <symbol id="sm-89a">
         <name>_xdc_runtime_LoggerBuf_filterOutEvent__I</name>
         <value>0x3f19e7</value>
         <object_component_ref idref="oc-1e5"/>
      </symbol>
      <symbol id="sm-89b">
         <name>_xdc_runtime_LoggerBuf_write1__E</name>
         <value>0x3f1eec</value>
         <object_component_ref idref="oc-1b0"/>
      </symbol>
      <symbol id="sm-89c">
         <name>_xdc_runtime_LoggerBuf_enable__E</name>
         <value>0x3f2002</value>
         <object_component_ref idref="oc-1ad"/>
      </symbol>
      <symbol id="sm-8b7">
         <name>_xdc_runtime_Memory_calloc__E</name>
         <value>0x3f1f97</value>
         <object_component_ref idref="oc-202"/>
      </symbol>
      <symbol id="sm-8b8">
         <name>_xdc_runtime_Memory_free__E</name>
         <value>0x3f1ef7</value>
         <object_component_ref idref="oc-203"/>
      </symbol>
      <symbol id="sm-8b9">
         <name>_xdc_runtime_Memory_valloc__E</name>
         <value>0x3f1bcf</value>
         <object_component_ref idref="oc-231"/>
      </symbol>
      <symbol id="sm-8ba">
         <name>_xdc_runtime_Memory_alloc__E</name>
         <value>0x3f1239</value>
         <object_component_ref idref="oc-21b"/>
      </symbol>
      <symbol id="sm-8bb">
         <name>_xdc_runtime_Memory_getMaxDefaultTypeAlign__E</name>
         <value>0x3f2027</value>
         <object_component_ref idref="oc-1d1"/>
      </symbol>
      <symbol id="sm-8dd">
         <name>_xdc_runtime_Startup_startMods__I</name>
         <value>0x3f0e72</value>
         <object_component_ref idref="oc-1f6"/>
      </symbol>
      <symbol id="sm-8de">
         <name>_xdc_runtime_Startup_rtsDone__E</name>
         <value>0x3f202b</value>
         <object_component_ref idref="oc-1a3"/>
      </symbol>
      <symbol id="sm-8df">
         <name>_xdc_runtime_Startup_exec__E</name>
         <value>0x3f157c</value>
         <object_component_ref idref="oc-17a"/>
      </symbol>
      <symbol id="sm-964">
         <name>_xdc_runtime_System_formatNum__I</name>
         <value>0x3f1485</value>
         <object_component_ref idref="oc-2a3"/>
      </symbol>
      <symbol id="sm-965">
         <name>_xdc_runtime_System_exit__E</name>
         <value>0x3f1f02</value>
         <object_component_ref idref="oc-17d"/>
      </symbol>
      <symbol id="sm-966">
         <name>_xdc_runtime_System_exitStd__E</name>
         <value>0x3f2074</value>
         <object_component_ref idref="oc-1c3"/>
      </symbol>
      <symbol id="sm-967">
         <name>_xdc_runtime_System_printf_va__F</name>
         <value>0x3f1b85</value>
         <object_component_ref idref="oc-285"/>
      </symbol>
      <symbol id="sm-968">
         <name>_xdc_runtime_System_atexit__E</name>
         <value>0x3f1a05</value>
         <object_component_ref idref="oc-1a6"/>
      </symbol>
      <symbol id="sm-969">
         <name>_xdc_runtime_System_abortStd__E</name>
         <value>0x3f2071</value>
         <object_component_ref idref="oc-261"/>
      </symbol>
      <symbol id="sm-96a">
         <name>_xdc_runtime_System_putchar__I</name>
         <value>0x3f1be7</value>
         <object_component_ref idref="oc-2a4"/>
      </symbol>
      <symbol id="sm-96b">
         <name>_xdc_runtime_System_snprintf_va__F</name>
         <value>0x3f1f2b</value>
         <object_component_ref idref="oc-297"/>
      </symbol>
      <symbol id="sm-96c">
         <name>_xdc_runtime_System_Module_startup__E</name>
         <value>0x3f2062</value>
         <object_component_ref idref="oc-263"/>
      </symbol>
      <symbol id="sm-96d">
         <name>_xdc_runtime_System_avprintf__E</name>
         <value>0x3f1b52</value>
         <object_component_ref idref="oc-284"/>
      </symbol>
      <symbol id="sm-96e">
         <name>_xdc_runtime_System_vprintf__E</name>
         <value>0x3f1b85</value>
         <object_component_ref idref="oc-285"/>
      </symbol>
      <symbol id="sm-96f">
         <name>_xdc_runtime_System_aprintf_va__F</name>
         <value>0x3f1b52</value>
         <object_component_ref idref="oc-284"/>
      </symbol>
      <symbol id="sm-970">
         <name>_xdc_runtime_System_doPrint__I</name>
         <value>0x3f0000</value>
         <object_component_ref idref="oc-299"/>
      </symbol>
      <symbol id="sm-971">
         <name>_xdc_runtime_System_processAtExit__E</name>
         <value>0x3f18fe</value>
         <object_component_ref idref="oc-192"/>
      </symbol>
      <symbol id="sm-972">
         <name>_xdc_runtime_System_vsnprintf__E</name>
         <value>0x3f1f2b</value>
         <object_component_ref idref="oc-297"/>
      </symbol>
      <symbol id="sm-973">
         <name>_xdc_runtime_System_abort__E</name>
         <value>0x3f1e78</value>
         <object_component_ref idref="oc-229"/>
      </symbol>
      <symbol id="sm-991">
         <name>_xdc_runtime_SysMin_abort__E</name>
         <value>0x3f1c44</value>
         <object_component_ref idref="oc-260"/>
      </symbol>
      <symbol id="sm-992">
         <name>_xdc_runtime_SysMin_ready__E</name>
         <value>0x3f1f9f</value>
         <object_component_ref idref="oc-2a1"/>
      </symbol>
      <symbol id="sm-993">
         <name>_xdc_runtime_SysMin_flush__E</name>
         <value>0x3f1890</value>
         <object_component_ref idref="oc-230"/>
      </symbol>
      <symbol id="sm-994">
         <name>_xdc_runtime_SysMin_Module_startup__E</name>
         <value>0x3f1d8d</value>
         <object_component_ref idref="oc-264"/>
      </symbol>
      <symbol id="sm-995">
         <name>_xdc_runtime_SysMin_putch__E</name>
         <value>0x3f1a5d</value>
         <object_component_ref idref="oc-271"/>
      </symbol>
      <symbol id="sm-996">
         <name>_xdc_runtime_SysMin_exit__E</name>
         <value>0x3f1ea9</value>
         <object_component_ref idref="oc-1f9"/>
      </symbol>
      <symbol id="sm-9da">
         <name>_xdc_runtime_Text_putLab__E</name>
         <value>0x3f11b9</value>
         <object_component_ref idref="oc-2b1"/>
      </symbol>
      <symbol id="sm-9db">
         <name>_xdc_runtime_Text_printVisFxn__I</name>
         <value>0x3f1cc7</value>
         <object_component_ref idref="oc-296"/>
      </symbol>
      <symbol id="sm-9dc">
         <name>_xdc_runtime_Text_putMod__E</name>
         <value>0x3f11fa</value>
         <object_component_ref idref="oc-281"/>
      </symbol>
      <symbol id="sm-9dd">
         <name>_xdc_runtime_Text_cordText__E</name>
         <value>0x3f1d4c</value>
         <object_component_ref idref="oc-204"/>
      </symbol>
      <symbol id="sm-9de">
         <name>_xdc_runtime_Text_xprintf__I</name>
         <value>0x3f1816</value>
         <object_component_ref idref="oc-282"/>
      </symbol>
      <symbol id="sm-9df">
         <name>_xdc_runtime_Text_visitRope2__I</name>
         <value>0x3f16ea</value>
         <object_component_ref idref="oc-2ab"/>
      </symbol>
      <symbol id="sm-9e0">
         <name>_xdc_runtime_Text_ropeText__E</name>
         <value>0x3f1f35</value>
         <object_component_ref idref="oc-209"/>
      </symbol>
      <symbol id="sm-9e1">
         <name>_xdc_runtime_Text_putSite__E</name>
         <value>0x3f1080</value>
         <object_component_ref idref="oc-26e"/>
      </symbol>
      <symbol id="sm-9ed">
         <name>___xdc__init</name>
         <value>0x3f202f</value>
         <object_component_ref idref="oc-17e"/>
      </symbol>
      <symbol id="sm-a0d">
         <name>_xdc_runtime_Registry_findById__E</name>
         <value>0x3f1dbb</value>
         <object_component_ref idref="oc-294"/>
      </symbol>
      <symbol id="sm-a28">
         <name>_c_int00</name>
         <value>0x3f0f4f</value>
         <object_component_ref idref="oc-3c"/>
      </symbol>
      <symbol id="sm-a29">
         <name>__stack</name>
         <value>0x6c4</value>
         <object_component_ref idref="oc-128"/>
      </symbol>
      <symbol id="sm-a55">
         <name>ULL$$MOD</name>
         <value>0x3f03d0</value>
         <object_component_ref idref="oc-12d"/>
      </symbol>
      <symbol id="sm-a56">
         <name>ULL$$DIV</name>
         <value>0x3f03a1</value>
         <object_component_ref idref="oc-12d"/>
      </symbol>
      <symbol id="sm-a57">
         <name>LL$$MOD</name>
         <value>0x3f0367</value>
         <object_component_ref idref="oc-12d"/>
      </symbol>
      <symbol id="sm-a58">
         <name>LL$$DIV</name>
         <value>0x3f032b</value>
         <object_component_ref idref="oc-12d"/>
      </symbol>
      <symbol id="sm-a67">
         <name>_copy_in</name>
         <value>0x3f18da</value>
         <object_component_ref idref="oc-179"/>
      </symbol>
      <symbol id="sm-a78">
         <name>_memcpy</name>
         <value>0x3f1a7a</value>
         <object_component_ref idref="oc-18e"/>
      </symbol>
      <symbol id="sm-a84">
         <name>__system_pre_init</name>
         <value>0x3f2083</value>
         <object_component_ref idref="oc-177"/>
      </symbol>
      <symbol id="sm-a91">
         <name>__system_post_cinit</name>
         <value>0x3f2089</value>
         <object_component_ref idref="oc-17b"/>
      </symbol>
      <symbol id="sm-aa5">
         <name>C$$EXIT</name>
         <value>0x3f183f</value>
         <object_component_ref idref="oc-1fa"/>
      </symbol>
      <symbol id="sm-aa6">
         <name>_exit</name>
         <value>0x3f1841</value>
         <object_component_ref idref="oc-1fa"/>
      </symbol>
      <symbol id="sm-aa7">
         <name>___TI_cleanup_ptr</name>
         <value>0x6bc</value>
         <object_component_ref idref="oc-148"/>
      </symbol>
      <symbol id="sm-aa8">
         <name>___TI_enable_exit_profile_output</name>
         <value>0x6ba</value>
         <object_component_ref idref="oc-148"/>
      </symbol>
      <symbol id="sm-aa9">
         <name>_abort</name>
         <value>0x3f183f</value>
         <object_component_ref idref="oc-1fa"/>
      </symbol>
      <symbol id="sm-aaa">
         <name>___TI_dtors_ptr</name>
         <value>0x6be</value>
         <object_component_ref idref="oc-148"/>
      </symbol>
      <symbol id="sm-abe">
         <name>__unlock</name>
         <value>0x6c2</value>
         <object_component_ref idref="oc-20e"/>
      </symbol>
      <symbol id="sm-abf">
         <name>__lock</name>
         <value>0x6c0</value>
         <object_component_ref idref="oc-20f"/>
      </symbol>
      <symbol id="sm-ac0">
         <name>__register_lock</name>
         <value>0x3f1f82</value>
         <object_component_ref idref="oc-1da"/>
      </symbol>
      <symbol id="sm-ac1">
         <name>__nop</name>
         <value>0x3f1f86</value>
         <object_component_ref idref="oc-1da"/>
      </symbol>
      <symbol id="sm-ac2">
         <name>__register_unlock</name>
         <value>0x3f1f7e</value>
         <object_component_ref idref="oc-1da"/>
      </symbol>
      <symbol id="sm-ad1">
         <name>__args_main</name>
         <value>0x3f1b9e</value>
         <object_component_ref idref="oc-17c"/>
      </symbol>
      <symbol id="sm-adf">
         <name>_memset</name>
         <value>0x3f1fcb</value>
         <object_component_ref idref="oc-250"/>
      </symbol>
      <symbol id="sm-af5">
         <name>_strlen</name>
         <value>0x3f1fa7</value>
         <object_component_ref idref="oc-283"/>
      </symbol>
      <symbol id="sm-b02">
         <name>_HOSTwrite</name>
         <value>0x3f13e1</value>
         <object_component_ref idref="oc-280"/>
      </symbol>
      <symbol id="sm-b1a">
         <name>___TI_readmsg</name>
         <value>0x3f09a9</value>
         <object_component_ref idref="oc-291"/>
      </symbol>
      <symbol id="sm-b1b">
         <name>C$$IO$$</name>
         <value>0x3f09a4</value>
         <object_component_ref idref="oc-291"/>
      </symbol>
      <symbol id="sm-b1c">
         <name>__CIOBUF_</name>
         <value>0x8000</value>
         <object_component_ref idref="oc-16c"/>
      </symbol>
      <symbol id="sm-b1d">
         <name>___TI_writemsg</name>
         <value>0x3f0951</value>
         <object_component_ref idref="oc-291"/>
      </symbol>
      <symbol id="sm-b29">
         <name>_parmbuf</name>
         <value>0x6b2</value>
         <object_component_ref idref="oc-172"/>
      </symbol>
   </symbol_table>
   <title>Link successful</title>
</link_info>
