<?xml version="1.0" encoding="ISO-8859-1" ?>
<link_info>
   <banner>TMS320C2000 Linker PC v18.1.8.LTS</banner>
   <copyright>Copyright (c) 1996-2018 Texas Instruments Incorporated</copyright>
   <link_time>0x5fc8952b</link_time>
   <link_errors>0x0</link_errors>
   <output_file>acoustic_calibrator.out</output_file>
   <entry_point>
      <name>_c_int00</name>
      <address>0x3f18ca</address>
   </entry_point>
   <input_file_list>
      <input_file id="fl-2">
         <path>.\</path>
         <kind>object</kind>
         <file>DelayUs.obj</file>
         <name>DelayUs.obj</name>
      </input_file>
      <input_file id="fl-3">
         <path>.\</path>
         <kind>object</kind>
         <file>DeviceInit_18Nov2018.obj</file>
         <name>DeviceInit_18Nov2018.obj</name>
      </input_file>
      <input_file id="fl-4">
         <path>.\</path>
         <kind>object</kind>
         <file>ELEX7820-DA-DacIsr template.obj</file>
         <name>ELEX7820-DA-DacIsr template.obj</name>
      </input_file>
      <input_file id="fl-5">
         <path>.\</path>
         <kind>object</kind>
         <file>F2802x_GlobalVariableDefs.obj</file>
         <name>F2802x_GlobalVariableDefs.obj</name>
      </input_file>
      <input_file id="fl-6">
         <path>.\</path>
         <kind>object</kind>
         <file>FFT32_calc.obj</file>
         <name>FFT32_calc.obj</name>
      </input_file>
      <input_file id="fl-7">
         <path>.\</path>
         <kind>object</kind>
         <file>FFT32_init.obj</file>
         <name>FFT32_init.obj</name>
      </input_file>
      <input_file id="fl-8">
         <path>.\</path>
         <kind>object</kind>
         <file>FFT32_izero.obj</file>
         <name>FFT32_izero.obj</name>
      </input_file>
      <input_file id="fl-9">
         <path>.\</path>
         <kind>object</kind>
         <file>RFFT32_brev.obj</file>
         <name>RFFT32_brev.obj</name>
      </input_file>
      <input_file id="fl-a">
         <path>.\</path>
         <kind>object</kind>
         <file>RFFT32_brev_RT.obj</file>
         <name>RFFT32_brev_RT.obj</name>
      </input_file>
      <input_file id="fl-b">
         <path>.\</path>
         <kind>object</kind>
         <file>RFFT32_mag.obj</file>
         <name>RFFT32_mag.obj</name>
      </input_file>
      <input_file id="fl-c">
         <path>.\</path>
         <kind>object</kind>
         <file>RFFT32_split.obj</file>
         <name>RFFT32_split.obj</name>
      </input_file>
      <input_file id="fl-d">
         <path>.\</path>
         <kind>object</kind>
         <file>RFFT32_win.obj</file>
         <name>RFFT32_win.obj</name>
      </input_file>
      <input_file id="fl-e">
         <path>.\</path>
         <kind>object</kind>
         <file>idle.obj</file>
         <name>idle.obj</name>
      </input_file>
      <input_file id="fl-f">
         <path>.\</path>
         <kind>object</kind>
         <file>iir5biq16.obj</file>
         <name>iir5biq16.obj</name>
      </input_file>
      <input_file id="fl-10">
         <path>.\</path>
         <kind>object</kind>
         <file>sel_q.obj</file>
         <name>sel_q.obj</name>
      </input_file>
      <input_file id="fl-14">
         <path>C:\Users\Alex\Documents\GitHub\acoustic-calibrator\audioCalibrator\acoustic_calibrator\Debug\configPkg\package\cfg\</path>
         <kind>object</kind>
         <file>idle_p28L.o28L</file>
         <name>idle_p28L.o28L</name>
      </input_file>
      <input_file id="fl-1b">
         <kind>object</kind>
         <file>&lt;internal&gt;</file>
         <name>&lt;internal&gt;</name>
      </input_file>
      <input_file id="fl-1c">
         <path>C:\Users\Alex\Documents\GitHub\acoustic-calibrator\audioCalibrator\acoustic_calibrator\src\sysbios\</path>
         <kind>archive</kind>
         <file>sysbios.a28L</file>
         <name>BIOS.obj</name>
      </input_file>
      <input_file id="fl-1d">
         <path>C:\Users\Alex\Documents\GitHub\acoustic-calibrator\audioCalibrator\acoustic_calibrator\src\sysbios\</path>
         <kind>archive</kind>
         <file>sysbios.a28L</file>
         <name>c28_Hwi_asm.obj</name>
      </input_file>
      <input_file id="fl-1e">
         <path>C:\Users\Alex\Documents\GitHub\acoustic-calibrator\audioCalibrator\acoustic_calibrator\src\sysbios\</path>
         <kind>archive</kind>
         <file>sysbios.a28L</file>
         <name>c28_Hwi_disp_asm.obj</name>
      </input_file>
      <input_file id="fl-1f">
         <path>C:\Users\Alex\Documents\GitHub\acoustic-calibrator\audioCalibrator\acoustic_calibrator\src\sysbios\</path>
         <kind>archive</kind>
         <file>sysbios.a28L</file>
         <name>c28_IntrinsicsSupport_asm.obj</name>
      </input_file>
      <input_file id="fl-20">
         <path>C:\Users\Alex\Documents\GitHub\acoustic-calibrator\audioCalibrator\acoustic_calibrator\src\sysbios\</path>
         <kind>archive</kind>
         <file>sysbios.a28L</file>
         <name>c28_TaskSupport_asm.obj</name>
      </input_file>
      <input_file id="fl-21">
         <path>C:\ti\bios_6_76_04_02\packages\ti\catalog\c2800\init\lib\</path>
         <kind>archive</kind>
         <file>Boot.a28L</file>
         <name>Boot.o28L</name>
      </input_file>
      <input_file id="fl-22">
         <path>C:\ti\bios_6_76_04_02\packages\ti\targets\rts2800\lib\</path>
         <kind>archive</kind>
         <file>ti.targets.rts2800.a28L</file>
         <name>Assert.o28L</name>
      </input_file>
      <input_file id="fl-23">
         <path>C:\ti\bios_6_76_04_02\packages\ti\targets\rts2800\lib\</path>
         <kind>archive</kind>
         <file>ti.targets.rts2800.a28L</file>
         <name>Core-mem.o28L</name>
      </input_file>
      <input_file id="fl-24">
         <path>C:\ti\bios_6_76_04_02\packages\ti\targets\rts2800\lib\</path>
         <kind>archive</kind>
         <file>ti.targets.rts2800.a28L</file>
         <name>Core-smem.o28L</name>
      </input_file>
      <input_file id="fl-25">
         <path>C:\ti\bios_6_76_04_02\packages\ti\targets\rts2800\lib\</path>
         <kind>archive</kind>
         <file>ti.targets.rts2800.a28L</file>
         <name>Core-label.o28L</name>
      </input_file>
      <input_file id="fl-26">
         <path>C:\ti\bios_6_76_04_02\packages\ti\targets\rts2800\lib\</path>
         <kind>archive</kind>
         <file>ti.targets.rts2800.a28L</file>
         <name>Core-params.o28L</name>
      </input_file>
      <input_file id="fl-27">
         <path>C:\ti\bios_6_76_04_02\packages\ti\targets\rts2800\lib\</path>
         <kind>archive</kind>
         <file>ti.targets.rts2800.a28L</file>
         <name>Error.o28L</name>
      </input_file>
      <input_file id="fl-28">
         <path>C:\ti\bios_6_76_04_02\packages\ti\targets\rts2800\lib\</path>
         <kind>archive</kind>
         <file>ti.targets.rts2800.a28L</file>
         <name>Gate.o28L</name>
      </input_file>
      <input_file id="fl-29">
         <path>C:\ti\bios_6_76_04_02\packages\ti\targets\rts2800\lib\</path>
         <kind>archive</kind>
         <file>ti.targets.rts2800.a28L</file>
         <name>GateNull.o28L</name>
      </input_file>
      <input_file id="fl-2a">
         <path>C:\ti\bios_6_76_04_02\packages\ti\targets\rts2800\lib\</path>
         <kind>archive</kind>
         <file>ti.targets.rts2800.a28L</file>
         <name>HeapStd.o28L</name>
      </input_file>
      <input_file id="fl-2b">
         <path>C:\ti\bios_6_76_04_02\packages\ti\targets\rts2800\lib\</path>
         <kind>archive</kind>
         <file>ti.targets.rts2800.a28L</file>
         <name>LoggerBuf.o28L</name>
      </input_file>
      <input_file id="fl-2c">
         <path>C:\ti\bios_6_76_04_02\packages\ti\targets\rts2800\lib\</path>
         <kind>archive</kind>
         <file>ti.targets.rts2800.a28L</file>
         <name>Memory.o28L</name>
      </input_file>
      <input_file id="fl-2d">
         <path>C:\ti\bios_6_76_04_02\packages\ti\targets\rts2800\lib\</path>
         <kind>archive</kind>
         <file>ti.targets.rts2800.a28L</file>
         <name>Startup.o28L</name>
      </input_file>
      <input_file id="fl-2e">
         <path>C:\ti\bios_6_76_04_02\packages\ti\targets\rts2800\lib\</path>
         <kind>archive</kind>
         <file>ti.targets.rts2800.a28L</file>
         <name>System.o28L</name>
      </input_file>
      <input_file id="fl-2f">
         <path>C:\ti\bios_6_76_04_02\packages\ti\targets\rts2800\lib\</path>
         <kind>archive</kind>
         <file>ti.targets.rts2800.a28L</file>
         <name>SysMin.o28L</name>
      </input_file>
      <input_file id="fl-30">
         <path>C:\ti\bios_6_76_04_02\packages\ti\targets\rts2800\lib\</path>
         <kind>archive</kind>
         <file>ti.targets.rts2800.a28L</file>
         <name>Text.o28L</name>
      </input_file>
      <input_file id="fl-31">
         <path>C:\ti\bios_6_76_04_02\packages\ti\targets\rts2800\lib\</path>
         <kind>archive</kind>
         <file>ti.targets.rts2800.a28L</file>
         <name>Timestamp.o28L</name>
      </input_file>
      <input_file id="fl-32">
         <path>C:\ti\bios_6_76_04_02\packages\ti\targets\rts2800\lib\</path>
         <kind>archive</kind>
         <file>ti.targets.rts2800.a28L</file>
         <name>xdc_noinit.o28L</name>
      </input_file>
      <input_file id="fl-33">
         <path>C:\ti\bios_6_76_04_02\packages\ti\targets\rts2800\lib\</path>
         <kind>archive</kind>
         <file>ti.targets.rts2800.a28L</file>
         <name>Log.o28L</name>
      </input_file>
      <input_file id="fl-34">
         <path>C:\ti\bios_6_76_04_02\packages\ti\targets\rts2800\lib\</path>
         <kind>archive</kind>
         <file>ti.targets.rts2800.a28L</file>
         <name>Registry.o28L</name>
      </input_file>
      <input_file id="fl-35">
         <path>C:\ti\bios_6_76_04_02\packages\ti\targets\rts2800\lib\</path>
         <kind>archive</kind>
         <file>boot.a28L</file>
         <name>boot_cg.o28L</name>
      </input_file>
      <input_file id="fl-41">
         <path>C:\ti\ccsv8\tools\compiler\ti-cgt-c2000_18.1.8.LTS\lib\</path>
         <kind>archive</kind>
         <file>rts2800_ml.lib</file>
         <name>ll_div28.asm.obj</name>
      </input_file>
      <input_file id="fl-42">
         <path>C:\ti\ccsv8\tools\compiler\ti-cgt-c2000_18.1.8.LTS\lib\</path>
         <kind>archive</kind>
         <file>rts2800_ml.lib</file>
         <name>cpy_tbl.c.obj</name>
      </input_file>
      <input_file id="fl-43">
         <path>C:\ti\ccsv8\tools\compiler\ti-cgt-c2000_18.1.8.LTS\lib\</path>
         <kind>archive</kind>
         <file>rts2800_ml.lib</file>
         <name>memcpy.c.obj</name>
      </input_file>
      <input_file id="fl-44">
         <path>C:\ti\ccsv8\tools\compiler\ti-cgt-c2000_18.1.8.LTS\lib\</path>
         <kind>archive</kind>
         <file>rts2800_ml.lib</file>
         <name>pre_init.c.obj</name>
      </input_file>
      <input_file id="fl-45">
         <path>C:\ti\ccsv8\tools\compiler\ti-cgt-c2000_18.1.8.LTS\lib\</path>
         <kind>archive</kind>
         <file>rts2800_ml.lib</file>
         <name>startup.c.obj</name>
      </input_file>
      <input_file id="fl-46">
         <path>C:\ti\ccsv8\tools\compiler\ti-cgt-c2000_18.1.8.LTS\lib\</path>
         <kind>archive</kind>
         <file>rts2800_ml.lib</file>
         <name>exit.c.obj</name>
      </input_file>
      <input_file id="fl-47">
         <path>C:\ti\ccsv8\tools\compiler\ti-cgt-c2000_18.1.8.LTS\lib\</path>
         <kind>archive</kind>
         <file>rts2800_ml.lib</file>
         <name>_lock.c.obj</name>
      </input_file>
      <input_file id="fl-48">
         <path>C:\ti\ccsv8\tools\compiler\ti-cgt-c2000_18.1.8.LTS\lib\</path>
         <kind>archive</kind>
         <file>rts2800_ml.lib</file>
         <name>args_main.c.obj</name>
      </input_file>
      <input_file id="fl-49">
         <path>C:\ti\ccsv8\tools\compiler\ti-cgt-c2000_18.1.8.LTS\lib\</path>
         <kind>archive</kind>
         <file>rts2800_ml.lib</file>
         <name>memset.c.obj</name>
      </input_file>
      <input_file id="fl-4a">
         <path>C:\ti\ccsv8\tools\compiler\ti-cgt-c2000_18.1.8.LTS\lib\</path>
         <kind>archive</kind>
         <file>rts2800_ml.lib</file>
         <name>strcmp.c.obj</name>
      </input_file>
      <input_file id="fl-4b">
         <path>C:\ti\ccsv8\tools\compiler\ti-cgt-c2000_18.1.8.LTS\lib\</path>
         <kind>archive</kind>
         <file>rts2800_ml.lib</file>
         <name>strlen.c.obj</name>
      </input_file>
      <input_file id="fl-4c">
         <path>C:\ti\ccsv8\tools\compiler\ti-cgt-c2000_18.1.8.LTS\lib\</path>
         <kind>archive</kind>
         <file>rts2800_ml.lib</file>
         <name>hostwrite.c.obj</name>
      </input_file>
      <input_file id="fl-4d">
         <path>C:\ti\ccsv8\tools\compiler\ti-cgt-c2000_18.1.8.LTS\lib\</path>
         <kind>archive</kind>
         <file>rts2800_ml.lib</file>
         <name>trgmsg.c.obj</name>
      </input_file>
      <input_file id="fl-4e">
         <path>C:\ti\ccsv8\tools\compiler\ti-cgt-c2000_18.1.8.LTS\lib\</path>
         <kind>archive</kind>
         <file>rts2800_ml.lib</file>
         <name>hostopen.c.obj</name>
      </input_file>
   </input_file_list>
   <object_component_list>
      <object_component id="oc-71">
         <name>PieVectTableFile</name>
         <uninitialized>true</uninitialized>
         <run_address>0xd00</run_address>
         <size>0x100</size>
         <input_file_ref idref="fl-5"/>
      </object_component>
      <object_component id="oc-51">
         <name>EmuKeyVar</name>
         <uninitialized>true</uninitialized>
         <run_address>0xd00</run_address>
         <size>0x1</size>
         <input_file_ref idref="fl-5"/>
      </object_component>
      <object_component id="oc-53">
         <name>EmuBModeVar</name>
         <uninitialized>true</uninitialized>
         <run_address>0xd01</run_address>
         <size>0x1</size>
         <input_file_ref idref="fl-5"/>
      </object_component>
      <object_component id="oc-54">
         <name>FlashCallbackVar</name>
         <uninitialized>true</uninitialized>
         <run_address>0xd02</run_address>
         <size>0x2</size>
         <input_file_ref idref="fl-5"/>
      </object_component>
      <object_component id="oc-55">
         <name>FlashScalingVar</name>
         <uninitialized>true</uninitialized>
         <run_address>0xd04</run_address>
         <size>0x2</size>
         <input_file_ref idref="fl-5"/>
      </object_component>
      <object_component id="oc-57">
         <name>DevEmuRegsFile</name>
         <uninitialized>true</uninitialized>
         <run_address>0x880</run_address>
         <size>0x4</size>
         <input_file_ref idref="fl-5"/>
      </object_component>
      <object_component id="oc-56">
         <name>SysPwrCtrlRegsFile</name>
         <uninitialized>true</uninitialized>
         <run_address>0x985</run_address>
         <size>0x3</size>
         <input_file_ref idref="fl-5"/>
      </object_component>
      <object_component id="oc-58">
         <name>FlashRegsFile</name>
         <uninitialized>true</uninitialized>
         <run_address>0xa80</run_address>
         <size>0x8</size>
         <input_file_ref idref="fl-5"/>
      </object_component>
      <object_component id="oc-60">
         <name>CsmRegsFile</name>
         <uninitialized>true</uninitialized>
         <run_address>0xae0</run_address>
         <size>0x10</size>
         <input_file_ref idref="fl-5"/>
      </object_component>
      <object_component id="oc-69">
         <name>AdcResultFile</name>
         <uninitialized>true</uninitialized>
         <run_address>0xb00</run_address>
         <size>0x20</size>
         <input_file_ref idref="fl-5"/>
      </object_component>
      <object_component id="oc-5a">
         <name>CpuTimer0RegsFile</name>
         <uninitialized>true</uninitialized>
         <run_address>0xc00</run_address>
         <size>0x8</size>
         <input_file_ref idref="fl-5"/>
      </object_component>
      <object_component id="oc-59">
         <name>CpuTimer1RegsFile</name>
         <uninitialized>true</uninitialized>
         <run_address>0xc08</run_address>
         <size>0x8</size>
         <input_file_ref idref="fl-5"/>
      </object_component>
      <object_component id="oc-5c">
         <name>CpuTimer2RegsFile</name>
         <uninitialized>true</uninitialized>
         <run_address>0xc10</run_address>
         <size>0x8</size>
         <input_file_ref idref="fl-5"/>
      </object_component>
      <object_component id="oc-63">
         <name>PieCtrlRegsFile</name>
         <uninitialized>true</uninitialized>
         <run_address>0xce0</run_address>
         <size>0x1a</size>
         <input_file_ref idref="fl-5"/>
      </object_component>
      <object_component id="oc-65">
         <name>ECap1RegsFile</name>
         <uninitialized>true</uninitialized>
         <run_address>0x6a00</run_address>
         <size>0x20</size>
         <input_file_ref idref="fl-5"/>
      </object_component>
      <object_component id="oc-6d">
         <name>GpioCtrlRegsFile</name>
         <uninitialized>true</uninitialized>
         <run_address>0x6f80</run_address>
         <size>0x40</size>
         <input_file_ref idref="fl-5"/>
      </object_component>
      <object_component id="oc-68">
         <name>GpioDataRegsFile</name>
         <uninitialized>true</uninitialized>
         <run_address>0x6fc0</run_address>
         <size>0x20</size>
         <input_file_ref idref="fl-5"/>
      </object_component>
      <object_component id="oc-5d">
         <name>GpioIntRegsFile</name>
         <uninitialized>true</uninitialized>
         <run_address>0x6fe0</run_address>
         <size>0xa</size>
         <input_file_ref idref="fl-5"/>
      </object_component>
      <object_component id="oc-64">
         <name>SysCtrlRegsFile</name>
         <uninitialized>true</uninitialized>
         <run_address>0x7010</run_address>
         <size>0x1f</size>
         <input_file_ref idref="fl-5"/>
      </object_component>
      <object_component id="oc-62">
         <name>SpiaRegsFile</name>
         <uninitialized>true</uninitialized>
         <run_address>0x7040</run_address>
         <size>0x10</size>
         <input_file_ref idref="fl-5"/>
      </object_component>
      <object_component id="oc-5f">
         <name>SciaRegsFile</name>
         <uninitialized>true</uninitialized>
         <run_address>0x7050</run_address>
         <size>0x10</size>
         <input_file_ref idref="fl-5"/>
      </object_component>
      <object_component id="oc-5e">
         <name>NmiIntruptRegsFile</name>
         <uninitialized>true</uninitialized>
         <run_address>0x7060</run_address>
         <size>0x10</size>
         <input_file_ref idref="fl-5"/>
      </object_component>
      <object_component id="oc-61">
         <name>XIntruptRegsFile</name>
         <uninitialized>true</uninitialized>
         <run_address>0x7070</run_address>
         <size>0x10</size>
         <input_file_ref idref="fl-5"/>
      </object_component>
      <object_component id="oc-70">
         <name>AdcRegsFile</name>
         <uninitialized>true</uninitialized>
         <run_address>0x7100</run_address>
         <size>0x51</size>
         <input_file_ref idref="fl-5"/>
      </object_component>
      <object_component id="oc-6a">
         <name>I2caRegsFile</name>
         <uninitialized>true</uninitialized>
         <run_address>0x7900</run_address>
         <size>0x22</size>
         <input_file_ref idref="fl-5"/>
      </object_component>
      <object_component id="oc-67">
         <name>Comp1RegsFile</name>
         <uninitialized>true</uninitialized>
         <run_address>0x6400</run_address>
         <size>0x20</size>
         <input_file_ref idref="fl-5"/>
      </object_component>
      <object_component id="oc-66">
         <name>Comp2RegsFile</name>
         <uninitialized>true</uninitialized>
         <run_address>0x6420</run_address>
         <size>0x20</size>
         <input_file_ref idref="fl-5"/>
      </object_component>
      <object_component id="oc-6e">
         <name>EPwm1RegsFile</name>
         <uninitialized>true</uninitialized>
         <run_address>0x6800</run_address>
         <size>0x40</size>
         <input_file_ref idref="fl-5"/>
      </object_component>
      <object_component id="oc-6b">
         <name>EPwm2RegsFile</name>
         <uninitialized>true</uninitialized>
         <run_address>0x6840</run_address>
         <size>0x40</size>
         <input_file_ref idref="fl-5"/>
      </object_component>
      <object_component id="oc-6f">
         <name>EPwm3RegsFile</name>
         <uninitialized>true</uninitialized>
         <run_address>0x6880</run_address>
         <size>0x40</size>
         <input_file_ref idref="fl-5"/>
      </object_component>
      <object_component id="oc-6c">
         <name>EPwm4RegsFile</name>
         <uninitialized>true</uninitialized>
         <run_address>0x68c0</run_address>
         <size>0x40</size>
         <input_file_ref idref="fl-5"/>
      </object_component>
      <object_component id="oc-5b">
         <name>CsmPwlFile</name>
         <uninitialized>true</uninitialized>
         <run_address>0x3f7ff8</run_address>
         <size>0x8</size>
         <input_file_ref idref="fl-5"/>
      </object_component>
      <object_component id="oc-52">
         <name>PartIdRegsFile</name>
         <uninitialized>true</uninitialized>
         <run_address>0x3d7fff</run_address>
         <size>0x1</size>
         <input_file_ref idref="fl-5"/>
      </object_component>
      <object_component id="oc-af">
         <name>.cinit</name>
         <load_address>0x3f61fc</load_address>
         <run_address>0x3f61fc</run_address>
         <size>0x465</size>
         <input_file_ref idref="fl-14"/>
      </object_component>
      <object_component id="oc-9d">
         <name>.cinit</name>
         <load_address>0x3f6661</load_address>
         <run_address>0x3f6661</run_address>
         <size>0x71</size>
         <input_file_ref idref="fl-e"/>
      </object_component>
      <object_component id="oc-158">
         <name>.cinit</name>
         <load_address>0x3f66d2</load_address>
         <run_address>0x3f66d2</run_address>
         <size>0xe</size>
         <input_file_ref idref="fl-46"/>
      </object_component>
      <object_component id="oc-20b">
         <name>.cinit:__lock</name>
         <load_address>0x3f66e0</load_address>
         <run_address>0x3f66e0</run_address>
         <size>0x5</size>
         <input_file_ref idref="fl-47"/>
      </object_component>
      <object_component id="oc-20a">
         <name>.cinit:__unlock</name>
         <load_address>0x3f66e5</load_address>
         <run_address>0x3f66e5</run_address>
         <size>0x5</size>
         <input_file_ref idref="fl-47"/>
      </object_component>
      <object_component id="oc-26a">
         <name>.text:_xdc_runtime_System_doPrint__I</name>
         <load_address>0x3f0000</load_address>
         <run_address>0x3f0000</run_address>
         <size>0x223</size>
         <input_file_ref idref="fl-2e"/>
      </object_component>
      <object_component id="oc-197">
         <name>.text</name>
         <load_address>0x3f0223</load_address>
         <run_address>0x3f0223</run_address>
         <size>0x1e9</size>
         <input_file_ref idref="fl-e"/>
      </object_component>
      <object_component id="oc-1d9">
         <name>.text:_ti_sysbios_knl_Semaphore_pend__E</name>
         <load_address>0x3f040c</load_address>
         <run_address>0x3f040c</run_address>
         <size>0x186</size>
         <input_file_ref idref="fl-1c"/>
      </object_component>
      <object_component id="oc-4b">
         <name>.text:retain</name>
         <load_address>0x3f0592</load_address>
         <run_address>0x3f0592</run_address>
         <size>0x164</size>
         <input_file_ref idref="fl-4"/>
      </object_component>
      <object_component id="oc-1cf">
         <name>.text</name>
         <load_address>0x3f06f6</load_address>
         <run_address>0x3f06f6</run_address>
         <size>0x110</size>
         <input_file_ref idref="fl-3"/>
      </object_component>
      <object_component id="oc-73">
         <name>.text</name>
         <load_address>0x3f0806</load_address>
         <run_address>0x3f0806</run_address>
         <size>0x108</size>
         <input_file_ref idref="fl-6"/>
      </object_component>
      <object_component id="oc-13e">
         <name>.text</name>
         <load_address>0x3f090e</load_address>
         <run_address>0x3f090e</run_address>
         <size>0x107</size>
         <input_file_ref idref="fl-41"/>
      </object_component>
      <object_component id="oc-25b">
         <name>.text:_ti_sysbios_family_c28_Hwi_clearInterrupt__E</name>
         <load_address>0x3f0a15</load_address>
         <run_address>0x3f0a15</run_address>
         <size>0xee</size>
         <input_file_ref idref="fl-1c"/>
      </object_component>
      <object_component id="oc-1ad">
         <name>.text:_xdc_runtime_HeapStd_alloc__E</name>
         <load_address>0x3f0b03</load_address>
         <run_address>0x3f0b03</run_address>
         <size>0xee</size>
         <input_file_ref idref="fl-2a"/>
      </object_component>
      <object_component id="oc-1bb">
         <name>.text:_xdc_runtime_LoggerBuf_write8__E</name>
         <load_address>0x3f0bf1</load_address>
         <run_address>0x3f0bf1</run_address>
         <size>0xb5</size>
         <input_file_ref idref="fl-2b"/>
      </object_component>
      <object_component id="oc-2c2">
         <name>.text:_xdc_runtime_System_printfExtend__I</name>
         <load_address>0x3f0ca6</load_address>
         <run_address>0x3f0ca6</run_address>
         <size>0xb0</size>
         <input_file_ref idref="fl-14"/>
      </object_component>
      <object_component id="oc-301">
         <name>.text:_ti_sysbios_utils_Load_updateThreadContexts__E</name>
         <load_address>0x3f0d56</load_address>
         <run_address>0x3f0d56</run_address>
         <size>0xa6</size>
         <input_file_ref idref="fl-1c"/>
      </object_component>
      <object_component id="oc-1e7">
         <name>.text:_xdc_runtime_Core_createObject__I</name>
         <load_address>0x3f0dfc</load_address>
         <run_address>0x3f0dfc</run_address>
         <size>0x9f</size>
         <input_file_ref idref="fl-23"/>
      </object_component>
      <object_component id="oc-25c">
         <name>.text:_ti_sysbios_family_c28_Hwi_enableInterrupt__E</name>
         <load_address>0x3f0e9b</load_address>
         <run_address>0x3f0e9b</run_address>
         <size>0x99</size>
         <input_file_ref idref="fl-1c"/>
      </object_component>
      <object_component id="oc-313">
         <name>.text</name>
         <load_address>0x3f0f34</load_address>
         <run_address>0x3f0f34</run_address>
         <size>0x94</size>
         <input_file_ref idref="fl-4d"/>
      </object_component>
      <object_component id="oc-264">
         <name>.text:_ti_sysbios_knl_Task_checkStacks__E</name>
         <load_address>0x3f0fc8</load_address>
         <run_address>0x3f0fc8</run_address>
         <size>0x91</size>
         <input_file_ref idref="fl-1c"/>
      </object_component>
      <object_component id="oc-31f">
         <name>.text:_ti_sysbios_family_c28_Hwi_disableInterrupt__E</name>
         <load_address>0x3f1059</load_address>
         <run_address>0x3f1059</run_address>
         <size>0x90</size>
         <input_file_ref idref="fl-1c"/>
      </object_component>
      <object_component id="oc-1d8">
         <name>.text:_ti_sysbios_knl_Semaphore_post__E</name>
         <load_address>0x3f10e9</load_address>
         <run_address>0x3f10e9</run_address>
         <size>0x90</size>
         <input_file_ref idref="fl-1c"/>
      </object_component>
      <object_component id="oc-2f7">
         <name>.text:_ti_sysbios_knl_Task_postInit__I</name>
         <load_address>0x3f1179</load_address>
         <run_address>0x3f1179</run_address>
         <size>0x8f</size>
         <input_file_ref idref="fl-1c"/>
      </object_component>
      <object_component id="oc-238">
         <name>.text:_xdc_runtime_Error_policyDefault__E</name>
         <load_address>0x3f1208</load_address>
         <run_address>0x3f1208</run_address>
         <size>0x8c</size>
         <input_file_ref idref="fl-27"/>
      </object_component>
      <object_component id="oc-29d">
         <name>.text:_ti_sysbios_family_c28_Hwi_disablePIEIER__E</name>
         <load_address>0x3f1294</load_address>
         <run_address>0x3f1294</run_address>
         <size>0x8a</size>
         <input_file_ref idref="fl-1c"/>
      </object_component>
      <object_component id="oc-29c">
         <name>.text:_ti_sysbios_family_c28_Hwi_enablePIEIER__E</name>
         <load_address>0x3f131e</load_address>
         <run_address>0x3f131e</run_address>
         <size>0x89</size>
         <input_file_ref idref="fl-1c"/>
      </object_component>
      <object_component id="oc-305">
         <name>.text:_ti_sysbios_family_c28_Hwi_dispatch</name>
         <load_address>0x3f13a7</load_address>
         <run_address>0x3f13a7</run_address>
         <size>0x85</size>
         <input_file_ref idref="fl-1e"/>
      </object_component>
      <object_component id="oc-2d3">
         <name>.text:_ti_sysbios_family_c28_Hwi_Module_startup__E</name>
         <load_address>0x3f142c</load_address>
         <run_address>0x3f142c</run_address>
         <size>0x84</size>
         <input_file_ref idref="fl-1c"/>
      </object_component>
      <object_component id="oc-1f8">
         <name>.text:_xdc_runtime_HeapStd_Instance_init__E</name>
         <load_address>0x3f14b0</load_address>
         <run_address>0x3f14b0</run_address>
         <size>0x82</size>
         <input_file_ref idref="fl-2a"/>
      </object_component>
      <object_component id="oc-2af">
         <name>.text:_ti_sysbios_knl_Swi_run__I</name>
         <load_address>0x3f1532</load_address>
         <run_address>0x3f1532</run_address>
         <size>0x7a</size>
         <input_file_ref idref="fl-1c"/>
      </object_component>
      <object_component id="oc-2e4">
         <name>.text:_ti_sysbios_utils_Load_updateLoads__E</name>
         <load_address>0x3f15ac</load_address>
         <run_address>0x3f15ac</run_address>
         <size>0x7a</size>
         <input_file_ref idref="fl-1c"/>
      </object_component>
      <object_component id="oc-1ba">
         <name>.text:_xdc_runtime_LoggerBuf_write4__E</name>
         <load_address>0x3f1626</load_address>
         <run_address>0x3f1626</run_address>
         <size>0x79</size>
         <input_file_ref idref="fl-2b"/>
      </object_component>
      <object_component id="oc-307">
         <name>.text:_ti_sysbios_family_c28_Timer_stopAndClear__I</name>
         <load_address>0x3f169f</load_address>
         <run_address>0x3f169f</run_address>
         <size>0x74</size>
         <input_file_ref idref="fl-1c"/>
      </object_component>
      <object_component id="oc-338">
         <name>.text:_ti_sysbios_family_c28_Hwi_dispatchCore__I</name>
         <load_address>0x3f1713</load_address>
         <run_address>0x3f1713</run_address>
         <size>0x73</size>
         <input_file_ref idref="fl-1c"/>
      </object_component>
      <object_component id="oc-23c">
         <name>.text:_xdc_runtime_Startup_startMods__I</name>
         <load_address>0x3f1786</load_address>
         <run_address>0x3f1786</run_address>
         <size>0x71</size>
         <input_file_ref idref="fl-2d"/>
      </object_component>
      <object_component id="oc-1ae">
         <name>.text:_xdc_runtime_HeapStd_free__E</name>
         <load_address>0x3f17f7</load_address>
         <run_address>0x3f17f7</run_address>
         <size>0x6c</size>
         <input_file_ref idref="fl-2a"/>
      </object_component>
      <object_component id="oc-2b0">
         <name>.text:_ti_sysbios_utils_Load_idleFxn__E</name>
         <load_address>0x3f1863</load_address>
         <run_address>0x3f1863</run_address>
         <size>0x67</size>
         <input_file_ref idref="fl-1c"/>
      </object_component>
      <object_component id="oc-3f">
         <name>.text</name>
         <load_address>0x3f18ca</load_address>
         <run_address>0x3f18ca</run_address>
         <size>0x67</size>
         <input_file_ref idref="fl-35"/>
      </object_component>
      <object_component id="oc-2ff">
         <name>.text:_ti_sysbios_utils_Load_updateCurrentThreadTime__E</name>
         <load_address>0x3f1931</load_address>
         <run_address>0x3f1931</run_address>
         <size>0x66</size>
         <input_file_ref idref="fl-1c"/>
      </object_component>
      <object_component id="oc-92">
         <name>.text</name>
         <load_address>0x3f1997</load_address>
         <run_address>0x3f1997</run_address>
         <size>0x64</size>
         <input_file_ref idref="fl-c"/>
      </object_component>
      <object_component id="oc-2e1">
         <name>.text:_xdc_runtime_Text_putSite__E</name>
         <load_address>0x3f19fb</load_address>
         <run_address>0x3f19fb</run_address>
         <size>0x5d</size>
         <input_file_ref idref="fl-30"/>
      </object_component>
      <object_component id="oc-323">
         <name>.text:_ti_sysbios_family_c28_TaskSupport_start__E</name>
         <load_address>0x3f1a58</load_address>
         <run_address>0x3f1a58</run_address>
         <size>0x5c</size>
         <input_file_ref idref="fl-1c"/>
      </object_component>
      <object_component id="oc-21a">
         <name>.text:_ti_sysbios_knl_Task_startCore__E</name>
         <load_address>0x3f1ab4</load_address>
         <run_address>0x3f1ab4</run_address>
         <size>0x5c</size>
         <input_file_ref idref="fl-1c"/>
      </object_component>
      <object_component id="oc-270">
         <name>.text:_ti_sysbios_knl_Task_schedule__I</name>
         <load_address>0x3f1b10</load_address>
         <run_address>0x3f1b10</run_address>
         <size>0x56</size>
         <input_file_ref idref="fl-1c"/>
      </object_component>
      <object_component id="oc-2d7">
         <name>.text:_ti_sysbios_knl_Task_Module_startup__E</name>
         <load_address>0x3f1b66</load_address>
         <run_address>0x3f1b66</run_address>
         <size>0x4f</size>
         <input_file_ref idref="fl-1c"/>
      </object_component>
      <object_component id="oc-2bf">
         <name>.text:_ti_sysbios_utils_Load_taskSwitchHook__E</name>
         <load_address>0x3f1bb5</load_address>
         <run_address>0x3f1bb5</run_address>
         <size>0x4b</size>
         <input_file_ref idref="fl-1c"/>
      </object_component>
      <object_component id="oc-1c8">
         <name>.text:_ti_sysbios_utils_Load_startup__E</name>
         <load_address>0x3f1c00</load_address>
         <run_address>0x3f1c00</run_address>
         <size>0x4a</size>
         <input_file_ref idref="fl-1c"/>
      </object_component>
      <object_component id="oc-2d6">
         <name>.text:_ti_sysbios_knl_Swi_Module_startup__E</name>
         <load_address>0x3f1c4a</load_address>
         <run_address>0x3f1c4a</run_address>
         <size>0x47</size>
         <input_file_ref idref="fl-1c"/>
      </object_component>
      <object_component id="oc-33c">
         <name>.text:_ti_sysbios_knl_Swi_restoreHwi__E</name>
         <load_address>0x3f1c91</load_address>
         <run_address>0x3f1c91</run_address>
         <size>0x47</size>
         <input_file_ref idref="fl-1c"/>
      </object_component>
      <object_component id="oc-2ee">
         <name>.text:_ti_sysbios_family_c28_Timer_postInit__I</name>
         <load_address>0x3f1cd8</load_address>
         <run_address>0x3f1cd8</run_address>
         <size>0x46</size>
         <input_file_ref idref="fl-1c"/>
      </object_component>
      <object_component id="oc-2f2">
         <name>.text:_ti_sysbios_knl_Swi_postInit__I</name>
         <load_address>0x3f1d1e</load_address>
         <run_address>0x3f1d1e</run_address>
         <size>0x43</size>
         <input_file_ref idref="fl-1c"/>
      </object_component>
      <object_component id="oc-1d7">
         <name>.text:_ti_sysbios_knl_Swi_post__E</name>
         <load_address>0x3f1d61</load_address>
         <run_address>0x3f1d61</run_address>
         <size>0x43</size>
         <input_file_ref idref="fl-1c"/>
      </object_component>
      <object_component id="oc-2ad">
         <name>.text:_ti_sysbios_utils_Load_swiBeginHook__E</name>
         <load_address>0x3f1da4</load_address>
         <run_address>0x3f1da4</run_address>
         <size>0x42</size>
         <input_file_ref idref="fl-1c"/>
      </object_component>
      <object_component id="oc-2e0">
         <name>.text:_xdc_runtime_Text_putLab__E</name>
         <load_address>0x3f1de6</load_address>
         <run_address>0x3f1de6</run_address>
         <size>0x41</size>
         <input_file_ref idref="fl-30"/>
      </object_component>
      <object_component id="oc-2ed">
         <name>.text:_ti_sysbios_family_c28_Hwi_postInit__I</name>
         <load_address>0x3f1e27</load_address>
         <run_address>0x3f1e27</run_address>
         <size>0x40</size>
         <input_file_ref idref="fl-1c"/>
      </object_component>
      <object_component id="oc-2fb">
         <name>.text:_xdc_runtime_Text_putMod__E</name>
         <load_address>0x3f1e67</load_address>
         <run_address>0x3f1e67</run_address>
         <size>0x3f</size>
         <input_file_ref idref="fl-30"/>
      </object_component>
      <object_component id="oc-2be">
         <name>.text:_ti_sysbios_utils_Load_taskCreateHook__E</name>
         <load_address>0x3f1ea6</load_address>
         <run_address>0x3f1ea6</run_address>
         <size>0x3e</size>
         <input_file_ref idref="fl-1c"/>
      </object_component>
      <object_component id="oc-256">
         <name>.text:_xdc_runtime_Memory_alloc__E</name>
         <load_address>0x3f1ee4</load_address>
         <run_address>0x3f1ee4</run_address>
         <size>0x3e</size>
         <input_file_ref idref="fl-2c"/>
      </object_component>
      <object_component id="oc-1e9">
         <name>.text:_xdc_runtime_Core_deleteObject__I</name>
         <load_address>0x3f1f22</load_address>
         <run_address>0x3f1f22</run_address>
         <size>0x3d</size>
         <input_file_ref idref="fl-23"/>
      </object_component>
      <object_component id="oc-1bd">
         <name>.text:_xdc_runtime_LoggerBuf_getFilterLevel__E</name>
         <load_address>0x3f1f5f</load_address>
         <run_address>0x3f1f5f</run_address>
         <size>0x3d</size>
         <input_file_ref idref="fl-2b"/>
      </object_component>
      <object_component id="oc-2b9">
         <name>.text:_ti_sysbios_family_c28_Hwi_getInterruptFlag__E</name>
         <load_address>0x3f1f9c</load_address>
         <run_address>0x3f1f9c</run_address>
         <size>0x3c</size>
         <input_file_ref idref="fl-1c"/>
      </object_component>
      <object_component id="oc-1bc">
         <name>.text:_xdc_runtime_LoggerBuf_setFilterLevel__E</name>
         <load_address>0x3f1fd8</load_address>
         <run_address>0x3f1fd8</run_address>
         <size>0x3c</size>
         <input_file_ref idref="fl-2b"/>
      </object_component>
      <object_component id="oc-2de">
         <name>.text:_ti_sysbios_utils_Load_addTask__E</name>
         <load_address>0x3f2014</load_address>
         <run_address>0x3f2014</run_address>
         <size>0x3a</size>
         <input_file_ref idref="fl-1c"/>
      </object_component>
      <object_component id="oc-30c">
         <name>.text:_ti_sysbios_knl_Task_exit__E</name>
         <load_address>0x3f204e</load_address>
         <run_address>0x3f204e</run_address>
         <size>0x39</size>
         <input_file_ref idref="fl-1c"/>
      </object_component>
      <object_component id="oc-309">
         <name>.text:_ti_sysbios_family_c28_Timer_setPrescale__E</name>
         <load_address>0x3f2087</load_address>
         <run_address>0x3f2087</run_address>
         <size>0x38</size>
         <input_file_ref idref="fl-1c"/>
      </object_component>
      <object_component id="oc-26c">
         <name>.text:_ti_sysbios_knl_Swi_runLoop__I</name>
         <load_address>0x3f20bf</load_address>
         <run_address>0x3f20bf</run_address>
         <size>0x38</size>
         <input_file_ref idref="fl-1c"/>
      </object_component>
      <object_component id="oc-2fa">
         <name>.text</name>
         <load_address>0x3f20f7</load_address>
         <run_address>0x3f20f7</run_address>
         <size>0x38</size>
         <input_file_ref idref="fl-4c"/>
      </object_component>
      <object_component id="oc-2ce">
         <name>.text:_ti_sysbios_family_c28_Hwi_getStackInfo__E</name>
         <load_address>0x3f212f</load_address>
         <run_address>0x3f212f</run_address>
         <size>0x36</size>
         <input_file_ref idref="fl-1c"/>
      </object_component>
      <object_component id="oc-31c">
         <name>.text:_ti_sysbios_utils_Load_hwiBeginHook__E</name>
         <load_address>0x3f2165</load_address>
         <run_address>0x3f2165</run_address>
         <size>0x35</size>
         <input_file_ref idref="fl-14"/>
      </object_component>
      <object_component id="oc-20e">
         <name>.text:_ti_sysbios_family_c28_Timer_start__E</name>
         <load_address>0x3f219a</load_address>
         <run_address>0x3f219a</run_address>
         <size>0x34</size>
         <input_file_ref idref="fl-1c"/>
      </object_component>
      <object_component id="oc-31d">
         <name>.text:_ti_sysbios_utils_Load_hwiEndHook__E</name>
         <load_address>0x3f21ce</load_address>
         <run_address>0x3f21ce</run_address>
         <size>0x34</size>
         <input_file_ref idref="fl-1c"/>
      </object_component>
      <object_component id="oc-2ab">
         <name>.text:_xdc_runtime_System_formatNum__I</name>
         <load_address>0x3f2202</load_address>
         <run_address>0x3f2202</run_address>
         <size>0x33</size>
         <input_file_ref idref="fl-2e"/>
      </object_component>
      <object_component id="oc-a9">
         <name>.text</name>
         <load_address>0x3f2235</load_address>
         <run_address>0x3f2235</run_address>
         <size>0x33</size>
         <input_file_ref idref="fl-f"/>
      </object_component>
      <object_component id="oc-28d">
         <name>.text:_ti_sysbios_family_c28_Timer_getExpiredCounts64__E</name>
         <load_address>0x3f2268</load_address>
         <run_address>0x3f2268</run_address>
         <size>0x30</size>
         <input_file_ref idref="fl-1c"/>
      </object_component>
      <object_component id="oc-222">
         <name>.text:_ti_sysbios_knl_Swi_schedule__I</name>
         <load_address>0x3f2298</load_address>
         <run_address>0x3f2298</run_address>
         <size>0x30</size>
         <input_file_ref idref="fl-1c"/>
      </object_component>
      <object_component id="oc-2cb">
         <name>.text:_xdc_runtime_Error_print__E</name>
         <load_address>0x3f22c8</load_address>
         <run_address>0x3f22c8</run_address>
         <size>0x30</size>
         <input_file_ref idref="fl-27"/>
      </object_component>
      <object_component id="oc-31a">
         <name>.text:_ti_sysbios_family_c28_Timer_getFreq__E</name>
         <load_address>0x3f22f8</load_address>
         <run_address>0x3f22f8</run_address>
         <size>0x2f</size>
         <input_file_ref idref="fl-1c"/>
      </object_component>
      <object_component id="oc-205">
         <name>.text:_xdc_runtime_LoggerBuf_Instance_init__E</name>
         <load_address>0x3f2327</load_address>
         <run_address>0x3f2327</run_address>
         <size>0x2f</size>
         <input_file_ref idref="fl-2b"/>
      </object_component>
      <object_component id="oc-18b">
         <name>.text:_xdc_runtime_Startup_exec__E</name>
         <load_address>0x3f2356</load_address>
         <run_address>0x3f2356</run_address>
         <size>0x2f</size>
         <input_file_ref idref="fl-2d"/>
      </object_component>
      <object_component id="oc-19e">
         <name>.text:.bootCodeSection:_ti_catalog_c2800_init_Boot_configurePll2802x</name>
         <load_address>0x3f2385</load_address>
         <run_address>0x3f2385</run_address>
         <size>0x2e</size>
         <input_file_ref idref="fl-21"/>
      </object_component>
      <object_component id="oc-234">
         <name>.text:_ti_sysbios_knl_Task_blockI__E</name>
         <load_address>0x3f23b3</load_address>
         <run_address>0x3f23b3</run_address>
         <size>0x2e</size>
         <input_file_ref idref="fl-1c"/>
      </object_component>
      <object_component id="oc-31b">
         <name>.text:_ti_sysbios_utils_Load_logLoads__I</name>
         <load_address>0x3f23e1</load_address>
         <run_address>0x3f23e1</run_address>
         <size>0x2d</size>
         <input_file_ref idref="fl-1c"/>
      </object_component>
      <object_component id="oc-1f0">
         <name>.text:_xdc_runtime_Assert_raise__I</name>
         <load_address>0x3f240e</load_address>
         <run_address>0x3f240e</run_address>
         <size>0x2d</size>
         <input_file_ref idref="fl-22"/>
      </object_component>
      <object_component id="oc-247">
         <name>.text:_xdc_runtime_Core_assignParams__I</name>
         <load_address>0x3f243b</load_address>
         <run_address>0x3f243b</run_address>
         <size>0x2d</size>
         <input_file_ref idref="fl-26"/>
      </object_component>
      <object_component id="oc-337">
         <name>.text:_xdc_runtime_Text_visitRope2__I</name>
         <load_address>0x3f2468</load_address>
         <run_address>0x3f2468</run_address>
         <size>0x2d</size>
         <input_file_ref idref="fl-30"/>
      </object_component>
      <object_component id="oc-ba">
         <name>.text:_ti_sysbios_family_c28_Hwi_unPluggedInterrupt__I</name>
         <load_address>0x3f2495</load_address>
         <run_address>0x3f2495</run_address>
         <size>0x2c</size>
         <input_file_ref idref="fl-1c"/>
      </object_component>
      <object_component id="oc-1be">
         <name>.text:_xdc_runtime_LoggerBuf_Object__create__S</name>
         <load_address>0x3f24c1</load_address>
         <run_address>0x3f24c1</run_address>
         <size>0x2c</size>
         <input_file_ref idref="fl-14"/>
      </object_component>
      <object_component id="oc-2ae">
         <name>.text:_ti_sysbios_utils_Load_swiEndHook__E</name>
         <load_address>0x3f24ed</load_address>
         <run_address>0x3f24ed</run_address>
         <size>0x2b</size>
         <input_file_ref idref="fl-1c"/>
      </object_component>
      <object_component id="oc-1b1">
         <name>.text:_xdc_runtime_HeapStd_Object__create__S</name>
         <load_address>0x3f2518</load_address>
         <run_address>0x3f2518</run_address>
         <size>0x2b</size>
         <input_file_ref idref="fl-14"/>
      </object_component>
      <object_component id="oc-274">
         <name>.text:_xdc_runtime_Error_setX__E</name>
         <load_address>0x3f2543</load_address>
         <run_address>0x3f2543</run_address>
         <size>0x2a</size>
         <input_file_ref idref="fl-27"/>
      </object_component>
      <object_component id="oc-2fc">
         <name>.text:_xdc_runtime_Text_xprintf__I</name>
         <load_address>0x3f256d</load_address>
         <run_address>0x3f256d</run_address>
         <size>0x29</size>
         <input_file_ref idref="fl-30"/>
      </object_component>
      <object_component id="oc-240">
         <name>.text</name>
         <load_address>0x3f2596</load_address>
         <run_address>0x3f2596</run_address>
         <size>0x29</size>
         <input_file_ref idref="fl-46"/>
      </object_component>
      <object_component id="oc-2c0">
         <name>.text:_ti_sysbios_utils_Load_taskDeleteHook__E</name>
         <load_address>0x3f25bf</load_address>
         <run_address>0x3f25bf</run_address>
         <size>0x28</size>
         <input_file_ref idref="fl-1c"/>
      </object_component>
      <object_component id="oc-22e">
         <name>.text:_ti_sysbios_knl_Task_unblockI__E</name>
         <load_address>0x3f25e7</load_address>
         <run_address>0x3f25e7</run_address>
         <size>0x27</size>
         <input_file_ref idref="fl-1c"/>
      </object_component>
      <object_component id="oc-286">
         <name>.text:_xdc_runtime_SysMin_flush__E</name>
         <load_address>0x3f260e</load_address>
         <run_address>0x3f260e</run_address>
         <size>0x26</size>
         <input_file_ref idref="fl-2f"/>
      </object_component>
      <object_component id="oc-97">
         <name>.text</name>
         <load_address>0x3f2634</load_address>
         <run_address>0x3f2634</run_address>
         <size>0x24</size>
         <input_file_ref idref="fl-d"/>
      </object_component>
      <object_component id="oc-18a">
         <name>.text</name>
         <load_address>0x3f2658</load_address>
         <run_address>0x3f2658</run_address>
         <size>0x24</size>
         <input_file_ref idref="fl-42"/>
      </object_component>
      <object_component id="oc-1a3">
         <name>.text:_xdc_runtime_System_processAtExit__E</name>
         <load_address>0x3f267c</load_address>
         <run_address>0x3f267c</run_address>
         <size>0x23</size>
         <input_file_ref idref="fl-2e"/>
      </object_component>
      <object_component id="oc-83">
         <name>.text</name>
         <load_address>0x3f269f</load_address>
         <run_address>0x3f269f</run_address>
         <size>0x22</size>
         <input_file_ref idref="fl-9"/>
      </object_component>
      <object_component id="oc-8d">
         <name>.text</name>
         <load_address>0x3f26c1</load_address>
         <run_address>0x3f26c1</run_address>
         <size>0x22</size>
         <input_file_ref idref="fl-b"/>
      </object_component>
      <object_component id="oc-2d4">
         <name>.text:_ti_sysbios_family_c28_Timer_Module_startup__E</name>
         <load_address>0x3f26e3</load_address>
         <run_address>0x3f26e3</run_address>
         <size>0x22</size>
         <input_file_ref idref="fl-1c"/>
      </object_component>
      <object_component id="oc-262">
         <name>.text:_ti_sysbios_knl_Task_allBlockedFunction__I</name>
         <load_address>0x3f2705</load_address>
         <run_address>0x3f2705</run_address>
         <size>0x22</size>
         <input_file_ref idref="fl-1c"/>
      </object_component>
      <object_component id="oc-2df">
         <name>.text:_ti_sysbios_utils_Load_removeTask__E</name>
         <load_address>0x3f2727</load_address>
         <run_address>0x3f2727</run_address>
         <size>0x21</size>
         <input_file_ref idref="fl-1c"/>
      </object_component>
      <object_component id="oc-1c5">
         <name>.text:_ti_sysbios_family_c28_Timer_startup__E</name>
         <load_address>0x3f2748</load_address>
         <run_address>0x3f2748</run_address>
         <size>0x20</size>
         <input_file_ref idref="fl-1c"/>
      </object_component>
      <object_component id="oc-1d4">
         <name>.text:_ti_sysbios_utils_Load_getTaskLoad__E</name>
         <load_address>0x3f2768</load_address>
         <run_address>0x3f2768</run_address>
         <size>0x1f</size>
         <input_file_ref idref="fl-1c"/>
      </object_component>
      <object_component id="oc-1fb">
         <name>.text:_xdc_runtime_LoggerBuf_filterOutEvent__I</name>
         <load_address>0x3f2787</load_address>
         <run_address>0x3f2787</run_address>
         <size>0x1e</size>
         <input_file_ref idref="fl-2b"/>
      </object_component>
      <object_component id="oc-1c4">
         <name>.text:_xdc_runtime_System_atexit__E</name>
         <load_address>0x3f27a5</load_address>
         <run_address>0x3f27a5</run_address>
         <size>0x1e</size>
         <input_file_ref idref="fl-2e"/>
      </object_component>
      <object_component id="oc-336">
         <name>.text:_ti_sysbios_family_c28_TaskSupport_buildTaskStack</name>
         <load_address>0x3f27c3</load_address>
         <run_address>0x3f27c3</run_address>
         <size>0x1d</size>
         <input_file_ref idref="fl-20"/>
      </object_component>
      <object_component id="oc-1a9">
         <name>.text:_ti_sysbios_gates_GateHwi_Object__create__S</name>
         <load_address>0x3f27e0</load_address>
         <run_address>0x3f27e0</run_address>
         <size>0x1d</size>
         <input_file_ref idref="fl-14"/>
      </object_component>
      <object_component id="oc-2b1">
         <name>.text:_ti_sysbios_hal_Hwi_checkStack</name>
         <load_address>0x3f27fd</load_address>
         <run_address>0x3f27fd</run_address>
         <size>0x1d</size>
         <input_file_ref idref="fl-1c"/>
      </object_component>
      <object_component id="oc-210">
         <name>.text:_ti_sysbios_knl_Swi_restore__E</name>
         <load_address>0x3f281a</load_address>
         <run_address>0x3f281a</run_address>
         <size>0x1d</size>
         <input_file_ref idref="fl-1c"/>
      </object_component>
      <object_component id="oc-2e2">
         <name>.text:_xdc_runtime_SysMin_putch__E</name>
         <load_address>0x3f2837</load_address>
         <run_address>0x3f2837</run_address>
         <size>0x1d</size>
         <input_file_ref idref="fl-2f"/>
      </object_component>
      <object_component id="oc-19f">
         <name>.text</name>
         <load_address>0x3f2854</load_address>
         <run_address>0x3f2854</run_address>
         <size>0x1d</size>
         <input_file_ref idref="fl-43"/>
      </object_component>
      <object_component id="oc-330">
         <name>.text:_ti_sysbios_family_c28_Hwi_switchAndDispatch__I</name>
         <load_address>0x3f2871</load_address>
         <run_address>0x3f2871</run_address>
         <size>0x1b</size>
         <input_file_ref idref="fl-1d"/>
      </object_component>
      <object_component id="oc-23b">
         <name>.text:_ti_sysbios_hal_Hwi_initStack</name>
         <load_address>0x3f288c</load_address>
         <run_address>0x3f288c</run_address>
         <size>0x1b</size>
         <input_file_ref idref="fl-1c"/>
      </object_component>
      <object_component id="oc-321">
         <name>.text:_ti_sysbios_knl_Task_processVitalTaskFlag__I</name>
         <load_address>0x3f28a7</load_address>
         <run_address>0x3f28a7</run_address>
         <size>0x1b</size>
         <input_file_ref idref="fl-1c"/>
      </object_component>
      <object_component id="oc-2d9">
         <name>.text:_xdc_runtime_SysMin_output__I</name>
         <load_address>0x3f28c2</load_address>
         <run_address>0x3f28c2</run_address>
         <size>0x1b</size>
         <input_file_ref idref="fl-14"/>
      </object_component>
      <object_component id="oc-1ea">
         <name>.text:_xdc_runtime_Core_assignLabel__I</name>
         <load_address>0x3f28dd</load_address>
         <run_address>0x3f28dd</run_address>
         <size>0x1a</size>
         <input_file_ref idref="fl-25"/>
      </object_component>
      <object_component id="oc-303">
         <name>.text:_xdc_runtime_System_avprintf__E</name>
         <load_address>0x3f28f7</load_address>
         <run_address>0x3f28f7</run_address>
         <size>0x1a</size>
         <input_file_ref idref="fl-2e"/>
      </object_component>
      <object_component id="oc-310">
         <name>.text:_ti_sysbios_knl_Queue_put__E</name>
         <load_address>0x3f2911</load_address>
         <run_address>0x3f2911</run_address>
         <size>0x19</size>
         <input_file_ref idref="fl-1c"/>
      </object_component>
      <object_component id="oc-21d">
         <name>.text:_xdc_runtime_System_vprintf__E</name>
         <load_address>0x3f292a</load_address>
         <run_address>0x3f292a</run_address>
         <size>0x19</size>
         <input_file_ref idref="fl-2e"/>
      </object_component>
      <object_component id="oc-18d">
         <name>.text</name>
         <load_address>0x3f2943</load_address>
         <run_address>0x3f2943</run_address>
         <size>0x19</size>
         <input_file_ref idref="fl-48"/>
      </object_component>
      <object_component id="oc-26d">
         <name>.text:_ti_sysbios_family_xxx_Hwi_switchAndRunFunc</name>
         <load_address>0x3f295c</load_address>
         <run_address>0x3f295c</run_address>
         <size>0x18</size>
         <input_file_ref idref="fl-1d"/>
      </object_component>
      <object_component id="oc-22c">
         <name>.text:_ti_sysbios_knl_Task_restore__E</name>
         <load_address>0x3f2974</load_address>
         <run_address>0x3f2974</run_address>
         <size>0x18</size>
         <input_file_ref idref="fl-1c"/>
      </object_component>
      <object_component id="oc-1d1">
         <name>.text:_ti_sysbios_utils_Load_getGlobalHwiLoad__E</name>
         <load_address>0x3f298c</load_address>
         <run_address>0x3f298c</run_address>
         <size>0x18</size>
         <input_file_ref idref="fl-1c"/>
      </object_component>
      <object_component id="oc-1d3">
         <name>.text:_ti_sysbios_utils_Load_getGlobalSwiLoad__E</name>
         <load_address>0x3f29a4</load_address>
         <run_address>0x3f29a4</run_address>
         <size>0x18</size>
         <input_file_ref idref="fl-1c"/>
      </object_component>
      <object_component id="oc-287">
         <name>.text:_xdc_runtime_Memory_valloc__E</name>
         <load_address>0x3f29bc</load_address>
         <run_address>0x3f29bc</run_address>
         <size>0x18</size>
         <input_file_ref idref="fl-2c"/>
      </object_component>
      <object_component id="oc-2ac">
         <name>.text:_xdc_runtime_System_putchar__I</name>
         <load_address>0x3f29d4</load_address>
         <run_address>0x3f29d4</run_address>
         <size>0x18</size>
         <input_file_ref idref="fl-2e"/>
      </object_component>
      <object_component id="oc-320">
         <name>.text:_ti_sysbios_family_c28_Timer_stop__E</name>
         <load_address>0x3f29ec</load_address>
         <run_address>0x3f29ec</run_address>
         <size>0x17</size>
         <input_file_ref idref="fl-1c"/>
      </object_component>
      <object_component id="oc-1d2">
         <name>.text:_ti_sysbios_utils_Load_calculateLoad__E</name>
         <load_address>0x3f2a03</load_address>
         <run_address>0x3f2a03</run_address>
         <size>0x17</size>
         <input_file_ref idref="fl-1c"/>
      </object_component>
      <object_component id="oc-2cf">
         <name>.text:_xdc_runtime_LoggerBuf_Module_startup__E</name>
         <load_address>0x3f2a1a</load_address>
         <run_address>0x3f2a1a</run_address>
         <size>0x17</size>
         <input_file_ref idref="fl-2b"/>
      </object_component>
      <object_component id="oc-2cc">
         <name>.text:_xdc_runtime_SysMin_abort__E</name>
         <load_address>0x3f2a31</load_address>
         <run_address>0x3f2a31</run_address>
         <size>0x17</size>
         <input_file_ref idref="fl-2f"/>
      </object_component>
      <object_component id="oc-1c3">
         <name>.text:_ti_sysbios_BIOS_atExitFunc__I</name>
         <load_address>0x3f2a48</load_address>
         <run_address>0x3f2a48</run_address>
         <size>0x16</size>
         <input_file_ref idref="fl-14"/>
      </object_component>
      <object_component id="oc-254">
         <name>.text:_ti_sysbios_family_c28_TimestampProvider_get64__E</name>
         <load_address>0x3f2a5e</load_address>
         <run_address>0x3f2a5e</run_address>
         <size>0x16</size>
         <input_file_ref idref="fl-1c"/>
      </object_component>
      <object_component id="oc-257">
         <name>.text:_xdc_runtime_LoggerBuf_reset__E</name>
         <load_address>0x3f2a74</load_address>
         <run_address>0x3f2a74</run_address>
         <size>0x16</size>
         <input_file_ref idref="fl-2b"/>
      </object_component>
      <object_component id="oc-195">
         <name>.text:_ti_sysbios_BIOS_startFunc__I</name>
         <load_address>0x3f2a8a</load_address>
         <run_address>0x3f2a8a</run_address>
         <size>0x15</size>
         <input_file_ref idref="fl-14"/>
      </object_component>
      <object_component id="oc-308">
         <name>.text:_ti_sysbios_family_c28_Timer_setPeriod__E</name>
         <load_address>0x3f2a9f</load_address>
         <run_address>0x3f2a9f</run_address>
         <size>0x15</size>
         <input_file_ref idref="fl-1c"/>
      </object_component>
      <object_component id="oc-1da">
         <name>.text:_ti_sysbios_knl_Idle_run__E</name>
         <load_address>0x3f2ab4</load_address>
         <run_address>0x3f2ab4</run_address>
         <size>0x15</size>
         <input_file_ref idref="fl-1c"/>
      </object_component>
      <object_component id="oc-318">
         <name>.text:_xdc_runtime_Text_printVisFxn__I</name>
         <load_address>0x3f2ac9</load_address>
         <run_address>0x3f2ac9</run_address>
         <size>0x15</size>
         <input_file_ref idref="fl-30"/>
      </object_component>
      <object_component id="oc-88">
         <name>.text</name>
         <load_address>0x3f2ade</load_address>
         <run_address>0x3f2ade</run_address>
         <size>0x14</size>
         <input_file_ref idref="fl-a"/>
      </object_component>
      <object_component id="oc-331">
         <name>.text:_ti_sysbios_knl_Task_restoreHwi__E</name>
         <load_address>0x3f2af2</load_address>
         <run_address>0x3f2af2</run_address>
         <size>0x14</size>
         <input_file_ref idref="fl-1c"/>
      </object_component>
      <object_component id="oc-220">
         <name>.text:_ti_sysbios_knl_Queue_enqueue__E</name>
         <load_address>0x3f2b06</load_address>
         <run_address>0x3f2b06</run_address>
         <size>0x13</size>
         <input_file_ref idref="fl-1c"/>
      </object_component>
      <object_component id="oc-236">
         <name>.text:_ti_sysbios_knl_Queue_insert__E</name>
         <load_address>0x3f2b19</load_address>
         <run_address>0x3f2b19</run_address>
         <size>0x13</size>
         <input_file_ref idref="fl-1c"/>
      </object_component>
      <object_component id="oc-2bb">
         <name>.text:_ti_sysbios_family_c28_Timer_getCount__E</name>
         <load_address>0x3f2b2c</load_address>
         <run_address>0x3f2b2c</run_address>
         <size>0x12</size>
         <input_file_ref idref="fl-1c"/>
      </object_component>
      <object_component id="oc-1aa">
         <name>.text:_ti_sysbios_gates_GateHwi_Object__delete__S</name>
         <load_address>0x3f2b3e</load_address>
         <run_address>0x3f2b3e</run_address>
         <size>0x12</size>
         <input_file_ref idref="fl-14"/>
      </object_component>
      <object_component id="oc-1bf">
         <name>.text:_xdc_runtime_LoggerBuf_Object__delete__S</name>
         <load_address>0x3f2b50</load_address>
         <run_address>0x3f2b50</run_address>
         <size>0x12</size>
         <input_file_ref idref="fl-14"/>
      </object_component>
      <object_component id="oc-1b2">
         <name>.text:_xdc_runtime_HeapStd_Object__delete__S</name>
         <load_address>0x3f2b62</load_address>
         <run_address>0x3f2b62</run_address>
         <size>0x11</size>
         <input_file_ref idref="fl-14"/>
      </object_component>
      <object_component id="oc-24a">
         <name>.text:_xdc_runtime_Text_cordText__E</name>
         <load_address>0x3f2b73</load_address>
         <run_address>0x3f2b73</run_address>
         <size>0x11</size>
         <input_file_ref idref="fl-30"/>
      </object_component>
      <object_component id="oc-40">
         <name>.text</name>
         <load_address>0x3f2b84</load_address>
         <run_address>0x3f2b84</run_address>
         <size>0x10</size>
         <input_file_ref idref="fl-2"/>
      </object_component>
      <object_component id="oc-2dc">
         <name>.text:_ti_sysbios_knl_Task_setHookContext__E</name>
         <load_address>0x3f2b94</load_address>
         <run_address>0x3f2b94</run_address>
         <size>0x10</size>
         <input_file_ref idref="fl-1c"/>
      </object_component>
      <object_component id="oc-2d1">
         <name>.text:_xdc_runtime_SysMin_Module_startup__E</name>
         <load_address>0x3f2ba4</load_address>
         <run_address>0x3f2ba4</run_address>
         <size>0x10</size>
         <input_file_ref idref="fl-2f"/>
      </object_component>
      <object_component id="oc-19d">
         <name>.text:.bootCodeSection:_ti_catalog_c2800_init_Boot_disableWatchdog</name>
         <load_address>0x3f2bb4</load_address>
         <run_address>0x3f2bb4</run_address>
         <size>0xf</size>
         <input_file_ref idref="fl-21"/>
      </object_component>
      <object_component id="oc-2bc">
         <name>.text:_ti_sysbios_family_c28_TaskSupport_checkStack__E</name>
         <load_address>0x3f2bc3</load_address>
         <run_address>0x3f2bc3</run_address>
         <size>0xf</size>
         <input_file_ref idref="fl-1c"/>
      </object_component>
      <object_component id="oc-22d">
         <name>.text:_ti_sysbios_knl_Queue_dequeue__E</name>
         <load_address>0x3f2bd2</load_address>
         <run_address>0x3f2bd2</run_address>
         <size>0xf</size>
         <input_file_ref idref="fl-1c"/>
      </object_component>
      <object_component id="oc-19c">
         <name>.text:_xdc_runtime_Error_raiseX__E</name>
         <load_address>0x3f2be1</load_address>
         <run_address>0x3f2be1</run_address>
         <size>0xf</size>
         <input_file_ref idref="fl-27"/>
      </object_component>
      <object_component id="oc-316">
         <name>.text:_xdc_runtime_Registry_findById__E</name>
         <load_address>0x3f2bf0</load_address>
         <run_address>0x3f2bf0</run_address>
         <size>0xf</size>
         <input_file_ref idref="fl-34"/>
      </object_component>
      <object_component id="oc-7e">
         <name>.text</name>
         <load_address>0x3f2bff</load_address>
         <run_address>0x3f2bff</run_address>
         <size>0xe</size>
         <input_file_ref idref="fl-8"/>
      </object_component>
      <object_component id="oc-2b2">
         <name>.text:_ti_sysbios_BIOS_errorRaiseHook__I</name>
         <load_address>0x3f2c0d</load_address>
         <run_address>0x3f2c0d</run_address>
         <size>0xe</size>
         <input_file_ref idref="fl-14"/>
      </object_component>
      <object_component id="oc-1ca">
         <name>.text:_ti_sysbios_BIOS_setThreadType__E</name>
         <load_address>0x3f2c1b</load_address>
         <run_address>0x3f2c1b</run_address>
         <size>0xe</size>
         <input_file_ref idref="fl-1c"/>
      </object_component>
      <object_component id="oc-33b">
         <name>.text:_ti_sysbios_family_c28_Hwi_ack__I</name>
         <load_address>0x3f2c29</load_address>
         <run_address>0x3f2c29</run_address>
         <size>0xe</size>
         <input_file_ref idref="fl-1c"/>
      </object_component>
      <object_component id="oc-30a">
         <name>.text:_ti_sysbios_knl_Swi_Object__get__S</name>
         <load_address>0x3f2c37</load_address>
         <run_address>0x3f2c37</run_address>
         <size>0xe</size>
         <input_file_ref idref="fl-14"/>
      </object_component>
      <object_component id="oc-30b">
         <name>.text:_ti_sysbios_knl_Task_Object__get__S</name>
         <load_address>0x3f2c45</load_address>
         <run_address>0x3f2c45</run_address>
         <size>0xe</size>
         <input_file_ref idref="fl-14"/>
      </object_component>
      <object_component id="oc-213">
         <name>.text:_ti_sysbios_knl_Task_getHookContext__E</name>
         <load_address>0x3f2c53</load_address>
         <run_address>0x3f2c53</run_address>
         <size>0xe</size>
         <input_file_ref idref="fl-1c"/>
      </object_component>
      <object_component id="oc-2e8">
         <name>.text:_xdc_runtime_LoggerBuf_Object__get__S</name>
         <load_address>0x3f2c61</load_address>
         <run_address>0x3f2c61</run_address>
         <size>0xe</size>
         <input_file_ref idref="fl-14"/>
      </object_component>
      <object_component id="oc-31e">
         <name>.text:_ti_sysbios_family_c28_Hwi_dispatchC__I</name>
         <load_address>0x3f2c6f</load_address>
         <run_address>0x3f2c6f</run_address>
         <size>0xd</size>
         <input_file_ref idref="fl-1c"/>
      </object_component>
      <object_component id="oc-2a7">
         <name>.text:_ti_sysbios_family_c28_TaskSupport_swap__E</name>
         <load_address>0x3f2c7c</load_address>
         <run_address>0x3f2c7c</run_address>
         <size>0xd</size>
         <input_file_ref idref="fl-20"/>
      </object_component>
      <object_component id="oc-1ab">
         <name>.text:_ti_sysbios_gates_GateHwi_Handle__label__S</name>
         <load_address>0x3f2c89</load_address>
         <run_address>0x3f2c89</run_address>
         <size>0xd</size>
         <input_file_ref idref="fl-14"/>
      </object_component>
      <object_component id="oc-2d5">
         <name>.text:_ti_sysbios_knl_Clock_Module_startup__E</name>
         <load_address>0x3f2c96</load_address>
         <run_address>0x3f2c96</run_address>
         <size>0xd</size>
         <input_file_ref idref="fl-1c"/>
      </object_component>
      <object_component id="oc-232">
         <name>.text:_ti_sysbios_knl_Task_enabled__E</name>
         <load_address>0x3f2ca3</load_address>
         <run_address>0x3f2ca3</run_address>
         <size>0xd</size>
         <input_file_ref idref="fl-1c"/>
      </object_component>
      <object_component id="oc-312">
         <name>.text:_ti_sysbios_knl_Task_unblock__E</name>
         <load_address>0x3f2cb0</load_address>
         <run_address>0x3f2cb0</run_address>
         <size>0xd</size>
         <input_file_ref idref="fl-1c"/>
      </object_component>
      <object_component id="oc-28f">
         <name>.text:_xdc_runtime_Error_check__E</name>
         <load_address>0x3f2cbd</load_address>
         <run_address>0x3f2cbd</run_address>
         <size>0xd</size>
         <input_file_ref idref="fl-27"/>
      </object_component>
      <object_component id="oc-1b3">
         <name>.text:_xdc_runtime_HeapStd_Handle__label__S</name>
         <load_address>0x3f2cca</load_address>
         <run_address>0x3f2cca</run_address>
         <size>0xd</size>
         <input_file_ref idref="fl-14"/>
      </object_component>
      <object_component id="oc-1c0">
         <name>.text:_xdc_runtime_LoggerBuf_Handle__label__S</name>
         <load_address>0x3f2cd7</load_address>
         <run_address>0x3f2cd7</run_address>
         <size>0xd</size>
         <input_file_ref idref="fl-14"/>
      </object_component>
      <object_component id="oc-27f">
         <name>.text:_xdc_runtime_System_abort__E</name>
         <load_address>0x3f2ce4</load_address>
         <run_address>0x3f2ce4</run_address>
         <size>0xd</size>
         <input_file_ref idref="fl-2e"/>
      </object_component>
      <object_component id="oc-332">
         <name>.text:_ti_sysbios_family_c28_Hwi_disableIER__E</name>
         <load_address>0x3f2cf1</load_address>
         <run_address>0x3f2cf1</run_address>
         <size>0xc</size>
         <input_file_ref idref="fl-14"/>
      </object_component>
      <object_component id="oc-2d8">
         <name>.text:_ti_sysbios_hal_Hwi_Module_startup__E</name>
         <load_address>0x3f2cfd</load_address>
         <run_address>0x3f2cfd</run_address>
         <size>0xc</size>
         <input_file_ref idref="fl-1c"/>
      </object_component>
      <object_component id="oc-30d">
         <name>.text:_ti_sysbios_knl_Task_enter__I</name>
         <load_address>0x3f2d09</load_address>
         <run_address>0x3f2d09</run_address>
         <size>0xc</size>
         <input_file_ref idref="fl-1c"/>
      </object_component>
      <object_component id="oc-1b9">
         <name>.text:_xdc_runtime_LoggerBuf_write2__E</name>
         <load_address>0x3f2d15</load_address>
         <run_address>0x3f2d15</run_address>
         <size>0xc</size>
         <input_file_ref idref="fl-2b"/>
      </object_component>
      <object_component id="oc-23f">
         <name>.text:_xdc_runtime_SysMin_exit__E</name>
         <load_address>0x3f2d21</load_address>
         <run_address>0x3f2d21</run_address>
         <size>0xc</size>
         <input_file_ref idref="fl-2f"/>
      </object_component>
      <object_component id="oc-2f9">
         <name>.text:_ti_sysbios_family_c28_Hwi_Module__startupDone__F</name>
         <load_address>0x3f2d2d</load_address>
         <run_address>0x3f2d2d</run_address>
         <size>0xb</size>
         <input_file_ref idref="fl-14"/>
      </object_component>
      <object_component id="oc-306">
         <name>.text:_ti_sysbios_family_c28_Hwi_Object__get__S</name>
         <load_address>0x3f2d38</load_address>
         <run_address>0x3f2d38</run_address>
         <size>0xb</size>
         <input_file_ref idref="fl-14"/>
      </object_component>
      <object_component id="oc-29a">
         <name>.text:_ti_sysbios_family_c28_Hwi_enableIER__E</name>
         <load_address>0x3f2d43</load_address>
         <run_address>0x3f2d43</run_address>
         <size>0xb</size>
         <input_file_ref idref="fl-14"/>
      </object_component>
      <object_component id="oc-327">
         <name>.text:_ti_sysbios_knl_Queue_Object__get__S</name>
         <load_address>0x3f2d4e</load_address>
         <run_address>0x3f2d4e</run_address>
         <size>0xb</size>
         <input_file_ref idref="fl-14"/>
      </object_component>
      <object_component id="oc-272">
         <name>.text:_ti_sysbios_knl_Queue_remove__E</name>
         <load_address>0x3f2d59</load_address>
         <run_address>0x3f2d59</run_address>
         <size>0xb</size>
         <input_file_ref idref="fl-1c"/>
      </object_component>
      <object_component id="oc-206">
         <name>.text:_xdc_runtime_LoggerBuf_Instance_finalize__E</name>
         <load_address>0x3f2d64</load_address>
         <run_address>0x3f2d64</run_address>
         <size>0xb</size>
         <input_file_ref idref="fl-2b"/>
      </object_component>
      <object_component id="oc-1b8">
         <name>.text:_xdc_runtime_LoggerBuf_write1__E</name>
         <load_address>0x3f2d6f</load_address>
         <run_address>0x3f2d6f</run_address>
         <size>0xb</size>
         <input_file_ref idref="fl-2b"/>
      </object_component>
      <object_component id="oc-249">
         <name>.text:_xdc_runtime_Memory_free__E</name>
         <load_address>0x3f2d7a</load_address>
         <run_address>0x3f2d7a</run_address>
         <size>0xb</size>
         <input_file_ref idref="fl-2c"/>
      </object_component>
      <object_component id="oc-18e">
         <name>.text:_xdc_runtime_System_exit__E</name>
         <load_address>0x3f2d85</load_address>
         <run_address>0x3f2d85</run_address>
         <size>0xb</size>
         <input_file_ref idref="fl-2e"/>
      </object_component>
      <object_component id="oc-196">
         <name>.text:_ti_sysbios_BIOS_exitFunc__I</name>
         <load_address>0x3f2d90</load_address>
         <run_address>0x3f2d90</run_address>
         <size>0xa</size>
         <input_file_ref idref="fl-14"/>
      </object_component>
      <object_component id="oc-2fd">
         <name>.text:_ti_sysbios_family_c28_TimestampProvider_getFreq__E</name>
         <load_address>0x3f2d9a</load_address>
         <run_address>0x3f2d9a</run_address>
         <size>0xa</size>
         <input_file_ref idref="fl-1c"/>
      </object_component>
      <object_component id="oc-225">
         <name>.text:_ti_sysbios_knl_Queue_empty__E</name>
         <load_address>0x3f2da4</load_address>
         <run_address>0x3f2da4</run_address>
         <size>0xa</size>
         <input_file_ref idref="fl-1c"/>
      </object_component>
      <object_component id="oc-208">
         <name>.text:_ti_sysbios_knl_Task_disable__E</name>
         <load_address>0x3f2dae</load_address>
         <run_address>0x3f2dae</run_address>
         <size>0xa</size>
         <input_file_ref idref="fl-1c"/>
      </object_component>
      <object_component id="oc-201">
         <name>.text:_xdc_runtime_Error_init__E</name>
         <load_address>0x3f2db8</load_address>
         <run_address>0x3f2db8</run_address>
         <size>0xa</size>
         <input_file_ref idref="fl-27"/>
      </object_component>
      <object_component id="oc-1b7">
         <name>.text:_xdc_runtime_LoggerBuf_write0__E</name>
         <load_address>0x3f2dc2</load_address>
         <run_address>0x3f2dc2</run_address>
         <size>0xa</size>
         <input_file_ref idref="fl-2b"/>
      </object_component>
      <object_component id="oc-319">
         <name>.text:_xdc_runtime_System_vsnprintf__E</name>
         <load_address>0x3f2dcc</load_address>
         <run_address>0x3f2dcc</run_address>
         <size>0xa</size>
         <input_file_ref idref="fl-2e"/>
      </object_component>
      <object_component id="oc-24f">
         <name>.text:_xdc_runtime_Text_ropeText__E</name>
         <load_address>0x3f2dd6</load_address>
         <run_address>0x3f2dd6</run_address>
         <size>0xa</size>
         <input_file_ref idref="fl-30"/>
      </object_component>
      <object_component id="oc-333">
         <name>.text:_ti_sysbios_BIOS_exit__E</name>
         <load_address>0x3f2de0</load_address>
         <run_address>0x3f2de0</run_address>
         <size>0x9</size>
         <input_file_ref idref="fl-1c"/>
      </object_component>
      <object_component id="oc-329">
         <name>.text:_ti_sysbios_BIOS_getCpuFreq__E</name>
         <load_address>0x3f2de9</load_address>
         <run_address>0x3f2de9</run_address>
         <size>0x9</size>
         <input_file_ref idref="fl-1c"/>
      </object_component>
      <object_component id="oc-29e">
         <name>.text:_ti_sysbios_family_c28_Hwi_restoreIER__E</name>
         <load_address>0x3f2df2</load_address>
         <run_address>0x3f2df2</run_address>
         <size>0x9</size>
         <input_file_ref idref="fl-14"/>
      </object_component>
      <object_component id="oc-339">
         <name>.text:_ti_sysbios_family_c28_TaskSupport_glue</name>
         <load_address>0x3f2dfb</load_address>
         <run_address>0x3f2dfb</run_address>
         <size>0x9</size>
         <input_file_ref idref="fl-20"/>
      </object_component>
      <object_component id="oc-29f">
         <name>.text:_ti_sysbios_family_c28_TimestampProvider_get32__E</name>
         <load_address>0x3f2e04</load_address>
         <run_address>0x3f2e04</run_address>
         <size>0x9</size>
         <input_file_ref idref="fl-1c"/>
      </object_component>
      <object_component id="oc-198">
         <name>.text:_ti_sysbios_family_c28_TimestampProvider_rolloverFunc__E</name>
         <load_address>0x3f2e0d</load_address>
         <run_address>0x3f2e0d</run_address>
         <size>0x9</size>
         <input_file_ref idref="fl-1c"/>
      </object_component>
      <object_component id="oc-322">
         <name>.text:_ti_sysbios_knl_Queue_elemClear__E</name>
         <load_address>0x3f2e16</load_address>
         <run_address>0x3f2e16</run_address>
         <size>0x9</size>
         <input_file_ref idref="fl-1c"/>
      </object_component>
      <object_component id="oc-223">
         <name>.text:_ti_sysbios_knl_Semaphore_Instance_State_pendQ$9</name>
         <load_address>0x3f2e1f</load_address>
         <run_address>0x3f2e1f</run_address>
         <size>0x9</size>
         <input_file_ref idref="fl-1c"/>
      </object_component>
      <object_component id="oc-207">
         <name>.text:_ti_sysbios_knl_Swi_disable__E</name>
         <load_address>0x3f2e28</load_address>
         <run_address>0x3f2e28</run_address>
         <size>0x9</size>
         <input_file_ref idref="fl-1c"/>
      </object_component>
      <object_component id="oc-30e">
[...]
         <value>0x3f295c</value>
         <object_component_ref idref="oc-26d"/>
      </symbol>
      <symbol id="sm-a20">
         <name>_ti_sysbios_family_c28_Hwi_dispatchTable</name>
         <value>0x3f13a7</value>
         <object_component_ref idref="oc-305"/>
      </symbol>
      <symbol id="sm-a21">
         <name>_ti_sysbios_family_c28_Hwi_dispatchPie</name>
         <value>0x3f1404</value>
         <object_component_ref idref="oc-305"/>
      </symbol>
      <symbol id="sm-a2d">
         <name>_ti_sysbios_family_c28_IntrinsicsSupport_maxbit__E</name>
         <value>0x3f2f09</value>
         <object_component_ref idref="oc-263"/>
      </symbol>
      <symbol id="sm-a3d">
         <name>_ti_sysbios_family_c28_TaskSupport_buildTaskStack</name>
         <value>0x3f27c3</value>
         <object_component_ref idref="oc-336"/>
      </symbol>
      <symbol id="sm-a3e">
         <name>_ti_sysbios_family_c28_TaskSupport_swap__E</name>
         <value>0x3f2c7c</value>
         <object_component_ref idref="oc-2a7"/>
      </symbol>
      <symbol id="sm-a3f">
         <name>_ti_sysbios_family_c28_TaskSupport_glue</name>
         <value>0x3f2dfb</value>
         <object_component_ref idref="oc-339"/>
      </symbol>
      <symbol id="sm-a52">
         <name>_ti_catalog_c2800_init_Boot_configurePll2802x</name>
         <value>0x3f2385</value>
         <object_component_ref idref="oc-19e"/>
      </symbol>
      <symbol id="sm-a53">
         <name>_ti_catalog_c2800_init_Boot_disableWatchdog</name>
         <value>0x3f2bb4</value>
         <object_component_ref idref="oc-19d"/>
      </symbol>
      <symbol id="sm-a54">
         <name>_ti_catalog_c2800_init_Boot_defaultLimpAbortFunction</name>
         <value>0x3f3021</value>
         <object_component_ref idref="oc-239"/>
      </symbol>
      <symbol id="sm-a69">
         <name>_xdc_runtime_Assert_raise__I</name>
         <value>0x3f240e</value>
         <object_component_ref idref="oc-1f0"/>
      </symbol>
      <symbol id="sm-a89">
         <name>_xdc_runtime_Core_deleteObject__I</name>
         <value>0x3f1f22</value>
         <object_component_ref idref="oc-1e9"/>
      </symbol>
      <symbol id="sm-a8a">
         <name>_xdc_runtime_Core_createObject__I</name>
         <value>0x3f0dfc</value>
         <object_component_ref idref="oc-1e7"/>
      </symbol>
      <symbol id="sm-aa2">
         <name>_xdc_runtime_Core_assignLabel__I</name>
         <value>0x3f28dd</value>
         <object_component_ref idref="oc-1ea"/>
      </symbol>
      <symbol id="sm-ab0">
         <name>_xdc_runtime_Core_assignParams__I</name>
         <value>0x3f243b</value>
         <object_component_ref idref="oc-247"/>
      </symbol>
      <symbol id="sm-adc">
         <name>_xdc_runtime_Error_getSite__E</name>
         <value>0x3f3027</value>
         <object_component_ref idref="oc-2e5"/>
      </symbol>
      <symbol id="sm-add">
         <name>_xdc_runtime_Error_print__E</name>
         <value>0x3f22c8</value>
         <object_component_ref idref="oc-2cb"/>
      </symbol>
      <symbol id="sm-ade">
         <name>_xdc_runtime_Error_policyDefault__E</name>
         <value>0x3f1208</value>
         <object_component_ref idref="oc-238"/>
      </symbol>
      <symbol id="sm-adf">
         <name>_xdc_runtime_Error_init__E</name>
         <value>0x3f2db8</value>
         <object_component_ref idref="oc-201"/>
      </symbol>
      <symbol id="sm-ae0">
         <name>_xdc_runtime_Error_raiseX__E</name>
         <value>0x3f2be1</value>
         <object_component_ref idref="oc-19c"/>
      </symbol>
      <symbol id="sm-ae1">
         <name>_xdc_runtime_Error_check__E</name>
         <value>0x3f2cbd</value>
         <object_component_ref idref="oc-28f"/>
      </symbol>
      <symbol id="sm-ae2">
         <name>_xdc_runtime_Error_setX__E</name>
         <value>0x3f2543</value>
         <object_component_ref idref="oc-274"/>
      </symbol>
      <symbol id="sm-af0">
         <name>_xdc_runtime_Gate_leaveSystem__E</name>
         <value>0x3f2f45</value>
         <object_component_ref idref="oc-1f3"/>
      </symbol>
      <symbol id="sm-af1">
         <name>_xdc_runtime_Gate_enterSystem__E</name>
         <value>0x3f2f3f</value>
         <object_component_ref idref="oc-1e0"/>
      </symbol>
      <symbol id="sm-b3b">
         <name>_xdc_runtime_HeapStd_isBlocking__E</name>
         <value>0x3f3029</value>
         <object_component_ref idref="oc-1af"/>
      </symbol>
      <symbol id="sm-b3c">
         <name>_xdc_runtime_HeapStd_getStats__E</name>
         <value>0x3f2edb</value>
         <object_component_ref idref="oc-1b0"/>
      </symbol>
      <symbol id="sm-b3d">
         <name>_xdc_runtime_HeapStd_free__E</name>
         <value>0x3f17f7</value>
         <object_component_ref idref="oc-1ae"/>
      </symbol>
      <symbol id="sm-b3e">
         <name>_xdc_runtime_HeapStd_Instance_init__E</name>
         <value>0x3f14b0</value>
         <object_component_ref idref="oc-1f8"/>
      </symbol>
      <symbol id="sm-b3f">
         <name>_xdc_runtime_HeapStd_alloc__E</name>
         <value>0x3f0b03</value>
         <object_component_ref idref="oc-1ad"/>
      </symbol>
      <symbol id="sm-b8e">
         <name>_xdc_runtime_LoggerBuf_write0__E</name>
         <value>0x3f2dc2</value>
         <object_component_ref idref="oc-1b7"/>
      </symbol>
      <symbol id="sm-b8f">
         <name>_xdc_runtime_LoggerBuf_Instance_init__E</name>
         <value>0x3f2327</value>
         <object_component_ref idref="oc-205"/>
      </symbol>
      <symbol id="sm-b90">
         <name>_xdc_runtime_LoggerBuf_Module_startup__E</name>
         <value>0x3f2a1a</value>
         <object_component_ref idref="oc-2cf"/>
      </symbol>
      <symbol id="sm-b91">
         <name>_xdc_runtime_LoggerBuf_reset__E</name>
         <value>0x3f2a74</value>
         <object_component_ref idref="oc-257"/>
      </symbol>
      <symbol id="sm-b92">
         <name>_xdc_runtime_LoggerBuf_Instance_finalize__E</name>
         <value>0x3f2d64</value>
         <object_component_ref idref="oc-206"/>
      </symbol>
      <symbol id="sm-b93">
         <name>_xdc_runtime_LoggerBuf_write4__E</name>
         <value>0x3f1626</value>
         <object_component_ref idref="oc-1ba"/>
      </symbol>
      <symbol id="sm-b94">
         <name>_xdc_runtime_LoggerBuf_getFilterLevel__E</name>
         <value>0x3f1f5f</value>
         <object_component_ref idref="oc-1bd"/>
      </symbol>
      <symbol id="sm-b95">
         <name>_xdc_runtime_LoggerBuf_disable__E</name>
         <value>0x3f2f79</value>
         <object_component_ref idref="oc-1b6"/>
      </symbol>
      <symbol id="sm-b96">
         <name>_xdc_runtime_LoggerBuf_setFilterLevel__E</name>
         <value>0x3f1fd8</value>
         <object_component_ref idref="oc-1bc"/>
      </symbol>
      <symbol id="sm-b97">
         <name>_xdc_runtime_LoggerBuf_write8__E</name>
         <value>0x3f0bf1</value>
         <object_component_ref idref="oc-1bb"/>
      </symbol>
      <symbol id="sm-b98">
         <name>_xdc_runtime_LoggerBuf_write2__E</name>
         <value>0x3f2d15</value>
         <object_component_ref idref="oc-1b9"/>
      </symbol>
      <symbol id="sm-b99">
         <name>_xdc_runtime_LoggerBuf_filterOutEvent__I</name>
         <value>0x3f2787</value>
         <object_component_ref idref="oc-1fb"/>
      </symbol>
      <symbol id="sm-b9a">
         <name>_xdc_runtime_LoggerBuf_write1__E</name>
         <value>0x3f2d6f</value>
         <object_component_ref idref="oc-1b8"/>
      </symbol>
      <symbol id="sm-b9b">
         <name>_xdc_runtime_LoggerBuf_enable__E</name>
         <value>0x3f2f4b</value>
         <object_component_ref idref="oc-1b5"/>
      </symbol>
      <symbol id="sm-bb6">
         <name>_xdc_runtime_Memory_calloc__E</name>
         <value>0x3f2e7d</value>
         <object_component_ref idref="oc-248"/>
      </symbol>
      <symbol id="sm-bb7">
         <name>_xdc_runtime_Memory_free__E</name>
         <value>0x3f2d7a</value>
         <object_component_ref idref="oc-249"/>
      </symbol>
      <symbol id="sm-bb8">
         <name>_xdc_runtime_Memory_valloc__E</name>
         <value>0x3f29bc</value>
         <object_component_ref idref="oc-287"/>
      </symbol>
      <symbol id="sm-bb9">
         <name>_xdc_runtime_Memory_alloc__E</name>
         <value>0x3f1ee4</value>
         <object_component_ref idref="oc-256"/>
      </symbol>
      <symbol id="sm-bba">
         <name>_xdc_runtime_Memory_getMaxDefaultTypeAlign__E</name>
         <value>0x3f2fc6</value>
         <object_component_ref idref="oc-1f2"/>
      </symbol>
      <symbol id="sm-bdc">
         <name>_xdc_runtime_Startup_startMods__I</name>
         <value>0x3f1786</value>
         <object_component_ref idref="oc-23c"/>
      </symbol>
      <symbol id="sm-bdd">
         <name>_xdc_runtime_Startup_rtsDone__E</name>
         <value>0x3f2fca</value>
         <object_component_ref idref="oc-1c1"/>
      </symbol>
      <symbol id="sm-bde">
         <name>_xdc_runtime_Startup_exec__E</name>
         <value>0x3f2356</value>
         <object_component_ref idref="oc-18b"/>
      </symbol>
      <symbol id="sm-c63">
         <name>_xdc_runtime_System_formatNum__I</name>
         <value>0x3f2202</value>
         <object_component_ref idref="oc-2ab"/>
      </symbol>
      <symbol id="sm-c64">
         <name>_xdc_runtime_System_exit__E</name>
         <value>0x3f2d85</value>
         <object_component_ref idref="oc-18e"/>
      </symbol>
      <symbol id="sm-c65">
         <name>_xdc_runtime_System_exitStd__E</name>
         <value>0x3f3010</value>
         <object_component_ref idref="oc-1e2"/>
      </symbol>
      <symbol id="sm-c66">
         <name>_xdc_runtime_System_printf_va__F</name>
         <value>0x3f292a</value>
         <object_component_ref idref="oc-21d"/>
      </symbol>
      <symbol id="sm-c67">
         <name>_xdc_runtime_System_atexit__E</name>
         <value>0x3f27a5</value>
         <object_component_ref idref="oc-1c4"/>
      </symbol>
      <symbol id="sm-c68">
         <name>_xdc_runtime_System_abortStd__E</name>
         <value>0x3f300d</value>
         <object_component_ref idref="oc-2cd"/>
      </symbol>
      <symbol id="sm-c69">
         <name>_xdc_runtime_System_putchar__I</name>
         <value>0x3f29d4</value>
         <object_component_ref idref="oc-2ac"/>
      </symbol>
      <symbol id="sm-c6a">
         <name>_xdc_runtime_System_snprintf_va__F</name>
         <value>0x3f2dcc</value>
         <object_component_ref idref="oc-319"/>
      </symbol>
      <symbol id="sm-c6b">
         <name>_xdc_runtime_System_Module_startup__E</name>
         <value>0x3f2ffe</value>
         <object_component_ref idref="oc-2d0"/>
      </symbol>
      <symbol id="sm-c6c">
         <name>_xdc_runtime_System_avprintf__E</name>
         <value>0x3f28f7</value>
         <object_component_ref idref="oc-303"/>
      </symbol>
      <symbol id="sm-c6d">
         <name>_xdc_runtime_System_vprintf__E</name>
         <value>0x3f292a</value>
         <object_component_ref idref="oc-21d"/>
      </symbol>
      <symbol id="sm-c6e">
         <name>_xdc_runtime_System_aprintf_va__F</name>
         <value>0x3f28f7</value>
         <object_component_ref idref="oc-303"/>
      </symbol>
      <symbol id="sm-c6f">
         <name>_xdc_runtime_System_doPrint__I</name>
         <value>0x3f0000</value>
         <object_component_ref idref="oc-26a"/>
      </symbol>
      <symbol id="sm-c70">
         <name>_xdc_runtime_System_processAtExit__E</name>
         <value>0x3f267c</value>
         <object_component_ref idref="oc-1a3"/>
      </symbol>
      <symbol id="sm-c71">
         <name>_xdc_runtime_System_vsnprintf__E</name>
         <value>0x3f2dcc</value>
         <object_component_ref idref="oc-319"/>
      </symbol>
      <symbol id="sm-c72">
         <name>_xdc_runtime_System_abort__E</name>
         <value>0x3f2ce4</value>
         <object_component_ref idref="oc-27f"/>
      </symbol>
      <symbol id="sm-c90">
         <name>_xdc_runtime_SysMin_abort__E</name>
         <value>0x3f2a31</value>
         <object_component_ref idref="oc-2cc"/>
      </symbol>
      <symbol id="sm-c91">
         <name>_xdc_runtime_SysMin_ready__E</name>
         <value>0x3f2e85</value>
         <object_component_ref idref="oc-2a8"/>
      </symbol>
      <symbol id="sm-c92">
         <name>_xdc_runtime_SysMin_flush__E</name>
         <value>0x3f260e</value>
         <object_component_ref idref="oc-286"/>
      </symbol>
      <symbol id="sm-c93">
         <name>_xdc_runtime_SysMin_Module_startup__E</name>
         <value>0x3f2ba4</value>
         <object_component_ref idref="oc-2d1"/>
      </symbol>
      <symbol id="sm-c94">
         <name>_xdc_runtime_SysMin_putch__E</name>
         <value>0x3f2837</value>
         <object_component_ref idref="oc-2e2"/>
      </symbol>
      <symbol id="sm-c95">
         <name>_xdc_runtime_SysMin_exit__E</name>
         <value>0x3f2d21</value>
         <object_component_ref idref="oc-23f"/>
      </symbol>
      <symbol id="sm-cd9">
         <name>_xdc_runtime_Text_putLab__E</name>
         <value>0x3f1de6</value>
         <object_component_ref idref="oc-2e0"/>
      </symbol>
      <symbol id="sm-cda">
         <name>_xdc_runtime_Text_printVisFxn__I</name>
         <value>0x3f2ac9</value>
         <object_component_ref idref="oc-318"/>
      </symbol>
      <symbol id="sm-cdb">
         <name>_xdc_runtime_Text_putMod__E</name>
         <value>0x3f1e67</value>
         <object_component_ref idref="oc-2fb"/>
      </symbol>
      <symbol id="sm-cdc">
         <name>_xdc_runtime_Text_cordText__E</name>
         <value>0x3f2b73</value>
         <object_component_ref idref="oc-24a"/>
      </symbol>
      <symbol id="sm-cdd">
         <name>_xdc_runtime_Text_xprintf__I</name>
         <value>0x3f256d</value>
         <object_component_ref idref="oc-2fc"/>
      </symbol>
      <symbol id="sm-cde">
         <name>_xdc_runtime_Text_visitRope2__I</name>
         <value>0x3f2468</value>
         <object_component_ref idref="oc-337"/>
      </symbol>
      <symbol id="sm-cdf">
         <name>_xdc_runtime_Text_ropeText__E</name>
         <value>0x3f2dd6</value>
         <object_component_ref idref="oc-24f"/>
      </symbol>
      <symbol id="sm-ce0">
         <name>_xdc_runtime_Text_putSite__E</name>
         <value>0x3f19fb</value>
         <object_component_ref idref="oc-2e1"/>
      </symbol>
      <symbol id="sm-cee">
         <name>_xdc_runtime_Timestamp_getFreq__E</name>
         <value>0x3f301c</value>
         <object_component_ref idref="oc-2c5"/>
      </symbol>
      <symbol id="sm-cef">
         <name>_xdc_runtime_Timestamp_get32__E</name>
         <value>0x3f3019</value>
         <object_component_ref idref="oc-218"/>
      </symbol>
      <symbol id="sm-cfb">
         <name>___xdc__init</name>
         <value>0x3f2fce</value>
         <object_component_ref idref="oc-18f"/>
      </symbol>
      <symbol id="sm-d1b">
         <name>_xdc_runtime_Registry_findById__E</name>
         <value>0x3f2bf0</value>
         <object_component_ref idref="oc-316"/>
      </symbol>
      <symbol id="sm-d36">
         <name>_c_int00</name>
         <value>0x3f18ca</value>
         <object_component_ref idref="oc-3f"/>
      </symbol>
      <symbol id="sm-d37">
         <name>__stack</name>
         <value>0x0</value>
         <object_component_ref idref="oc-139"/>
      </symbol>
      <symbol id="sm-d63">
         <name>ULL$$MOD</name>
         <value>0x3f09b3</value>
         <object_component_ref idref="oc-13e"/>
      </symbol>
      <symbol id="sm-d64">
         <name>ULL$$DIV</name>
         <value>0x3f0984</value>
         <object_component_ref idref="oc-13e"/>
      </symbol>
      <symbol id="sm-d65">
         <name>LL$$MOD</name>
         <value>0x3f094a</value>
         <object_component_ref idref="oc-13e"/>
      </symbol>
      <symbol id="sm-d66">
         <name>LL$$DIV</name>
         <value>0x3f090e</value>
         <object_component_ref idref="oc-13e"/>
      </symbol>
      <symbol id="sm-d75">
         <name>_copy_in</name>
         <value>0x3f2658</value>
         <object_component_ref idref="oc-18a"/>
      </symbol>
      <symbol id="sm-d86">
         <name>_memcpy</name>
         <value>0x3f2854</value>
         <object_component_ref idref="oc-19f"/>
      </symbol>
      <symbol id="sm-d92">
         <name>__system_pre_init</name>
         <value>0x3f302b</value>
         <object_component_ref idref="oc-188"/>
      </symbol>
      <symbol id="sm-d9f">
         <name>__system_post_cinit</name>
         <value>0x3f3031</value>
         <object_component_ref idref="oc-18c"/>
      </symbol>
      <symbol id="sm-db3">
         <name>C$$EXIT</name>
         <value>0x3f2596</value>
         <object_component_ref idref="oc-240"/>
      </symbol>
      <symbol id="sm-db4">
         <name>_exit</name>
         <value>0x3f2598</value>
         <object_component_ref idref="oc-240"/>
      </symbol>
      <symbol id="sm-db5">
         <name>___TI_cleanup_ptr</name>
         <value>0x8842</value>
         <object_component_ref idref="oc-159"/>
      </symbol>
      <symbol id="sm-db6">
         <name>___TI_enable_exit_profile_output</name>
         <value>0x8840</value>
         <object_component_ref idref="oc-159"/>
      </symbol>
      <symbol id="sm-db7">
         <name>_abort</name>
         <value>0x3f2596</value>
         <object_component_ref idref="oc-240"/>
      </symbol>
      <symbol id="sm-db8">
         <name>___TI_dtors_ptr</name>
         <value>0x8844</value>
         <object_component_ref idref="oc-159"/>
      </symbol>
      <symbol id="sm-dcc">
         <name>__unlock</name>
         <value>0x883e</value>
         <object_component_ref idref="oc-258"/>
      </symbol>
      <symbol id="sm-dcd">
         <name>__lock</name>
         <value>0x883c</value>
         <object_component_ref idref="oc-259"/>
      </symbol>
      <symbol id="sm-dce">
         <name>__register_lock</name>
         <value>0x3f2e50</value>
         <object_component_ref idref="oc-209"/>
      </symbol>
      <symbol id="sm-dcf">
         <name>__nop</name>
         <value>0x3f2e54</value>
         <object_component_ref idref="oc-209"/>
      </symbol>
      <symbol id="sm-dd0">
         <name>__register_unlock</name>
         <value>0x3f2e4c</value>
         <object_component_ref idref="oc-209"/>
      </symbol>
      <symbol id="sm-ddf">
         <name>__args_main</name>
         <value>0x3f2943</value>
         <object_component_ref idref="oc-18d"/>
      </symbol>
      <symbol id="sm-ded">
         <name>_memset</name>
         <value>0x3f2ef0</value>
         <object_component_ref idref="oc-293"/>
      </symbol>
      <symbol id="sm-e03">
         <name>_strlen</name>
         <value>0x3f2e8d</value>
         <object_component_ref idref="oc-2aa"/>
      </symbol>
      <symbol id="sm-e10">
         <name>_HOSTwrite</name>
         <value>0x3f20f7</value>
         <object_component_ref idref="oc-2fa"/>
      </symbol>
      <symbol id="sm-e28">
         <name>___TI_readmsg</name>
         <value>0x3f0f8c</value>
         <object_component_ref idref="oc-313"/>
      </symbol>
      <symbol id="sm-e29">
         <name>C$$IO$$</name>
         <value>0x3f0f87</value>
         <object_component_ref idref="oc-313"/>
      </symbol>
      <symbol id="sm-e2a">
         <name>__CIOBUF_</name>
         <value>0x8880</value>
         <object_component_ref idref="oc-17d"/>
      </symbol>
      <symbol id="sm-e2b">
         <name>___TI_writemsg</name>
         <value>0x3f0f34</value>
         <object_component_ref idref="oc-313"/>
      </symbol>
      <symbol id="sm-e37">
         <name>_parmbuf</name>
         <value>0x8834</value>
         <object_component_ref idref="oc-183"/>
      </symbol>
   </symbol_table>
   <title>Link successful</title>
</link_info>
