<?xml version="1.0" encoding="ISO-8859-1" ?>
<link_info>
   <banner>TMS320C2000 Linker PC v18.1.8.LTS</banner>
   <copyright>Copyright (c) 1996-2018 Texas Instruments Incorporated</copyright>
   <link_time>0x5fb5be08</link_time>
   <link_errors>0x0</link_errors>
   <output_file>audioCalibrator.out</output_file>
   <entry_point>
      <name>_c_int00</name>
      <address>0x3f0d0a</address>
   </entry_point>
   <input_file_list>
      <input_file id="fl-2">
         <path>.\</path>
         <kind>object</kind>
         <file>DelayUs.obj</file>
         <name>DelayUs.obj</name>
      </input_file>
      <input_file id="fl-3">
         <path>.\</path>
         <kind>object</kind>
         <file>DeviceInit_18Nov2018.obj</file>
         <name>DeviceInit_18Nov2018.obj</name>
      </input_file>
      <input_file id="fl-4">
         <path>.\</path>
         <kind>object</kind>
         <file>F2802x_GlobalVariableDefs.obj</file>
         <name>F2802x_GlobalVariableDefs.obj</name>
      </input_file>
      <input_file id="fl-5">
         <path>.\</path>
         <kind>object</kind>
         <file>idle.obj</file>
         <name>idle.obj</name>
      </input_file>
      <input_file id="fl-9">
         <path>C:\Users\Alex\CCS_workspace_v8\audioCalibrator\Debug\configPkg\package\cfg\</path>
         <kind>object</kind>
         <file>idle_p28L.o28L</file>
         <name>idle_p28L.o28L</name>
      </input_file>
      <input_file id="fl-10">
         <kind>object</kind>
         <file>&lt;internal&gt;</file>
         <name>&lt;internal&gt;</name>
      </input_file>
      <input_file id="fl-11">
         <path>C:\Users\Alex\CCS_workspace_v8\audioCalibrator\src\sysbios\</path>
         <kind>archive</kind>
         <file>sysbios.a28L</file>
         <name>BIOS.obj</name>
      </input_file>
      <input_file id="fl-12">
         <path>C:\Users\Alex\CCS_workspace_v8\audioCalibrator\src\sysbios\</path>
         <kind>archive</kind>
         <file>sysbios.a28L</file>
         <name>c28_Hwi_asm.obj</name>
      </input_file>
      <input_file id="fl-13">
         <path>C:\Users\Alex\CCS_workspace_v8\audioCalibrator\src\sysbios\</path>
         <kind>archive</kind>
         <file>sysbios.a28L</file>
         <name>c28_Hwi_disp_asm.obj</name>
      </input_file>
      <input_file id="fl-14">
         <path>C:\ti\bios_6_76_04_02\packages\ti\catalog\c2800\init\lib\</path>
         <kind>archive</kind>
         <file>Boot.a28L</file>
         <name>Boot.o28L</name>
      </input_file>
      <input_file id="fl-15">
         <path>C:\ti\bios_6_76_04_02\packages\ti\targets\rts2800\lib\</path>
         <kind>archive</kind>
         <file>ti.targets.rts2800.a28L</file>
         <name>Assert.o28L</name>
      </input_file>
      <input_file id="fl-16">
         <path>C:\ti\bios_6_76_04_02\packages\ti\targets\rts2800\lib\</path>
         <kind>archive</kind>
         <file>ti.targets.rts2800.a28L</file>
         <name>Core-mem.o28L</name>
      </input_file>
      <input_file id="fl-17">
         <path>C:\ti\bios_6_76_04_02\packages\ti\targets\rts2800\lib\</path>
         <kind>archive</kind>
         <file>ti.targets.rts2800.a28L</file>
         <name>Core-smem.o28L</name>
      </input_file>
      <input_file id="fl-18">
         <path>C:\ti\bios_6_76_04_02\packages\ti\targets\rts2800\lib\</path>
         <kind>archive</kind>
         <file>ti.targets.rts2800.a28L</file>
         <name>Core-label.o28L</name>
      </input_file>
      <input_file id="fl-19">
         <path>C:\ti\bios_6_76_04_02\packages\ti\targets\rts2800\lib\</path>
         <kind>archive</kind>
         <file>ti.targets.rts2800.a28L</file>
         <name>Core-params.o28L</name>
      </input_file>
      <input_file id="fl-1a">
         <path>C:\ti\bios_6_76_04_02\packages\ti\targets\rts2800\lib\</path>
         <kind>archive</kind>
         <file>ti.targets.rts2800.a28L</file>
         <name>Error.o28L</name>
      </input_file>
      <input_file id="fl-1b">
         <path>C:\ti\bios_6_76_04_02\packages\ti\targets\rts2800\lib\</path>
         <kind>archive</kind>
         <file>ti.targets.rts2800.a28L</file>
         <name>Gate.o28L</name>
      </input_file>
      <input_file id="fl-1c">
         <path>C:\ti\bios_6_76_04_02\packages\ti\targets\rts2800\lib\</path>
         <kind>archive</kind>
         <file>ti.targets.rts2800.a28L</file>
         <name>GateNull.o28L</name>
      </input_file>
      <input_file id="fl-1d">
         <path>C:\ti\bios_6_76_04_02\packages\ti\targets\rts2800\lib\</path>
         <kind>archive</kind>
         <file>ti.targets.rts2800.a28L</file>
         <name>HeapStd.o28L</name>
      </input_file>
      <input_file id="fl-1e">
         <path>C:\ti\bios_6_76_04_02\packages\ti\targets\rts2800\lib\</path>
         <kind>archive</kind>
         <file>ti.targets.rts2800.a28L</file>
         <name>LoggerBuf.o28L</name>
      </input_file>
      <input_file id="fl-1f">
         <path>C:\ti\bios_6_76_04_02\packages\ti\targets\rts2800\lib\</path>
         <kind>archive</kind>
         <file>ti.targets.rts2800.a28L</file>
         <name>Memory.o28L</name>
      </input_file>
      <input_file id="fl-20">
         <path>C:\ti\bios_6_76_04_02\packages\ti\targets\rts2800\lib\</path>
         <kind>archive</kind>
         <file>ti.targets.rts2800.a28L</file>
         <name>Startup.o28L</name>
      </input_file>
      <input_file id="fl-21">
         <path>C:\ti\bios_6_76_04_02\packages\ti\targets\rts2800\lib\</path>
         <kind>archive</kind>
         <file>ti.targets.rts2800.a28L</file>
         <name>System.o28L</name>
      </input_file>
      <input_file id="fl-22">
         <path>C:\ti\bios_6_76_04_02\packages\ti\targets\rts2800\lib\</path>
         <kind>archive</kind>
         <file>ti.targets.rts2800.a28L</file>
         <name>SysMin.o28L</name>
      </input_file>
      <input_file id="fl-23">
         <path>C:\ti\bios_6_76_04_02\packages\ti\targets\rts2800\lib\</path>
         <kind>archive</kind>
         <file>ti.targets.rts2800.a28L</file>
         <name>Text.o28L</name>
      </input_file>
      <input_file id="fl-24">
         <path>C:\ti\bios_6_76_04_02\packages\ti\targets\rts2800\lib\</path>
         <kind>archive</kind>
         <file>ti.targets.rts2800.a28L</file>
         <name>xdc_noinit.o28L</name>
      </input_file>
      <input_file id="fl-25">
         <path>C:\ti\bios_6_76_04_02\packages\ti\targets\rts2800\lib\</path>
         <kind>archive</kind>
         <file>ti.targets.rts2800.a28L</file>
         <name>Log.o28L</name>
      </input_file>
      <input_file id="fl-26">
         <path>C:\ti\bios_6_76_04_02\packages\ti\targets\rts2800\lib\</path>
         <kind>archive</kind>
         <file>ti.targets.rts2800.a28L</file>
         <name>Registry.o28L</name>
      </input_file>
      <input_file id="fl-27">
         <path>C:\ti\bios_6_76_04_02\packages\ti\targets\rts2800\lib\</path>
         <kind>archive</kind>
         <file>boot.a28L</file>
         <name>boot_cg.o28L</name>
      </input_file>
      <input_file id="fl-33">
         <path>C:\ti\ccsv8\tools\compiler\ti-cgt-c2000_18.1.8.LTS\lib\</path>
         <kind>archive</kind>
         <file>rts2800_ml.lib</file>
         <name>ll_div28.asm.obj</name>
      </input_file>
      <input_file id="fl-34">
         <path>C:\ti\ccsv8\tools\compiler\ti-cgt-c2000_18.1.8.LTS\lib\</path>
         <kind>archive</kind>
         <file>rts2800_ml.lib</file>
         <name>cpy_tbl.c.obj</name>
      </input_file>
      <input_file id="fl-35">
         <path>C:\ti\ccsv8\tools\compiler\ti-cgt-c2000_18.1.8.LTS\lib\</path>
         <kind>archive</kind>
         <file>rts2800_ml.lib</file>
         <name>memcpy.c.obj</name>
      </input_file>
      <input_file id="fl-36">
         <path>C:\ti\ccsv8\tools\compiler\ti-cgt-c2000_18.1.8.LTS\lib\</path>
         <kind>archive</kind>
         <file>rts2800_ml.lib</file>
         <name>pre_init.c.obj</name>
      </input_file>
      <input_file id="fl-37">
         <path>C:\ti\ccsv8\tools\compiler\ti-cgt-c2000_18.1.8.LTS\lib\</path>
         <kind>archive</kind>
         <file>rts2800_ml.lib</file>
         <name>startup.c.obj</name>
      </input_file>
      <input_file id="fl-38">
         <path>C:\ti\ccsv8\tools\compiler\ti-cgt-c2000_18.1.8.LTS\lib\</path>
         <kind>archive</kind>
         <file>rts2800_ml.lib</file>
         <name>exit.c.obj</name>
      </input_file>
      <input_file id="fl-39">
         <path>C:\ti\ccsv8\tools\compiler\ti-cgt-c2000_18.1.8.LTS\lib\</path>
         <kind>archive</kind>
         <file>rts2800_ml.lib</file>
         <name>_lock.c.obj</name>
      </input_file>
      <input_file id="fl-3a">
         <path>C:\ti\ccsv8\tools\compiler\ti-cgt-c2000_18.1.8.LTS\lib\</path>
         <kind>archive</kind>
         <file>rts2800_ml.lib</file>
         <name>args_main.c.obj</name>
      </input_file>
      <input_file id="fl-3b">
         <path>C:\ti\ccsv8\tools\compiler\ti-cgt-c2000_18.1.8.LTS\lib\</path>
         <kind>archive</kind>
         <file>rts2800_ml.lib</file>
         <name>memset.c.obj</name>
      </input_file>
      <input_file id="fl-3c">
         <path>C:\ti\ccsv8\tools\compiler\ti-cgt-c2000_18.1.8.LTS\lib\</path>
         <kind>archive</kind>
         <file>rts2800_ml.lib</file>
         <name>strcmp.c.obj</name>
      </input_file>
      <input_file id="fl-3d">
         <path>C:\ti\ccsv8\tools\compiler\ti-cgt-c2000_18.1.8.LTS\lib\</path>
         <kind>archive</kind>
         <file>rts2800_ml.lib</file>
         <name>strlen.c.obj</name>
      </input_file>
      <input_file id="fl-3e">
         <path>C:\ti\ccsv8\tools\compiler\ti-cgt-c2000_18.1.8.LTS\lib\</path>
         <kind>archive</kind>
         <file>rts2800_ml.lib</file>
         <name>hostwrite.c.obj</name>
      </input_file>
      <input_file id="fl-3f">
         <path>C:\ti\ccsv8\tools\compiler\ti-cgt-c2000_18.1.8.LTS\lib\</path>
         <kind>archive</kind>
         <file>rts2800_ml.lib</file>
         <name>trgmsg.c.obj</name>
      </input_file>
      <input_file id="fl-40">
         <path>C:\ti\ccsv8\tools\compiler\ti-cgt-c2000_18.1.8.LTS\lib\</path>
         <kind>archive</kind>
         <file>rts2800_ml.lib</file>
         <name>hostopen.c.obj</name>
      </input_file>
   </input_file_list>
   <object_component_list>
      <object_component id="oc-64">
         <name>PieVectTableFile</name>
         <uninitialized>true</uninitialized>
         <run_address>0xd00</run_address>
         <size>0x100</size>
         <input_file_ref idref="fl-4"/>
      </object_component>
      <object_component id="oc-44">
         <name>EmuKeyVar</name>
         <uninitialized>true</uninitialized>
         <run_address>0xd00</run_address>
         <size>0x1</size>
         <input_file_ref idref="fl-4"/>
      </object_component>
      <object_component id="oc-46">
         <name>EmuBModeVar</name>
         <uninitialized>true</uninitialized>
         <run_address>0xd01</run_address>
         <size>0x1</size>
         <input_file_ref idref="fl-4"/>
      </object_component>
      <object_component id="oc-47">
         <name>FlashCallbackVar</name>
         <uninitialized>true</uninitialized>
         <run_address>0xd02</run_address>
         <size>0x2</size>
         <input_file_ref idref="fl-4"/>
      </object_component>
      <object_component id="oc-48">
         <name>FlashScalingVar</name>
         <uninitialized>true</uninitialized>
         <run_address>0xd04</run_address>
         <size>0x2</size>
         <input_file_ref idref="fl-4"/>
      </object_component>
      <object_component id="oc-4a">
         <name>DevEmuRegsFile</name>
         <uninitialized>true</uninitialized>
         <run_address>0x880</run_address>
         <size>0x4</size>
         <input_file_ref idref="fl-4"/>
      </object_component>
      <object_component id="oc-49">
         <name>SysPwrCtrlRegsFile</name>
         <uninitialized>true</uninitialized>
         <run_address>0x985</run_address>
         <size>0x3</size>
         <input_file_ref idref="fl-4"/>
      </object_component>
      <object_component id="oc-4b">
         <name>FlashRegsFile</name>
         <uninitialized>true</uninitialized>
         <run_address>0xa80</run_address>
         <size>0x8</size>
         <input_file_ref idref="fl-4"/>
      </object_component>
      <object_component id="oc-53">
         <name>CsmRegsFile</name>
         <uninitialized>true</uninitialized>
         <run_address>0xae0</run_address>
         <size>0x10</size>
         <input_file_ref idref="fl-4"/>
      </object_component>
      <object_component id="oc-5c">
         <name>AdcResultFile</name>
         <uninitialized>true</uninitialized>
         <run_address>0xb00</run_address>
         <size>0x20</size>
         <input_file_ref idref="fl-4"/>
      </object_component>
      <object_component id="oc-4d">
         <name>CpuTimer0RegsFile</name>
         <uninitialized>true</uninitialized>
         <run_address>0xc00</run_address>
         <size>0x8</size>
         <input_file_ref idref="fl-4"/>
      </object_component>
      <object_component id="oc-4c">
         <name>CpuTimer1RegsFile</name>
         <uninitialized>true</uninitialized>
         <run_address>0xc08</run_address>
         <size>0x8</size>
         <input_file_ref idref="fl-4"/>
      </object_component>
      <object_component id="oc-4f">
         <name>CpuTimer2RegsFile</name>
         <uninitialized>true</uninitialized>
         <run_address>0xc10</run_address>
         <size>0x8</size>
         <input_file_ref idref="fl-4"/>
      </object_component>
      <object_component id="oc-56">
         <name>PieCtrlRegsFile</name>
         <uninitialized>true</uninitialized>
         <run_address>0xce0</run_address>
         <size>0x1a</size>
         <input_file_ref idref="fl-4"/>
      </object_component>
      <object_component id="oc-58">
         <name>ECap1RegsFile</name>
         <uninitialized>true</uninitialized>
         <run_address>0x6a00</run_address>
         <size>0x20</size>
         <input_file_ref idref="fl-4"/>
      </object_component>
      <object_component id="oc-60">
         <name>GpioCtrlRegsFile</name>
         <uninitialized>true</uninitialized>
         <run_address>0x6f80</run_address>
         <size>0x40</size>
         <input_file_ref idref="fl-4"/>
      </object_component>
      <object_component id="oc-5b">
         <name>GpioDataRegsFile</name>
         <uninitialized>true</uninitialized>
         <run_address>0x6fc0</run_address>
         <size>0x20</size>
         <input_file_ref idref="fl-4"/>
      </object_component>
      <object_component id="oc-50">
         <name>GpioIntRegsFile</name>
         <uninitialized>true</uninitialized>
         <run_address>0x6fe0</run_address>
         <size>0xa</size>
         <input_file_ref idref="fl-4"/>
      </object_component>
      <object_component id="oc-57">
         <name>SysCtrlRegsFile</name>
         <uninitialized>true</uninitialized>
         <run_address>0x7010</run_address>
         <size>0x1f</size>
         <input_file_ref idref="fl-4"/>
      </object_component>
      <object_component id="oc-55">
         <name>SpiaRegsFile</name>
         <uninitialized>true</uninitialized>
         <run_address>0x7040</run_address>
         <size>0x10</size>
         <input_file_ref idref="fl-4"/>
      </object_component>
      <object_component id="oc-52">
         <name>SciaRegsFile</name>
         <uninitialized>true</uninitialized>
         <run_address>0x7050</run_address>
         <size>0x10</size>
         <input_file_ref idref="fl-4"/>
      </object_component>
      <object_component id="oc-51">
         <name>NmiIntruptRegsFile</name>
         <uninitialized>true</uninitialized>
         <run_address>0x7060</run_address>
         <size>0x10</size>
         <input_file_ref idref="fl-4"/>
      </object_component>
      <object_component id="oc-54">
         <name>XIntruptRegsFile</name>
         <uninitialized>true</uninitialized>
         <run_address>0x7070</run_address>
         <size>0x10</size>
         <input_file_ref idref="fl-4"/>
      </object_component>
      <object_component id="oc-63">
         <name>AdcRegsFile</name>
         <uninitialized>true</uninitialized>
         <run_address>0x7100</run_address>
         <size>0x51</size>
         <input_file_ref idref="fl-4"/>
      </object_component>
      <object_component id="oc-5d">
         <name>I2caRegsFile</name>
         <uninitialized>true</uninitialized>
         <run_address>0x7900</run_address>
         <size>0x22</size>
         <input_file_ref idref="fl-4"/>
      </object_component>
      <object_component id="oc-5a">
         <name>Comp1RegsFile</name>
         <uninitialized>true</uninitialized>
         <run_address>0x6400</run_address>
         <size>0x20</size>
         <input_file_ref idref="fl-4"/>
      </object_component>
      <object_component id="oc-59">
         <name>Comp2RegsFile</name>
         <uninitialized>true</uninitialized>
         <run_address>0x6420</run_address>
         <size>0x20</size>
         <input_file_ref idref="fl-4"/>
      </object_component>
      <object_component id="oc-61">
         <name>EPwm1RegsFile</name>
         <uninitialized>true</uninitialized>
         <run_address>0x6800</run_address>
         <size>0x40</size>
         <input_file_ref idref="fl-4"/>
      </object_component>
      <object_component id="oc-5e">
         <name>EPwm2RegsFile</name>
         <uninitialized>true</uninitialized>
         <run_address>0x6840</run_address>
         <size>0x40</size>
         <input_file_ref idref="fl-4"/>
      </object_component>
      <object_component id="oc-62">
         <name>EPwm3RegsFile</name>
         <uninitialized>true</uninitialized>
         <run_address>0x6880</run_address>
         <size>0x40</size>
         <input_file_ref idref="fl-4"/>
      </object_component>
      <object_component id="oc-5f">
         <name>EPwm4RegsFile</name>
         <uninitialized>true</uninitialized>
         <run_address>0x68c0</run_address>
         <size>0x40</size>
         <input_file_ref idref="fl-4"/>
      </object_component>
      <object_component id="oc-4e">
         <name>CsmPwlFile</name>
         <uninitialized>true</uninitialized>
         <run_address>0x3f7ff8</run_address>
         <size>0x8</size>
         <input_file_ref idref="fl-4"/>
      </object_component>
      <object_component id="oc-45">
         <name>PartIdRegsFile</name>
         <uninitialized>true</uninitialized>
         <run_address>0x3d7fff</run_address>
         <size>0x1</size>
         <input_file_ref idref="fl-4"/>
      </object_component>
      <object_component id="oc-6e">
         <name>.cinit</name>
         <load_address>0x3f2dfd</load_address>
         <run_address>0x3f2dfd</run_address>
         <size>0x24e</size>
         <input_file_ref idref="fl-9"/>
      </object_component>
      <object_component id="oc-109">
         <name>.cinit</name>
         <load_address>0x3f304b</load_address>
         <run_address>0x3f304b</run_address>
         <size>0xe</size>
         <input_file_ref idref="fl-38"/>
      </object_component>
      <object_component id="oc-67">
         <name>.cinit</name>
         <load_address>0x3f3059</load_address>
         <run_address>0x3f3059</run_address>
         <size>0xc</size>
         <input_file_ref idref="fl-5"/>
      </object_component>
      <object_component id="oc-1a7">
         <name>.cinit:__lock</name>
         <load_address>0x3f3065</load_address>
         <run_address>0x3f3065</run_address>
         <size>0x5</size>
         <input_file_ref idref="fl-39"/>
      </object_component>
      <object_component id="oc-1a6">
         <name>.cinit:__unlock</name>
         <load_address>0x3f306a</load_address>
         <run_address>0x3f306a</run_address>
         <size>0x5</size>
         <input_file_ref idref="fl-39"/>
      </object_component>
      <object_component id="oc-232">
         <name>.text:_xdc_runtime_System_doPrint__I</name>
         <load_address>0x3f0000</load_address>
         <run_address>0x3f0000</run_address>
         <size>0x223</size>
         <input_file_ref idref="fl-21"/>
      </object_component>
      <object_component id="oc-ef">
         <name>.text</name>
         <load_address>0x3f0223</load_address>
         <run_address>0x3f0223</run_address>
         <size>0x107</size>
         <input_file_ref idref="fl-33"/>
      </object_component>
      <object_component id="oc-15d">
         <name>.text:_xdc_runtime_HeapStd_alloc__E</name>
         <load_address>0x3f032a</load_address>
         <run_address>0x3f032a</run_address>
         <size>0xee</size>
         <input_file_ref idref="fl-1d"/>
      </object_component>
      <object_component id="oc-1cf">
         <name>.text:_ti_sysbios_family_c28_Hwi_clearInterrupt__E</name>
         <load_address>0x3f0418</load_address>
         <run_address>0x3f0418</run_address>
         <size>0xe1</size>
         <input_file_ref idref="fl-11"/>
      </object_component>
      <object_component id="oc-16b">
         <name>.text:_xdc_runtime_LoggerBuf_write8__E</name>
         <load_address>0x3f04f9</load_address>
         <run_address>0x3f04f9</run_address>
         <size>0xb5</size>
         <input_file_ref idref="fl-1e"/>
      </object_component>
      <object_component id="oc-23d">
         <name>.text:_xdc_runtime_System_printfExtend__I</name>
         <load_address>0x3f05ae</load_address>
         <run_address>0x3f05ae</run_address>
         <size>0xb0</size>
         <input_file_ref idref="fl-9"/>
      </object_component>
      <object_component id="oc-185">
         <name>.text:_xdc_runtime_Core_createObject__I</name>
         <load_address>0x3f065e</load_address>
         <run_address>0x3f065e</run_address>
         <size>0x9f</size>
         <input_file_ref idref="fl-16"/>
      </object_component>
      <object_component id="oc-22a">
         <name>.text</name>
         <load_address>0x3f06fd</load_address>
         <run_address>0x3f06fd</run_address>
         <size>0x94</size>
         <input_file_ref idref="fl-3f"/>
      </object_component>
      <object_component id="oc-1d0">
         <name>.text:_ti_sysbios_family_c28_Hwi_enableInterrupt__E</name>
         <load_address>0x3f0791</load_address>
         <run_address>0x3f0791</run_address>
         <size>0x8e</size>
         <input_file_ref idref="fl-11"/>
      </object_component>
      <object_component id="oc-1ad">
         <name>.text:_xdc_runtime_Error_policyDefault__E</name>
         <load_address>0x3f081f</load_address>
         <run_address>0x3f081f</run_address>
         <size>0x8c</size>
         <input_file_ref idref="fl-1a"/>
      </object_component>
      <object_component id="oc-226">
         <name>.text:_ti_sysbios_family_c28_Hwi_dispatch</name>
         <load_address>0x3f08ab</load_address>
         <run_address>0x3f08ab</run_address>
         <size>0x85</size>
         <input_file_ref idref="fl-13"/>
      </object_component>
      <object_component id="oc-179">
         <name>.text</name>
         <load_address>0x3f0930</load_address>
         <run_address>0x3f0930</run_address>
         <size>0x82</size>
         <input_file_ref idref="fl-3"/>
      </object_component>
      <object_component id="oc-196">
         <name>.text:_xdc_runtime_HeapStd_Instance_init__E</name>
         <load_address>0x3f09b2</load_address>
         <run_address>0x3f09b2</run_address>
         <size>0x82</size>
         <input_file_ref idref="fl-1d"/>
      </object_component>
      <object_component id="oc-234">
         <name>.text:_ti_sysbios_family_c28_Hwi_disableInterrupt__E</name>
         <load_address>0x3f0a34</load_address>
         <run_address>0x3f0a34</run_address>
         <size>0x81</size>
         <input_file_ref idref="fl-11"/>
      </object_component>
      <object_component id="oc-1f8">
         <name>.text:_ti_sysbios_family_c28_Hwi_disablePIEIER__E</name>
         <load_address>0x3f0ab5</load_address>
         <run_address>0x3f0ab5</run_address>
         <size>0x80</size>
         <input_file_ref idref="fl-11"/>
      </object_component>
      <object_component id="oc-1f7">
         <name>.text:_ti_sysbios_family_c28_Hwi_enablePIEIER__E</name>
         <load_address>0x3f0b35</load_address>
         <run_address>0x3f0b35</run_address>
         <size>0x7f</size>
         <input_file_ref idref="fl-11"/>
      </object_component>
      <object_component id="oc-16a">
         <name>.text:_xdc_runtime_LoggerBuf_write4__E</name>
         <load_address>0x3f0bb4</load_address>
         <run_address>0x3f0bb4</run_address>
         <size>0x79</size>
         <input_file_ref idref="fl-1e"/>
      </object_component>
      <object_component id="oc-1b1">
         <name>.text:_xdc_runtime_Startup_startMods__I</name>
         <load_address>0x3f0c2d</load_address>
         <run_address>0x3f0c2d</run_address>
         <size>0x71</size>
         <input_file_ref idref="fl-20"/>
      </object_component>
      <object_component id="oc-15e">
         <name>.text:_xdc_runtime_HeapStd_free__E</name>
         <load_address>0x3f0c9e</load_address>
         <run_address>0x3f0c9e</run_address>
         <size>0x6c</size>
         <input_file_ref idref="fl-1d"/>
      </object_component>
      <object_component id="oc-38">
         <name>.text</name>
         <load_address>0x3f0d0a</load_address>
         <run_address>0x3f0d0a</run_address>
         <size>0x67</size>
         <input_file_ref idref="fl-27"/>
      </object_component>
      <object_component id="oc-227">
         <name>.text:_ti_sysbios_family_c28_Timer_stopAndClear__I</name>
         <load_address>0x3f0d71</load_address>
         <run_address>0x3f0d71</run_address>
         <size>0x66</size>
         <input_file_ref idref="fl-11"/>
      </object_component>
      <object_component id="oc-215">
         <name>.text:_xdc_runtime_Text_putSite__E</name>
         <load_address>0x3f0dd7</load_address>
         <run_address>0x3f0dd7</run_address>
         <size>0x5d</size>
         <input_file_ref idref="fl-23"/>
      </object_component>
      <object_component id="oc-20d">
         <name>.text:_ti_sysbios_family_c28_Hwi_Module_startup__E</name>
         <load_address>0x3f0e34</load_address>
         <run_address>0x3f0e34</run_address>
         <size>0x47</size>
         <input_file_ref idref="fl-11"/>
      </object_component>
      <object_component id="oc-23f">
         <name>.text:_ti_sysbios_family_c28_Hwi_dispatchCore__I</name>
         <load_address>0x3f0e7b</load_address>
         <run_address>0x3f0e7b</run_address>
         <size>0x44</size>
         <input_file_ref idref="fl-11"/>
      </object_component>
      <object_component id="oc-241">
         <name>.text:_xdc_runtime_Text_putLab__E</name>
         <load_address>0x3f0ebf</load_address>
         <run_address>0x3f0ebf</run_address>
         <size>0x41</size>
         <input_file_ref idref="fl-23"/>
      </object_component>
      <object_component id="oc-221">
         <name>.text:_xdc_runtime_Text_putMod__E</name>
         <load_address>0x3f0f00</load_address>
         <run_address>0x3f0f00</run_address>
         <size>0x3f</size>
         <input_file_ref idref="fl-23"/>
      </object_component>
      <object_component id="oc-1cb">
         <name>.text:_xdc_runtime_Memory_alloc__E</name>
         <load_address>0x3f0f3f</load_address>
         <run_address>0x3f0f3f</run_address>
         <size>0x3e</size>
         <input_file_ref idref="fl-1f"/>
      </object_component>
      <object_component id="oc-187">
         <name>.text:_xdc_runtime_Core_deleteObject__I</name>
         <load_address>0x3f0f7d</load_address>
         <run_address>0x3f0f7d</run_address>
         <size>0x3d</size>
         <input_file_ref idref="fl-16"/>
      </object_component>
      <object_component id="oc-16d">
         <name>.text:_xdc_runtime_LoggerBuf_getFilterLevel__E</name>
         <load_address>0x3f0fba</load_address>
         <run_address>0x3f0fba</run_address>
         <size>0x3d</size>
         <input_file_ref idref="fl-1e"/>
      </object_component>
      <object_component id="oc-21e">
         <name>.text:_ti_sysbios_family_c28_Timer_postInit__I</name>
         <load_address>0x3f0ff7</load_address>
         <run_address>0x3f0ff7</run_address>
         <size>0x3c</size>
         <input_file_ref idref="fl-11"/>
      </object_component>
      <object_component id="oc-16c">
         <name>.text:_xdc_runtime_LoggerBuf_setFilterLevel__E</name>
         <load_address>0x3f1033</load_address>
         <run_address>0x3f1033</run_address>
         <size>0x3c</size>
         <input_file_ref idref="fl-1e"/>
      </object_component>
      <object_component id="oc-220">
         <name>.text</name>
         <load_address>0x3f106f</load_address>
         <run_address>0x3f106f</run_address>
         <size>0x38</size>
         <input_file_ref idref="fl-3e"/>
      </object_component>
      <object_component id="oc-238">
         <name>.text:_xdc_runtime_System_formatNum__I</name>
         <load_address>0x3f10a7</load_address>
         <run_address>0x3f10a7</run_address>
         <size>0x33</size>
         <input_file_ref idref="fl-21"/>
      </object_component>
      <object_component id="oc-206">
         <name>.text:_xdc_runtime_Error_print__E</name>
         <load_address>0x3f10da</load_address>
         <run_address>0x3f10da</run_address>
         <size>0x30</size>
         <input_file_ref idref="fl-1a"/>
      </object_component>
      <object_component id="oc-1a3">
         <name>.text:_xdc_runtime_LoggerBuf_Instance_init__E</name>
         <load_address>0x3f110a</load_address>
         <run_address>0x3f110a</run_address>
         <size>0x2f</size>
         <input_file_ref idref="fl-1e"/>
      </object_component>
      <object_component id="oc-13c">
         <name>.text:_xdc_runtime_Startup_exec__E</name>
         <load_address>0x3f1139</load_address>
         <run_address>0x3f1139</run_address>
         <size>0x2f</size>
         <input_file_ref idref="fl-20"/>
      </object_component>
      <object_component id="oc-14e">
         <name>.text:.bootCodeSection:_ti_catalog_c2800_init_Boot_configurePll2802x</name>
         <load_address>0x3f1168</load_address>
         <run_address>0x3f1168</run_address>
         <size>0x2e</size>
         <input_file_ref idref="fl-14"/>
      </object_component>
      <object_component id="oc-203">
         <name>.text:_ti_sysbios_family_c28_Hwi_getInterruptFlag__E</name>
         <load_address>0x3f1196</load_address>
         <run_address>0x3f1196</run_address>
         <size>0x2d</size>
         <input_file_ref idref="fl-11"/>
      </object_component>
      <object_component id="oc-18e">
         <name>.text:_xdc_runtime_Assert_raise__I</name>
         <load_address>0x3f11c3</load_address>
         <run_address>0x3f11c3</run_address>
         <size>0x2d</size>
         <input_file_ref idref="fl-15"/>
      </object_component>
      <object_component id="oc-1bc">
         <name>.text:_xdc_runtime_Core_assignParams__I</name>
         <load_address>0x3f11f0</load_address>
         <run_address>0x3f11f0</run_address>
         <size>0x2d</size>
         <input_file_ref idref="fl-19"/>
      </object_component>
      <object_component id="oc-23c">
         <name>.text:_xdc_runtime_Text_visitRope2__I</name>
         <load_address>0x3f121d</load_address>
         <run_address>0x3f121d</run_address>
         <size>0x2d</size>
         <input_file_ref idref="fl-23"/>
      </object_component>
      <object_component id="oc-1aa">
         <name>.text:_ti_sysbios_family_c28_Timer_start__E</name>
         <load_address>0x3f124a</load_address>
         <run_address>0x3f124a</run_address>
         <size>0x2c</size>
         <input_file_ref idref="fl-11"/>
      </object_component>
      <object_component id="oc-16e">
         <name>.text:_xdc_runtime_LoggerBuf_Object__create__S</name>
         <load_address>0x3f1276</load_address>
         <run_address>0x3f1276</run_address>
         <size>0x2c</size>
         <input_file_ref idref="fl-9"/>
      </object_component>
      <object_component id="oc-161">
         <name>.text:_xdc_runtime_HeapStd_Object__create__S</name>
         <load_address>0x3f12a2</load_address>
         <run_address>0x3f12a2</run_address>
         <size>0x2b</size>
         <input_file_ref idref="fl-9"/>
      </object_component>
      <object_component id="oc-1d2">
         <name>.text:_xdc_runtime_Error_setX__E</name>
         <load_address>0x3f12cd</load_address>
         <run_address>0x3f12cd</run_address>
         <size>0x2a</size>
         <input_file_ref idref="fl-1a"/>
      </object_component>
      <object_component id="oc-1ff">
         <name>.text:_ti_sysbios_family_c28_Hwi_getStackInfo__E</name>
         <load_address>0x3f12f7</load_address>
         <run_address>0x3f12f7</run_address>
         <size>0x29</size>
         <input_file_ref idref="fl-11"/>
      </object_component>
      <object_component id="oc-78">
         <name>.text:_ti_sysbios_family_c28_Hwi_unPluggedInterrupt__I</name>
         <load_address>0x3f1320</load_address>
         <run_address>0x3f1320</run_address>
         <size>0x29</size>
         <input_file_ref idref="fl-11"/>
      </object_component>
      <object_component id="oc-222">
         <name>.text:_xdc_runtime_Text_xprintf__I</name>
         <load_address>0x3f1349</load_address>
         <run_address>0x3f1349</run_address>
         <size>0x29</size>
         <input_file_ref idref="fl-23"/>
      </object_component>
      <object_component id="oc-1b5">
         <name>.text</name>
         <load_address>0x3f1372</load_address>
         <run_address>0x3f1372</run_address>
         <size>0x29</size>
         <input_file_ref idref="fl-38"/>
      </object_component>
      <object_component id="oc-1ea">
         <name>.text:_ti_sysbios_family_c28_Timer_getExpiredCounts64__E</name>
         <load_address>0x3f139b</load_address>
         <run_address>0x3f139b</run_address>
         <size>0x28</size>
         <input_file_ref idref="fl-11"/>
      </object_component>
      <object_component id="oc-1e4">
         <name>.text:_xdc_runtime_SysMin_flush__E</name>
         <load_address>0x3f13c3</load_address>
         <run_address>0x3f13c3</run_address>
         <size>0x26</size>
         <input_file_ref idref="fl-22"/>
      </object_component>
      <object_component id="oc-13b">
         <name>.text</name>
         <load_address>0x3f13e9</load_address>
         <run_address>0x3f13e9</run_address>
         <size>0x24</size>
         <input_file_ref idref="fl-34"/>
      </object_component>
      <object_component id="oc-153">
         <name>.text:_xdc_runtime_System_processAtExit__E</name>
         <load_address>0x3f140d</load_address>
         <run_address>0x3f140d</run_address>
         <size>0x23</size>
         <input_file_ref idref="fl-21"/>
      </object_component>
      <object_component id="oc-229">
         <name>.text:_ti_sysbios_family_c28_Timer_setPrescale__E</name>
         <load_address>0x3f1430</load_address>
         <run_address>0x3f1430</run_address>
         <size>0x20</size>
         <input_file_ref idref="fl-11"/>
      </object_component>
      <object_component id="oc-199">
         <name>.text:_xdc_runtime_LoggerBuf_filterOutEvent__I</name>
         <load_address>0x3f1450</load_address>
         <run_address>0x3f1450</run_address>
         <size>0x1e</size>
         <input_file_ref idref="fl-1e"/>
      </object_component>
      <object_component id="oc-174">
         <name>.text:_xdc_runtime_System_atexit__E</name>
         <load_address>0x3f146e</load_address>
         <run_address>0x3f146e</run_address>
         <size>0x1e</size>
         <input_file_ref idref="fl-21"/>
      </object_component>
      <object_component id="oc-159">
         <name>.text:_ti_sysbios_gates_GateHwi_Object__create__S</name>
         <load_address>0x3f148c</load_address>
         <run_address>0x3f148c</run_address>
         <size>0x1d</size>
         <input_file_ref idref="fl-9"/>
      </object_component>
      <object_component id="oc-218">
         <name>.text:_xdc_runtime_SysMin_putch__E</name>
         <load_address>0x3f14a9</load_address>
         <run_address>0x3f14a9</run_address>
         <size>0x1d</size>
         <input_file_ref idref="fl-22"/>
      </object_component>
      <object_component id="oc-14f">
         <name>.text</name>
         <load_address>0x3f14c6</load_address>
         <run_address>0x3f14c6</run_address>
         <size>0x1d</size>
         <input_file_ref idref="fl-35"/>
      </object_component>
      <object_component id="oc-23a">
         <name>.text:_ti_sysbios_family_c28_Hwi_switchAndDispatch__I</name>
         <load_address>0x3f14e3</load_address>
         <run_address>0x3f14e3</run_address>
         <size>0x1b</size>
         <input_file_ref idref="fl-12"/>
      </object_component>
      <object_component id="oc-205">
         <name>.text:_ti_sysbios_hal_Hwi_checkStack</name>
         <load_address>0x3f14fe</load_address>
         <run_address>0x3f14fe</run_address>
         <size>0x1b</size>
         <input_file_ref idref="fl-11"/>
      </object_component>
      <object_component id="oc-210">
         <name>.text:_xdc_runtime_SysMin_output__I</name>
         <load_address>0x3f1519</load_address>
         <run_address>0x3f1519</run_address>
         <size>0x1b</size>
         <input_file_ref idref="fl-9"/>
      </object_component>
      <object_component id="oc-1b0">
         <name>.text:_ti_sysbios_hal_Hwi_initStack</name>
         <load_address>0x3f1534</load_address>
         <run_address>0x3f1534</run_address>
         <size>0x1a</size>
         <input_file_ref idref="fl-11"/>
      </object_component>
      <object_component id="oc-188">
         <name>.text:_xdc_runtime_Core_assignLabel__I</name>
         <load_address>0x3f154e</load_address>
         <run_address>0x3f154e</run_address>
         <size>0x1a</size>
         <input_file_ref idref="fl-18"/>
      </object_component>
      <object_component id="oc-224">
         <name>.text:_xdc_runtime_System_avprintf__E</name>
         <load_address>0x3f1568</load_address>
         <run_address>0x3f1568</run_address>
         <size>0x1a</size>
         <input_file_ref idref="fl-21"/>
      </object_component>
      <object_component id="oc-148">
         <name>.text</name>
         <load_address>0x3f1582</load_address>
         <run_address>0x3f1582</run_address>
         <size>0x1a</size>
         <input_file_ref idref="fl-5"/>
      </object_component>
      <object_component id="oc-225">
         <name>.text:_xdc_runtime_System_vprintf__E</name>
         <load_address>0x3f159c</load_address>
         <run_address>0x3f159c</run_address>
         <size>0x19</size>
         <input_file_ref idref="fl-21"/>
      </object_component>
      <object_component id="oc-13e">
         <name>.text</name>
         <load_address>0x3f15b5</load_address>
         <run_address>0x3f15b5</run_address>
         <size>0x19</size>
         <input_file_ref idref="fl-3a"/>
      </object_component>
      <object_component id="oc-1e5">
         <name>.text:_xdc_runtime_Memory_valloc__E</name>
         <load_address>0x3f15ce</load_address>
         <run_address>0x3f15ce</run_address>
         <size>0x18</size>
         <input_file_ref idref="fl-1f"/>
      </object_component>
      <object_component id="oc-239">
         <name>.text:_xdc_runtime_System_putchar__I</name>
         <load_address>0x3f15e6</load_address>
         <run_address>0x3f15e6</run_address>
         <size>0x18</size>
         <input_file_ref idref="fl-21"/>
      </object_component>
      <object_component id="oc-175">
         <name>.text:_ti_sysbios_family_c28_Timer_startup__E</name>
         <load_address>0x3f15fe</load_address>
         <run_address>0x3f15fe</run_address>
         <size>0x17</size>
         <input_file_ref idref="fl-11"/>
      </object_component>
      <object_component id="oc-209">
         <name>.text:_xdc_runtime_LoggerBuf_Module_startup__E</name>
         <load_address>0x3f1615</load_address>
         <run_address>0x3f1615</run_address>
         <size>0x17</size>
         <input_file_ref idref="fl-1e"/>
      </object_component>
      <object_component id="oc-207">
         <name>.text:_xdc_runtime_SysMin_abort__E</name>
         <load_address>0x3f162c</load_address>
         <run_address>0x3f162c</run_address>
         <size>0x17</size>
         <input_file_ref idref="fl-22"/>
      </object_component>
      <object_component id="oc-20e">
         <name>.text:_ti_sysbios_family_c28_Timer_Module_startup__E</name>
         <load_address>0x3f1643</load_address>
         <run_address>0x3f1643</run_address>
         <size>0x16</size>
         <input_file_ref idref="fl-11"/>
      </object_component>
      <object_component id="oc-1cc">
         <name>.text:_xdc_runtime_LoggerBuf_reset__E</name>
         <load_address>0x3f1659</load_address>
         <run_address>0x3f1659</run_address>
         <size>0x16</size>
         <input_file_ref idref="fl-1e"/>
      </object_component>
      <object_component id="oc-146">
         <name>.text:_ti_sysbios_BIOS_startFunc__I</name>
         <load_address>0x3f166f</load_address>
         <run_address>0x3f166f</run_address>
         <size>0x15</size>
         <input_file_ref idref="fl-9"/>
      </object_component>
      <object_component id="oc-22f">
         <name>.text:_xdc_runtime_Text_printVisFxn__I</name>
         <load_address>0x3f1684</load_address>
         <run_address>0x3f1684</run_address>
         <size>0x15</size>
         <input_file_ref idref="fl-23"/>
      </object_component>
      <object_component id="oc-1ac">
         <name>.text:_ti_sysbios_knl_Idle_run__E</name>
         <load_address>0x3f1699</load_address>
         <run_address>0x3f1699</run_address>
         <size>0x14</size>
         <input_file_ref idref="fl-11"/>
      </object_component>
      <object_component id="oc-173">
         <name>.text:_ti_sysbios_BIOS_atExitFunc__I</name>
         <load_address>0x3f16ad</load_address>
         <run_address>0x3f16ad</run_address>
         <size>0x12</size>
         <input_file_ref idref="fl-9"/>
      </object_component>
      <object_component id="oc-15a">
         <name>.text:_ti_sysbios_gates_GateHwi_Object__delete__S</name>
         <load_address>0x3f16bf</load_address>
         <run_address>0x3f16bf</run_address>
         <size>0x12</size>
         <input_file_ref idref="fl-9"/>
      </object_component>
      <object_component id="oc-16f">
         <name>.text:_xdc_runtime_LoggerBuf_Object__delete__S</name>
         <load_address>0x3f16d1</load_address>
         <run_address>0x3f16d1</run_address>
         <size>0x12</size>
         <input_file_ref idref="fl-9"/>
      </object_component>
      <object_component id="oc-162">
         <name>.text:_xdc_runtime_HeapStd_Object__delete__S</name>
         <load_address>0x3f16e3</load_address>
         <run_address>0x3f16e3</run_address>
         <size>0x11</size>
         <input_file_ref idref="fl-9"/>
      </object_component>
      <object_component id="oc-1bf">
         <name>.text:_xdc_runtime_Text_cordText__E</name>
         <load_address>0x3f16f4</load_address>
         <run_address>0x3f16f4</run_address>
         <size>0x11</size>
         <input_file_ref idref="fl-23"/>
      </object_component>
      <object_component id="oc-39">
         <name>.text</name>
         <load_address>0x3f1705</load_address>
         <run_address>0x3f1705</run_address>
         <size>0x10</size>
         <input_file_ref idref="fl-2"/>
      </object_component>
      <object_component id="oc-228">
         <name>.text:_ti_sysbios_family_c28_Timer_stop__E</name>
         <load_address>0x3f1715</load_address>
         <run_address>0x3f1715</run_address>
         <size>0x10</size>
         <input_file_ref idref="fl-11"/>
      </object_component>
      <object_component id="oc-1c9">
         <name>.text:_ti_sysbios_family_c28_TimestampProvider_get64__E</name>
         <load_address>0x3f1725</load_address>
         <run_address>0x3f1725</run_address>
         <size>0x10</size>
         <input_file_ref idref="fl-11"/>
      </object_component>
      <object_component id="oc-20b">
         <name>.text:_xdc_runtime_SysMin_Module_startup__E</name>
         <load_address>0x3f1735</load_address>
         <run_address>0x3f1735</run_address>
         <size>0x10</size>
         <input_file_ref idref="fl-22"/>
      </object_component>
      <object_component id="oc-14d">
         <name>.text:.bootCodeSection:_ti_catalog_c2800_init_Boot_disableWatchdog</name>
         <load_address>0x3f1745</load_address>
         <run_address>0x3f1745</run_address>
         <size>0xf</size>
         <input_file_ref idref="fl-14"/>
      </object_component>
      <object_component id="oc-14c">
         <name>.text:_xdc_runtime_Error_raiseX__E</name>
         <load_address>0x3f1754</load_address>
         <run_address>0x3f1754</run_address>
         <size>0xf</size>
         <input_file_ref idref="fl-1a"/>
      </object_component>
      <object_component id="oc-22d">
         <name>.text:_xdc_runtime_Registry_findById__E</name>
         <load_address>0x3f1763</load_address>
         <run_address>0x3f1763</run_address>
         <size>0xf</size>
         <input_file_ref idref="fl-26"/>
      </object_component>
      <object_component id="oc-1fc">
         <name>.text:_ti_sysbios_BIOS_errorRaiseHook__I</name>
         <load_address>0x3f1772</load_address>
         <run_address>0x3f1772</run_address>
         <size>0xe</size>
         <input_file_ref idref="fl-9"/>
      </object_component>
      <object_component id="oc-21a">
         <name>.text:_xdc_runtime_LoggerBuf_Object__get__S</name>
         <load_address>0x3f1780</load_address>
         <run_address>0x3f1780</run_address>
         <size>0xe</size>
         <input_file_ref idref="fl-9"/>
      </object_component>
      <object_component id="oc-15b">
         <name>.text:_ti_sysbios_gates_GateHwi_Handle__label__S</name>
         <load_address>0x3f178e</load_address>
         <run_address>0x3f178e</run_address>
         <size>0xd</size>
         <input_file_ref idref="fl-9"/>
      </object_component>
      <object_component id="oc-1eb">
         <name>.text:_xdc_runtime_Error_check__E</name>
         <load_address>0x3f179b</load_address>
         <run_address>0x3f179b</run_address>
         <size>0xd</size>
         <input_file_ref idref="fl-1a"/>
      </object_component>
      <object_component id="oc-163">
         <name>.text:_xdc_runtime_HeapStd_Handle__label__S</name>
         <load_address>0x3f17a8</load_address>
         <run_address>0x3f17a8</run_address>
         <size>0xd</size>
         <input_file_ref idref="fl-9"/>
      </object_component>
      <object_component id="oc-170">
         <name>.text:_xdc_runtime_LoggerBuf_Handle__label__S</name>
         <load_address>0x3f17b5</load_address>
         <run_address>0x3f17b5</run_address>
         <size>0xd</size>
         <input_file_ref idref="fl-9"/>
      </object_component>
      <object_component id="oc-1dd">
         <name>.text:_xdc_runtime_System_abort__E</name>
         <load_address>0x3f17c2</load_address>
         <run_address>0x3f17c2</run_address>
         <size>0xd</size>
         <input_file_ref idref="fl-21"/>
      </object_component>
      <object_component id="oc-23b">
         <name>.text:_ti_sysbios_family_c28_Hwi_disableIER__E</name>
         <load_address>0x3f17cf</load_address>
         <run_address>0x3f17cf</run_address>
         <size>0xc</size>
         <input_file_ref idref="fl-9"/>
      </object_component>
      <object_component id="oc-169">
         <name>.text:_xdc_runtime_LoggerBuf_write2__E</name>
         <load_address>0x3f17db</load_address>
         <run_address>0x3f17db</run_address>
         <size>0xc</size>
         <input_file_ref idref="fl-1e"/>
      </object_component>
      <object_component id="oc-1b4">
         <name>.text:_xdc_runtime_SysMin_exit__E</name>
         <load_address>0x3f17e7</load_address>
         <run_address>0x3f17e7</run_address>
         <size>0xc</size>
         <input_file_ref idref="fl-22"/>
      </object_component>
      <object_component id="oc-21f">
         <name>.text:_ti_sysbios_family_c28_Hwi_Module__startupDone__F</name>
         <load_address>0x3f17f3</load_address>
         <run_address>0x3f17f3</run_address>
         <size>0xb</size>
         <input_file_ref idref="fl-9"/>
      </object_component>
      <object_component id="oc-21d">
         <name>.text:_ti_sysbios_family_c28_Hwi_Object__get__S</name>
         <load_address>0x3f17fe</load_address>
         <run_address>0x3f17fe</run_address>
         <size>0xb</size>
         <input_file_ref idref="fl-9"/>
      </object_component>
      <object_component id="oc-1f5">
         <name>.text:_ti_sysbios_family_c28_Hwi_enableIER__E</name>
         <load_address>0x3f1809</load_address>
         <run_address>0x3f1809</run_address>
         <size>0xb</size>
         <input_file_ref idref="fl-9"/>
      </object_component>
      <object_component id="oc-1a4">
         <name>.text:_xdc_runtime_LoggerBuf_Instance_finalize__E</name>
         <load_address>0x3f1814</load_address>
         <run_address>0x3f1814</run_address>
         <size>0xb</size>
         <input_file_ref idref="fl-1e"/>
      </object_component>
      <object_component id="oc-168">
         <name>.text:_xdc_runtime_LoggerBuf_write1__E</name>
         <load_address>0x3f181f</load_address>
         <run_address>0x3f181f</run_address>
         <size>0xb</size>
         <input_file_ref idref="fl-1e"/>
      </object_component>
      <object_component id="oc-1be">
         <name>.text:_xdc_runtime_Memory_free__E</name>
         <load_address>0x3f182a</load_address>
         <run_address>0x3f182a</run_address>
         <size>0xb</size>
         <input_file_ref idref="fl-1f"/>
      </object_component>
      <object_component id="oc-13f">
         <name>.text:_xdc_runtime_System_exit__E</name>
         <load_address>0x3f1835</load_address>
         <run_address>0x3f1835</run_address>
         <size>0xb</size>
         <input_file_ref idref="fl-21"/>
      </object_component>
      <object_component id="oc-147">
         <name>.text:_ti_sysbios_BIOS_exitFunc__I</name>
         <load_address>0x3f1840</load_address>
         <run_address>0x3f1840</run_address>
         <size>0xa</size>
         <input_file_ref idref="fl-9"/>
      </object_component>
      <object_component id="oc-19f">
         <name>.text:_xdc_runtime_Error_init__E</name>
         <load_address>0x3f184a</load_address>
         <run_address>0x3f184a</run_address>
         <size>0xa</size>
         <input_file_ref idref="fl-1a"/>
      </object_component>
      <object_component id="oc-167">
         <name>.text:_xdc_runtime_LoggerBuf_write0__E</name>
         <load_address>0x3f1854</load_address>
         <run_address>0x3f1854</run_address>
         <size>0xa</size>
         <input_file_ref idref="fl-1e"/>
      </object_component>
      <object_component id="oc-230">
         <name>.text:_xdc_runtime_System_vsnprintf__E</name>
         <load_address>0x3f185e</load_address>
         <run_address>0x3f185e</run_address>
         <size>0xa</size>
         <input_file_ref idref="fl-21"/>
      </object_component>
      <object_component id="oc-1c4">
         <name>.text:_xdc_runtime_Text_ropeText__E</name>
         <load_address>0x3f1868</load_address>
         <run_address>0x3f1868</run_address>
         <size>0xa</size>
         <input_file_ref idref="fl-23"/>
      </object_component>
      <object_component id="oc-1f9">
         <name>.text:_ti_sysbios_family_c28_Hwi_restoreIER__E</name>
         <load_address>0x3f1872</load_address>
         <run_address>0x3f1872</run_address>
         <size>0x9</size>
         <input_file_ref idref="fl-9"/>
      </object_component>
      <object_component id="oc-20f">
         <name>.text:_ti_sysbios_hal_Hwi_Module_startup__E</name>
         <load_address>0x3f187b</load_address>
         <run_address>0x3f187b</run_address>
         <size>0x9</size>
         <input_file_ref idref="fl-11"/>
      </object_component>
      <object_component id="oc-17f">
         <name>.text:_xdc_runtime_Startup_exec__I</name>
         <load_address>0x3f1884</load_address>
         <run_address>0x3f1884</run_address>
         <size>0x9</size>
         <input_file_ref idref="fl-9"/>
      </object_component>
      <object_component id="oc-235">
         <name>.text:_xdc_runtime_Text_visitRope__I</name>
         <load_address>0x3f188d</load_address>
         <run_address>0x3f188d</run_address>
         <size>0x9</size>
         <input_file_ref idref="fl-9"/>
      </object_component>
      <object_component id="oc-1a5">
         <name>.text</name>
         <load_address>0x3f1896</load_address>
         <run_address>0x3f1896</run_address>
         <size>0x9</size>
         <input_file_ref idref="fl-39"/>
      </object_component>
      <object_component id="oc-178">
         <name>.text:_ti_sysbios_BIOS_setThreadType__E</name>
         <load_address>0x3f189f</load_address>
         <run_address>0x3f189f</run_address>
         <size>0x8</size>
         <input_file_ref idref="fl-11"/>
      </object_component>
      <object_component id="oc-1ec">
         <name>.text:_xdc_runtime_IHeap_alloc</name>
         <load_address>0x3f18a7</load_address>
         <run_address>0x3f18a7</run_address>
         <size>0x8</size>
         <input_file_ref idref="fl-9"/>
      </object_component>
      <object_component id="oc-1bd">
         <name>.text:_xdc_runtime_Memory_calloc__E</name>
         <load_address>0x3f18af</load_address>
         <run_address>0x3f18af</run_address>
         <size>0x8</size>
         <input_file_ref idref="fl-1f"/>
      </object_component>
      <object_component id="oc-236">
         <name>.text:_xdc_runtime_SysMin_ready__E</name>
         <load_address>0x3f18b7</load_address>
         <run_address>0x3f18b7</run_address>
         <size>0x8</size>
         <input_file_ref idref="fl-22"/>
      </object_component>
      <object_component id="oc-223">
         <name>.text</name>
         <load_address>0x3f18bf</load_address>
         <run_address>0x3f18bf</run_address>
         <size>0x8</size>
         <input_file_ref idref="fl-3d"/>
      </object_component>
      <object_component id="oc-13a">
         <name>.text:.bootCodeSection:_ti_catalog_c2800_init_Boot_init</name>
         <load_address>0x3f18c7</load_address>
         <run_address>0x3f18c7</run_address>
         <size>0x7</size>
         <input_file_ref idref="fl-9"/>
      </object_component>
      <object_component id="oc-160">
         <name>.text:_xdc_runtime_HeapStd_getStats__E</name>
         <load_address>0x3f18ce</load_address>
         <run_address>0x3f18ce</run_address>
         <size>0x7</size>
         <input_file_ref idref="fl-1d"/>
      </object_component>
      <object_component id="oc-216">
         <name>.text:_xdc_runtime_System_aprintf__E</name>
         <load_address>0x3f18d5</load_address>
         <run_address>0x3f18d5</run_address>
         <size>0x7</size>
         <input_file_ref idref="fl-9"/>
      </object_component>
      <object_component id="oc-217">
         <name>.text:_xdc_runtime_System_printf__E</name>
         <load_address>0x3f18dc</load_address>
         <run_address>0x3f18dc</run_address>
         <size>0x7</size>
         <input_file_ref idref="fl-9"/>
      </object_component>
      <object_component id="oc-1ef">
         <name>.text</name>
         <load_address>0x3f18e3</load_address>
         <run_address>0x3f18e3</run_address>
         <size>0x7</size>
         <input_file_ref idref="fl-3b"/>
      </object_component>
      <object_component id="oc-17a">
         <name>.text:_ti_sysbios_BIOS_start__E</name>
         <load_address>0x3f18ea</load_address>
         <run_address>0x3f18ea</run_address>
         <size>0x6</size>
         <input_file_ref idref="fl-11"/>
      </object_component>
      <object_component id="oc-149">
         <name>.text:_ti_sysbios_family_c28_TimestampProvider_rolloverFunc__E</name>
         <load_address>0x3f18f0</load_address>
         <run_address>0x3f18f0</run_address>
         <size>0x6</size>
         <input_file_ref idref="fl-11"/>
      </object_component>
      <object_component id="oc-1af">
         <name>.text:_ti_sysbios_family_c28_TimestampProvider_startTimer__E</name>
         <load_address>0x3f18f6</load_address>
         <run_address>0x3f18f6</run_address>
         <size>0x6</size>
         <input_file_ref idref="fl-11"/>
      </object_component>
      <object_component id="oc-180">
         <name>.text:_xdc_runtime_Gate_enterSystem__E</name>
         <load_address>0x3f18fc</load_address>
         <run_address>0x3f18fc</run_address>
         <size>0x6</size>
         <input_file_ref idref="fl-1b"/>
      </object_component>
      <object_component id="oc-191">
         <name>.text:_xdc_runtime_Gate_leaveSystem__E</name>
         <load_address>0x3f1902</load_address>
         <run_address>0x3f1902</run_address>
         <size>0x6</size>
         <input_file_ref idref="fl-1b"/>
      </object_component>
      <object_component id="oc-165">
         <name>.text:_xdc_runtime_LoggerBuf_enable__E</name>
         <load_address>0x3f1908</load_address>
         <run_address>0x3f1908</run_address>
         <size>0x6</size>
         <input_file_ref idref="fl-1e"/>
      </object_component>
      <object_component id="oc-157">
         <name>.text:_ti_sysbios_gates_GateHwi_enter__E</name>
         <load_address>0x3f190e</load_address>
         <run_address>0x3f190e</run_address>
         <size>0x5</size>
         <input_file_ref idref="fl-11"/>
      </object_component>
      <object_component id="oc-166">
         <name>.text:_xdc_runtime_LoggerBuf_disable__E</name>
         <load_address>0x3f1913</load_address>
         <run_address>0x3f1913</run_address>
         <size>0x5</size>
         <input_file_ref idref="fl-1e"/>
      </object_component>
      <object_component id="oc-1ab">
         <name>.text:_ti_sysbios_family_c28_Hwi_startup__E</name>
         <load_address>0x3f1918</load_address>
         <run_address>0x3f1918</run_address>
         <size>0x4</size>
         <input_file_ref idref="fl-9"/>
      </object_component>
      <object_component id="oc-1e7">
         <name>.text:_xdc_runtime_IHeap_free</name>
         <load_address>0x3f191c</load_address>
         <run_address>0x3f191c</run_address>
         <size>0x4</size>
         <input_file_ref idref="fl-9"/>
      </object_component>
      <object_component id="oc-190">
         <name>.text:_xdc_runtime_Memory_getMaxDefaultTypeAlign__E</name>
         <load_address>0x3f1920</load_address>
         <run_address>0x3f1920</run_address>
         <size>0x4</size>
         <input_file_ref idref="fl-1f"/>
      </object_component>
      <object_component id="oc-171">
         <name>.text:_xdc_runtime_Startup_rtsDone__E</name>
         <load_address>0x3f1924</load_address>
         <run_address>0x3f1924</run_address>
         <size>0x4</size>
         <input_file_ref idref="fl-20"/>
      </object_component>
      <object_component id="oc-140">
         <name>.text:___xdc__init</name>
         <load_address>0x3f1928</load_address>
         <run_address>0x3f1928</run_address>
         <size>0x3</size>
         <input_file_ref idref="fl-24"/>
      </object_component>
      <object_component id="oc-17c">
         <name>.text:_ti_catalog_c2800_init_Boot_limpAbort</name>
         <load_address>0x3f192b</load_address>
         <run_address>0x3f192b</run_address>
         <size>0x3</size>
         <input_file_ref idref="fl-9"/>
      </object_component>
      <object_component id="oc-233">
         <name>.text:_ti_sysbios_family_c28_Hwi_dispatchC__I</name>
         <load_address>0x3f192e</load_address>
         <run_address>0x3f192e</run_address>
         <size>0x3</size>
         <input_file_ref idref="fl-11"/>
      </object_component>
      <object_component id="oc-211">
         <name>.text:_ti_sysbios_family_c28_Hwi_getIFR__I</name>
         <load_address>0x3f1931</load_address>
         <run_address>0x3f1931</run_address>
         <size>0x3</size>
         <input_file_ref idref="fl-12"/>
      </object_component>
      <object_component id="oc-20c">
         <name>.text:_ti_sysbios_family_c28_TimestampProvider_Module_startup__E</name>
         <load_address>0x3f1934</load_address>
         <run_address>0x3f1934</run_address>
         <size>0x3</size>
         <input_file_ref idref="fl-11"/>
      </object_component>
      <object_component id="oc-158">
         <name>.text:_ti_sysbios_gates_GateHwi_leave__E</name>
         <load_address>0x3f1937</load_address>
         <run_address>0x3f1937</run_address>
         <size>0x3</size>
         <input_file_ref idref="fl-11"/>
      </object_component>
      <object_component id="oc-1de">
         <name>.text:_ti_sysbios_hal_Hwi_HwiProxy_getStackInfo__E</name>
         <load_address>0x3f193a</load_address>
         <run_address>0x3f193a</run_address>
         <size>0x3</size>
         <input_file_ref idref="fl-9"/>
      </object_component>
      <object_component id="oc-176">
         <name>.text:_ti_sysbios_hal_Hwi_startup__E</name>
         <load_address>0x3f193d</load_address>
         <run_address>0x3f193d</run_address>
         <size>0x3</size>
         <input_file_ref idref="fl-11"/>
      </object_component>
      <object_component id="oc-177">
         <name>.text:_ti_sysbios_knl_Idle_loop__E</name>
         <load_address>0x3f1940</load_address>
         <run_address>0x3f1940</run_address>
         <size>0x3</size>
         <input_file_ref idref="fl-11"/>
      </object_component>
      <object_component id="oc-19c">
         <name>.text:_xdc_runtime_LoggerBuf_Module_GateProxy_enter__E</name>
         <load_address>0x3f1943</load_address>
         <run_address>0x3f1943</run_address>
         <size>0x3</size>
         <input_file_ref idref="fl-9"/>
      </object_component>
      <object_component id="oc-19e">
         <name>.text:_xdc_runtime_LoggerBuf_Module_GateProxy_leave__E</name>
         <load_address>0x3f1946</load_address>
         <run_address>0x3f1946</run_address>
         <size>0x3</size>
         <input_file_ref idref="fl-9"/>
      </object_component>
      <object_component id="oc-19d">
         <name>.text:_xdc_runtime_LoggerBuf_TimestampProxy_get64__E</name>
         <load_address>0x3f1949</load_address>
         <run_address>0x3f1949</run_address>
         <size>0x3</size>
         <input_file_ref idref="fl-9"/>
      </object_component>
      <object_component id="oc-1b3">
         <name>.text:_xdc_runtime_System_Module_GateProxy_enter__E</name>
         <load_address>0x3f194c</load_address>
         <run_address>0x3f194c</run_address>
         <size>0x3</size>
         <input_file_ref idref="fl-9"/>
      </object_component>
      <object_component id="oc-1c6">
         <name>.text:_xdc_runtime_System_Module_GateProxy_leave__E</name>
         <load_address>0x3f194f</load_address>
         <run_address>0x3f194f</run_address>
         <size>0x3</size>
         <input_file_ref idref="fl-9"/>
      </object_component>
      <object_component id="oc-20a">
         <name>.text:_xdc_runtime_System_Module_startup__E</name>
         <load_address>0x3f1952</load_address>
         <run_address>0x3f1952</run_address>
         <size>0x3</size>
         <input_file_ref idref="fl-21"/>
      </object_component>
      <object_component id="oc-1fd">
         <name>.text:_xdc_runtime_System_SupportProxy_abort__E</name>
         <load_address>0x3f1955</load_address>
         <run_address>0x3f1955</run_address>
         <size>0x3</size>
         <input_file_ref idref="fl-9"/>
      </object_component>
      <object_component id="oc-181">
         <name>.text:_xdc_runtime_System_SupportProxy_exit__E</name>
         <load_address>0x3f1958</load_address>
         <run_address>0x3f1958</run_address>
         <size>0x3</size>
         <input_file_ref idref="fl-9"/>
      </object_component>
      <object_component id="oc-23e">
         <name>.text:_xdc_runtime_System_SupportProxy_putch__E</name>
         <load_address>0x3f195b</load_address>
         <run_address>0x3f195b</run_address>
         <size>0x3</size>
         <input_file_ref idref="fl-9"/>
      </object_component>
      <object_component id="oc-231">
         <name>.text:_xdc_runtime_System_SupportProxy_ready__E</name>
         <load_address>0x3f195e</load_address>
         <run_address>0x3f195e</run_address>
         <size>0x3</size>
         <input_file_ref idref="fl-9"/>
      </object_component>
      <object_component id="oc-208">
         <name>.text:_xdc_runtime_System_abortStd__E</name>
         <load_address>0x3f1961</load_address>
         <run_address>0x3f1961</run_address>
         <size>0x3</size>
         <input_file_ref idref="fl-21"/>
      </object_component>
      <object_component id="oc-182">
         <name>.text:_xdc_runtime_System_exitStd__E</name>
         <load_address>0x3f1964</load_address>
         <run_address>0x3f1964</run_address>
         <size>0x3</size>
         <input_file_ref idref="fl-21"/>
      </object_component>
      <object_component id="oc-192">
         <name>.text:_malloc</name>
         <load_address>0x3f1967</load_address>
         <run_address>0x3f1967</run_address>
         <size>0x2</size>
         <input_file_ref idref="fl-9"/>
      </object_component>
      <object_component id="oc-1ae">
         <name>.text:_ti_catalog_c2800_init_Boot_defaultLimpAbortFunction</name>
         <load_address>0x3f1969</load_address>
         <run_address>0x3f1969</run_address>
         <size>0x2</size>
         <input_file_ref idref="fl-14"/>
      </object_component>
      <object_component id="oc-156">
         <name>.text:_ti_sysbios_gates_GateHwi_query__E</name>
         <load_address>0x3f196b</load_address>
         <run_address>0x3f196b</run_address>
         <size>0x2</size>
         <input_file_ref idref="fl-11"/>
      </object_component>
      <object_component id="oc-214">
         <name>.text:_xdc_runtime_Error_getSite__E</name>
         <load_address>0x3f196d</load_address>
         <run_address>0x3f196d</run_address>
         <size>0x2</size>
         <input_file_ref idref="fl-1a"/>
      </object_component>
      <object_component id="oc-15f">
         <name>.text:_xdc_runtime_HeapStd_isBlocking__E</name>
         <load_address>0x3f196f</load_address>
         <run_address>0x3f196f</run_address>
         <size>0x2</size>
         <input_file_ref idref="fl-1d"/>
      </object_component>
      <object_component id="oc-139">
         <name>.text</name>
         <load_address>0x3f1971</load_address>
         <run_address>0x3f1971</run_address>
         <size>0x2</size>
         <input_file_ref idref="fl-36"/>
      </object_component>
      <object_component id="oc-193">
         <name>.text:_free</name>
         <load_address>0x3f1973</load_address>
         <run_address>0x3f1973</run_address>
         <size>0x1</size>
         <input_file_ref idref="fl-9"/>
      </object_component>
      <object_component id="oc-172">
         <name>.text:_ti_sysbios_BIOS_linkedWithIncorrectBootLibrary__E</name>
         <load_address>0x3f1974</load_address>
         <run_address>0x3f1974</run_address>
         <size>0x1</size>
         <input_file_ref idref="fl-11"/>
      </object_component>
      <object_component id="oc-1f6">
         <name>.text:_ti_sysbios_family_c28_Hwi_interruptReturn__I</name>
         <load_address>0x3f1975</load_address>
         <run_address>0x3f1975</run_address>
         <size>0x1</size>
         <input_file_ref idref="fl-12"/>
      </object_component>
      <object_component id="oc-186">
         <name>.text:_ti_sysbios_gates_GateHwi_Instance_init__E</name>
         <load_address>0x3f1976</load_address>
         <run_address>0x3f1976</run_address>
         <size>0x1</size>
         <input_file_ref idref="fl-11"/>
      </object_component>
      <object_component id="oc-13d">
         <name>.text</name>
         <load_address>0x3f1977</load_address>
         <run_address>0x3f1977</run_address>
         <size>0x1</size>
         <input_file_ref idref="fl-37"/>
      </object_component>
      <object_component id="oc-ea">
         <name>.stack</name>
         <uninitialized>true</uninitialized>
         <run_address>0x3dc</run_address>
         <size>0x0</size>
         <input_file_ref idref="fl-27"/>
      </object_component>
      <object_component id="oc-284">
         <name>.stack</name>
         <uninitialized>true</uninitialized>
         <run_address>0x3dc</run_address>
         <size>0x0</size>
      </object_component>
      <object_component id="oc-68">
         <name>.ebss</name>
         <uninitialized>true</uninitialized>
         <run_address>0x3c0</run_address>
         <size>0xa</size>
         <input_file_ref idref="fl-5"/>
      </object_component>
      <object_component id="oc-6f">
         <name>.ebss</name>
         <uninitialized>true</uninitialized>
         <run_address>0x0</run_address>
         <size>0x3c0</size>
         <input_file_ref idref="fl-9"/>
      </object_component>
      <object_component id="oc-10a">
         <name>.ebss</name>
         <uninitialized>true</uninitialized>
         <run_address>0x3d2</run_address>
         <size>0x6</size>
         <input_file_ref idref="fl-38"/>
      </object_component>
      <object_component id="oc-1cd">
         <name>.ebss:__unlock</name>
         <uninitialized>true</uninitialized>
         <run_address>0x3da</run_address>
         <size>0x2</size>
         <input_file_ref idref="fl-39"/>
      </object_component>
      <object_component id="oc-1ce">
         <name>.ebss:__lock</name>
         <uninitialized>true</uninitialized>
         <run_address>0x3d8</run_address>
         <size>0x2</size>
         <input_file_ref idref="fl-39"/>
      </object_component>
      <object_component id="oc-134">
         <name>.ebss</name>
         <uninitialized>true</uninitialized>
         <run_address>0x3ca</run_address>
         <size>0x8</size>
         <input_file_ref idref="fl-40"/>
      </object_component>
      <object_component id="oc-12e">
         <name>.cio</name>
         <uninitialized>true</uninitialized>
         <run_address>0x8000</run_address>
         <size>0x120</size>
         <input_file_ref idref="fl-3f"/>
      </object_component>
      <object_component id="oc-142">
         <name>.econst:xdc_runtime_Text_charTab__A</name>
         <load_address>0x3f1978</load_address>
         <run_address>0x3f1978</run_address>
         <size>0x1068</size>
         <input_file_ref idref="fl-9"/>
      </object_component>
      <object_component id="oc-21b">
         <name>.econst:_ti_sysbios_family_c28_Hwi_vectors</name>
         <load_address>0x3f29e0</load_address>
         <run_address>0x3f29e0</run_address>
         <size>0x100</size>
         <input_file_ref idref="fl-9"/>
      </object_component>
      <object_component id="oc-72">
         <name>.econst:.string</name>
         <load_address>0x3f2ae0</load_address>
         <run_address>0x3f2ae0</run_address>
         <size>0x6b</size>
         <input_file_ref idref="fl-9"/>
      </object_component>
      <object_component id="oc-14a">
         <name>.econst:ti_sysbios_family_c28_Hwi_Module__id__C</name>
         <load_address>0x3f2b4b</load_address>
         <run_address>0x3f2b4b</run_address>
         <size>0x1</size>
         <input_file_ref idref="fl-9"/>
      </object_component>
      <object_component id="oc-a5">
         <name>.econst:.string</name>
         <load_address>0x3f2b4c</load_address>
         <run_address>0x3f2b4c</run_address>
         <size>0x58</size>
         <input_file_ref idref="fl-1a"/>
      </object_component>
      <object_component id="oc-e0">
         <name>.econst:.string</name>
         <load_address>0x3f2ba4</load_address>
         <run_address>0x3f2ba4</run_address>
         <size>0x47</size>
         <input_file_ref idref="fl-25"/>
      </object_component>
      <object_component id="oc-1f4">
         <name>.econst:ti_sysbios_family_c28_Hwi_NUM_INTERRUPTS_ALL__C</name>
         <load_address>0x3f2beb</load_address>
         <run_address>0x3f2beb</run_address>
         <size>0x1</size>
         <input_file_ref idref="fl-9"/>
      </object_component>
      <object_component id="oc-d5">
         <name>.econst:.string</name>
         <load_address>0x3f2bec</load_address>
         <run_address>0x3f2bec</run_address>
         <size>0x43</size>
         <input_file_ref idref="fl-23"/>
      </object_component>
      <object_component id="oc-143">
         <name>.econst:xdc_runtime_Text_nodeTab__A</name>
         <load_address>0x3f2c2f</load_address>
         <run_address>0x3f2c2f</run_address>
         <size>0x40</size>
         <input_file_ref idref="fl-9"/>
      </object_component>
      <object_component id="oc-21c">
         <name>.econst:ti_sysbios_family_c28_Hwi_Object__count__C</name>
         <load_address>0x3f2c6f</load_address>
         <run_address>0x3f2c6f</run_address>
         <size>0x1</size>
         <input_file_ref idref="fl-9"/>
      </object_component>
      <object_component id="oc-c4">
         <name>.econst:.string</name>
         <load_address>0x3f2c70</load_address>
         <run_address>0x3f2c70</run_address>
         <size>0x2a</size>
         <input_file_ref idref="fl-20"/>
      </object_component>
      <object_component id="oc-145">
         <name>.econst:xdc_runtime_LoggerBuf_Module__FXNS__C</name>
         <load_address>0x3f2c9a</load_address>
         <run_address>0x3f2c9a</run_address>
         <size>0x1e</size>
         <input_file_ref idref="fl-9"/>
      </object_component>
      <object_component id="oc-ca">
         <name>.econst:.string</name>
         <load_address>0x3f2cb8</load_address>
         <run_address>0x3f2cb8</run_address>
         <size>0x19</size>
         <input_file_ref idref="fl-21"/>
      </object_component>
      <object_component id="oc-1a9">
         <name>.econst:ti_sysbios_family_c28_Timer_startupNeeded__C</name>
         <load_address>0x3f2cd1</load_address>
         <run_address>0x3f2cd1</run_address>
         <size>0x1</size>
         <input_file_ref idref="fl-9"/>
      </object_component>
      <object_component id="oc-144">
         <name>.econst:xdc_runtime_HeapStd_Module__FXNS__C</name>
         <load_address>0x3f2cd2</load_address>
         <run_address>0x3f2cd2</run_address>
         <size>0x14</size>
         <input_file_ref idref="fl-9"/>
      </object_component>
      <object_component id="oc-141">
         <name>.econst:ti_sysbios_gates_GateHwi_Module__FXNS__C</name>
         <load_address>0x3f2ce6</load_address>
         <run_address>0x3f2ce6</run_address>
         <size>0x12</size>
         <input_file_ref idref="fl-9"/>
      </object_component>
      <object_component id="oc-1ca">
         <name>.econst:xdc_runtime_LoggerBuf_Object__PARAMS__C</name>
         <load_address>0x3f2cf8</load_address>
         <run_address>0x3f2cf8</run_address>
         <size>0x12</size>
         <input_file_ref idref="fl-9"/>
      </object_component>
      <object_component id="oc-184">
         <name>.econst:ti_sysbios_gates_GateHwi_Object__DESC__C</name>
         <load_address>0x3f2d0a</load_address>
         <run_address>0x3f2d0a</run_address>
         <size>0x10</size>
         <input_file_ref idref="fl-9"/>
      </object_component>
      <object_component id="oc-195">
         <name>.econst:xdc_runtime_HeapStd_Object__DESC__C</name>
         <load_address>0x3f2d1a</load_address>
         <run_address>0x3f2d1a</run_address>
         <size>0x10</size>
         <input_file_ref idref="fl-9"/>
      </object_component>
      <object_component id="oc-1a2">
         <name>.econst:xdc_runtime_LoggerBuf_Object__DESC__C</name>
         <load_address>0x3f2d2a</load_address>
         <run_address>0x3f2d2a</run_address>
         <size>0x10</size>
         <input_file_ref idref="fl-9"/>
      </object_component>
      <object_component id="oc-1c7">
         <name>.econst:xdc_runtime_HeapStd_Object__PARAMS__C</name>
         <load_address>0x3f2d3a</load_address>
         <run_address>0x3f2d3a</run_address>
         <size>0xe</size>
         <input_file_ref idref="fl-9"/>
      </object_component>
      <object_component id="oc-201">
         <name>.econst:xdc_runtime_Startup_sfxnTab__A</name>
         <load_address>0x3f2d48</load_address>
         <run_address>0x3f2d48</run_address>
         <size>0xe</size>
         <input_file_ref idref="fl-9"/>
      </object_component>
      <object_component id="oc-1b6">
         <name>.econst:ti_sysbios_gates_GateHwi_Object__PARAMS__C</name>
         <load_address>0x3f2d56</load_address>
         <run_address>0x3f2d56</run_address>
         <size>0xc</size>
         <input_file_ref idref="fl-9"/>
      </object_component>
      <object_component id="oc-200">
         <name>.econst:xdc_runtime_Startup_sfxnRts__A</name>
         <load_address>0x3f2d62</load_address>
         <run_address>0x3f2d62</run_address>
         <size>0x7</size>
         <input_file_ref idref="fl-9"/>
      </object_component>
      <object_component id="oc-212">
         <name>.econst:ti_sysbios_hal_Hwi_Module__id__C</name>
         <load_address>0x3f2d69</load_address>
         <run_address>0x3f2d69</run_address>
         <size>0x1</size>
         <input_file_ref idref="fl-9"/>
      </object_component>
      <object_component id="oc-8b">
         <name>.econst:.string</name>
         <load_address>0x3f2d6a</load_address>
         <run_address>0x3f2d6a</run_address>
         <size>0x5</size>
         <input_file_ref idref="fl-15"/>
      </object_component>
      <object_component id="oc-1bb">
         <name>.econst:xdc_runtime_Core_Module__id__C</name>
         <load_address>0x3f2d6f</load_address>
         <run_address>0x3f2d6f</run_address>
         <size>0x1</size>
         <input_file_ref idref="fl-9"/>
      </object_component>
      <object_component id="oc-1fb">
         <name>.econst:ti_sysbios_knl_Idle_funcList__A</name>
         <load_address>0x3f2d70</load_address>
         <run_address>0x3f2d70</run_address>
         <size>0x4</size>
         <input_file_ref idref="fl-9"/>
      </object_component>
      <object_component id="oc-1d1">
         <name>.econst:ti_sysbios_knl_Idle_funcList__C</name>
         <load_address>0x3f2d74</load_address>
         <run_address>0x3f2d74</run_address>
         <size>0x4</size>
         <input_file_ref idref="fl-9"/>
      </object_component>
      <object_component id="oc-151">
         <name>.econst:xdc_runtime_Startup_firstFxns__C</name>
         <load_address>0x3f2d78</load_address>
         <run_address>0x3f2d78</run_address>
         <size>0x4</size>
         <input_file_ref idref="fl-9"/>
      </object_component>
      <object_component id="oc-150">
         <name>.econst:xdc_runtime_Startup_lastFxns__C</name>
         <load_address>0x3f2d7c</load_address>
         <run_address>0x3f2d7c</run_address>
         <size>0x4</size>
         <input_file_ref idref="fl-9"/>
      </object_component>
      <object_component id="oc-70">
         <name>.econst</name>
         <load_address>0x3f2d80</load_address>
         <run_address>0x3f2d80</run_address>
         <size>0x2</size>
         <input_file_ref idref="fl-9"/>
      </object_component>
      <object_component id="oc-1f3">
         <name>.econst:ti_sysbios_family_c28_Hwi_A_badIntNum__C</name>
         <load_address>0x3f2d82</load_address>
         <run_address>0x3f2d82</run_address>
         <size>0x2</size>
         <input_file_ref idref="fl-9"/>
      </object_component>
      <object_component id="oc-204">
         <name>.econst:ti_sysbios_family_c28_Hwi_A_invalidArg__C</name>
         <load_address>0x3f2d84</load_address>
[...]
         <name>_ti_sysbios_family_c28_Hwi_dispatchC__I</name>
         <value>0x3f192e</value>
         <object_component_ref idref="oc-233"/>
      </symbol>
      <symbol id="sm-42a">
         <name>_ti_sysbios_family_c28_Hwi_getInterruptFlag__E</name>
         <value>0x3f1196</value>
         <object_component_ref idref="oc-203"/>
      </symbol>
      <symbol id="sm-42b">
         <name>_ti_sysbios_knl_Idle_loop__E</name>
         <value>0x3f1940</value>
         <object_component_ref idref="oc-177"/>
      </symbol>
      <symbol id="sm-42c">
         <name>_ti_sysbios_BIOS_start__E</name>
         <value>0x3f18ea</value>
         <object_component_ref idref="oc-17a"/>
      </symbol>
      <symbol id="sm-4d6">
         <name>_ti_sysbios_family_c28_Hwi_getIFR__I</name>
         <value>0x3f1931</value>
         <object_component_ref idref="oc-211"/>
      </symbol>
      <symbol id="sm-4d7">
         <name>_ti_sysbios_family_c28_Hwi_switchAndDispatch__I</name>
         <value>0x3f14e3</value>
         <object_component_ref idref="oc-23a"/>
      </symbol>
      <symbol id="sm-4d8">
         <name>_ti_sysbios_family_c28_Hwi_interruptReturn__I</name>
         <value>0x3f1975</value>
         <object_component_ref idref="oc-1f6"/>
      </symbol>
      <symbol id="sm-57d">
         <name>_ti_sysbios_family_c28_Hwi_dispatchTable</name>
         <value>0x3f08ab</value>
         <object_component_ref idref="oc-226"/>
      </symbol>
      <symbol id="sm-57e">
         <name>_ti_sysbios_family_c28_Hwi_dispatchPie</name>
         <value>0x3f0908</value>
         <object_component_ref idref="oc-226"/>
      </symbol>
      <symbol id="sm-591">
         <name>_ti_catalog_c2800_init_Boot_configurePll2802x</name>
         <value>0x3f1168</value>
         <object_component_ref idref="oc-14e"/>
      </symbol>
      <symbol id="sm-592">
         <name>_ti_catalog_c2800_init_Boot_disableWatchdog</name>
         <value>0x3f1745</value>
         <object_component_ref idref="oc-14d"/>
      </symbol>
      <symbol id="sm-593">
         <name>_ti_catalog_c2800_init_Boot_defaultLimpAbortFunction</name>
         <value>0x3f1969</value>
         <object_component_ref idref="oc-1ae"/>
      </symbol>
      <symbol id="sm-5a8">
         <name>_xdc_runtime_Assert_raise__I</name>
         <value>0x3f11c3</value>
         <object_component_ref idref="oc-18e"/>
      </symbol>
      <symbol id="sm-5c8">
         <name>_xdc_runtime_Core_deleteObject__I</name>
         <value>0x3f0f7d</value>
         <object_component_ref idref="oc-187"/>
      </symbol>
      <symbol id="sm-5c9">
         <name>_xdc_runtime_Core_createObject__I</name>
         <value>0x3f065e</value>
         <object_component_ref idref="oc-185"/>
      </symbol>
      <symbol id="sm-5e1">
         <name>_xdc_runtime_Core_assignLabel__I</name>
         <value>0x3f154e</value>
         <object_component_ref idref="oc-188"/>
      </symbol>
      <symbol id="sm-5ef">
         <name>_xdc_runtime_Core_assignParams__I</name>
         <value>0x3f11f0</value>
         <object_component_ref idref="oc-1bc"/>
      </symbol>
      <symbol id="sm-61b">
         <name>_xdc_runtime_Error_getSite__E</name>
         <value>0x3f196d</value>
         <object_component_ref idref="oc-214"/>
      </symbol>
      <symbol id="sm-61c">
         <name>_xdc_runtime_Error_print__E</name>
         <value>0x3f10da</value>
         <object_component_ref idref="oc-206"/>
      </symbol>
      <symbol id="sm-61d">
         <name>_xdc_runtime_Error_policyDefault__E</name>
         <value>0x3f081f</value>
         <object_component_ref idref="oc-1ad"/>
      </symbol>
      <symbol id="sm-61e">
         <name>_xdc_runtime_Error_init__E</name>
         <value>0x3f184a</value>
         <object_component_ref idref="oc-19f"/>
      </symbol>
      <symbol id="sm-61f">
         <name>_xdc_runtime_Error_raiseX__E</name>
         <value>0x3f1754</value>
         <object_component_ref idref="oc-14c"/>
      </symbol>
      <symbol id="sm-620">
         <name>_xdc_runtime_Error_check__E</name>
         <value>0x3f179b</value>
         <object_component_ref idref="oc-1eb"/>
      </symbol>
      <symbol id="sm-621">
         <name>_xdc_runtime_Error_setX__E</name>
         <value>0x3f12cd</value>
         <object_component_ref idref="oc-1d2"/>
      </symbol>
      <symbol id="sm-62f">
         <name>_xdc_runtime_Gate_leaveSystem__E</name>
         <value>0x3f1902</value>
         <object_component_ref idref="oc-191"/>
      </symbol>
      <symbol id="sm-630">
         <name>_xdc_runtime_Gate_enterSystem__E</name>
         <value>0x3f18fc</value>
         <object_component_ref idref="oc-180"/>
      </symbol>
      <symbol id="sm-67a">
         <name>_xdc_runtime_HeapStd_isBlocking__E</name>
         <value>0x3f196f</value>
         <object_component_ref idref="oc-15f"/>
      </symbol>
      <symbol id="sm-67b">
         <name>_xdc_runtime_HeapStd_getStats__E</name>
         <value>0x3f18ce</value>
         <object_component_ref idref="oc-160"/>
      </symbol>
      <symbol id="sm-67c">
         <name>_xdc_runtime_HeapStd_free__E</name>
         <value>0x3f0c9e</value>
         <object_component_ref idref="oc-15e"/>
      </symbol>
      <symbol id="sm-67d">
         <name>_xdc_runtime_HeapStd_Instance_init__E</name>
         <value>0x3f09b2</value>
         <object_component_ref idref="oc-196"/>
      </symbol>
      <symbol id="sm-67e">
         <name>_xdc_runtime_HeapStd_alloc__E</name>
         <value>0x3f032a</value>
         <object_component_ref idref="oc-15d"/>
      </symbol>
      <symbol id="sm-6cd">
         <name>_xdc_runtime_LoggerBuf_write0__E</name>
         <value>0x3f1854</value>
         <object_component_ref idref="oc-167"/>
      </symbol>
      <symbol id="sm-6ce">
         <name>_xdc_runtime_LoggerBuf_Instance_init__E</name>
         <value>0x3f110a</value>
         <object_component_ref idref="oc-1a3"/>
      </symbol>
      <symbol id="sm-6cf">
         <name>_xdc_runtime_LoggerBuf_Module_startup__E</name>
         <value>0x3f1615</value>
         <object_component_ref idref="oc-209"/>
      </symbol>
      <symbol id="sm-6d0">
         <name>_xdc_runtime_LoggerBuf_reset__E</name>
         <value>0x3f1659</value>
         <object_component_ref idref="oc-1cc"/>
      </symbol>
      <symbol id="sm-6d1">
         <name>_xdc_runtime_LoggerBuf_Instance_finalize__E</name>
         <value>0x3f1814</value>
         <object_component_ref idref="oc-1a4"/>
      </symbol>
      <symbol id="sm-6d2">
         <name>_xdc_runtime_LoggerBuf_write4__E</name>
         <value>0x3f0bb4</value>
         <object_component_ref idref="oc-16a"/>
      </symbol>
      <symbol id="sm-6d3">
         <name>_xdc_runtime_LoggerBuf_getFilterLevel__E</name>
         <value>0x3f0fba</value>
         <object_component_ref idref="oc-16d"/>
      </symbol>
      <symbol id="sm-6d4">
         <name>_xdc_runtime_LoggerBuf_disable__E</name>
         <value>0x3f1913</value>
         <object_component_ref idref="oc-166"/>
      </symbol>
      <symbol id="sm-6d5">
         <name>_xdc_runtime_LoggerBuf_setFilterLevel__E</name>
         <value>0x3f1033</value>
         <object_component_ref idref="oc-16c"/>
      </symbol>
      <symbol id="sm-6d6">
         <name>_xdc_runtime_LoggerBuf_write8__E</name>
         <value>0x3f04f9</value>
         <object_component_ref idref="oc-16b"/>
      </symbol>
      <symbol id="sm-6d7">
         <name>_xdc_runtime_LoggerBuf_write2__E</name>
         <value>0x3f17db</value>
         <object_component_ref idref="oc-169"/>
      </symbol>
      <symbol id="sm-6d8">
         <name>_xdc_runtime_LoggerBuf_filterOutEvent__I</name>
         <value>0x3f1450</value>
         <object_component_ref idref="oc-199"/>
      </symbol>
      <symbol id="sm-6d9">
         <name>_xdc_runtime_LoggerBuf_write1__E</name>
         <value>0x3f181f</value>
         <object_component_ref idref="oc-168"/>
      </symbol>
      <symbol id="sm-6da">
         <name>_xdc_runtime_LoggerBuf_enable__E</name>
         <value>0x3f1908</value>
         <object_component_ref idref="oc-165"/>
      </symbol>
      <symbol id="sm-6f5">
         <name>_xdc_runtime_Memory_calloc__E</name>
         <value>0x3f18af</value>
         <object_component_ref idref="oc-1bd"/>
      </symbol>
      <symbol id="sm-6f6">
         <name>_xdc_runtime_Memory_free__E</name>
         <value>0x3f182a</value>
         <object_component_ref idref="oc-1be"/>
      </symbol>
      <symbol id="sm-6f7">
         <name>_xdc_runtime_Memory_valloc__E</name>
         <value>0x3f15ce</value>
         <object_component_ref idref="oc-1e5"/>
      </symbol>
      <symbol id="sm-6f8">
         <name>_xdc_runtime_Memory_alloc__E</name>
         <value>0x3f0f3f</value>
         <object_component_ref idref="oc-1cb"/>
      </symbol>
      <symbol id="sm-6f9">
         <name>_xdc_runtime_Memory_getMaxDefaultTypeAlign__E</name>
         <value>0x3f1920</value>
         <object_component_ref idref="oc-190"/>
      </symbol>
      <symbol id="sm-71b">
         <name>_xdc_runtime_Startup_startMods__I</name>
         <value>0x3f0c2d</value>
         <object_component_ref idref="oc-1b1"/>
      </symbol>
      <symbol id="sm-71c">
         <name>_xdc_runtime_Startup_rtsDone__E</name>
         <value>0x3f1924</value>
         <object_component_ref idref="oc-171"/>
      </symbol>
      <symbol id="sm-71d">
         <name>_xdc_runtime_Startup_exec__E</name>
         <value>0x3f1139</value>
         <object_component_ref idref="oc-13c"/>
      </symbol>
      <symbol id="sm-7a2">
         <name>_xdc_runtime_System_formatNum__I</name>
         <value>0x3f10a7</value>
         <object_component_ref idref="oc-238"/>
      </symbol>
      <symbol id="sm-7a3">
         <name>_xdc_runtime_System_exit__E</name>
         <value>0x3f1835</value>
         <object_component_ref idref="oc-13f"/>
      </symbol>
      <symbol id="sm-7a4">
         <name>_xdc_runtime_System_exitStd__E</name>
         <value>0x3f1964</value>
         <object_component_ref idref="oc-182"/>
      </symbol>
      <symbol id="sm-7a5">
         <name>_xdc_runtime_System_printf_va__F</name>
         <value>0x3f159c</value>
         <object_component_ref idref="oc-225"/>
      </symbol>
      <symbol id="sm-7a6">
         <name>_xdc_runtime_System_atexit__E</name>
         <value>0x3f146e</value>
         <object_component_ref idref="oc-174"/>
      </symbol>
      <symbol id="sm-7a7">
         <name>_xdc_runtime_System_abortStd__E</name>
         <value>0x3f1961</value>
         <object_component_ref idref="oc-208"/>
      </symbol>
      <symbol id="sm-7a8">
         <name>_xdc_runtime_System_putchar__I</name>
         <value>0x3f15e6</value>
         <object_component_ref idref="oc-239"/>
      </symbol>
      <symbol id="sm-7a9">
         <name>_xdc_runtime_System_snprintf_va__F</name>
         <value>0x3f185e</value>
         <object_component_ref idref="oc-230"/>
      </symbol>
      <symbol id="sm-7aa">
         <name>_xdc_runtime_System_Module_startup__E</name>
         <value>0x3f1952</value>
         <object_component_ref idref="oc-20a"/>
      </symbol>
      <symbol id="sm-7ab">
         <name>_xdc_runtime_System_avprintf__E</name>
         <value>0x3f1568</value>
         <object_component_ref idref="oc-224"/>
      </symbol>
      <symbol id="sm-7ac">
         <name>_xdc_runtime_System_vprintf__E</name>
         <value>0x3f159c</value>
         <object_component_ref idref="oc-225"/>
      </symbol>
      <symbol id="sm-7ad">
         <name>_xdc_runtime_System_aprintf_va__F</name>
         <value>0x3f1568</value>
         <object_component_ref idref="oc-224"/>
      </symbol>
      <symbol id="sm-7ae">
         <name>_xdc_runtime_System_doPrint__I</name>
         <value>0x3f0000</value>
         <object_component_ref idref="oc-232"/>
      </symbol>
      <symbol id="sm-7af">
         <name>_xdc_runtime_System_processAtExit__E</name>
         <value>0x3f140d</value>
         <object_component_ref idref="oc-153"/>
      </symbol>
      <symbol id="sm-7b0">
         <name>_xdc_runtime_System_vsnprintf__E</name>
         <value>0x3f185e</value>
         <object_component_ref idref="oc-230"/>
      </symbol>
      <symbol id="sm-7b1">
         <name>_xdc_runtime_System_abort__E</name>
         <value>0x3f17c2</value>
         <object_component_ref idref="oc-1dd"/>
      </symbol>
      <symbol id="sm-7cf">
         <name>_xdc_runtime_SysMin_abort__E</name>
         <value>0x3f162c</value>
         <object_component_ref idref="oc-207"/>
      </symbol>
      <symbol id="sm-7d0">
         <name>_xdc_runtime_SysMin_ready__E</name>
         <value>0x3f18b7</value>
         <object_component_ref idref="oc-236"/>
      </symbol>
      <symbol id="sm-7d1">
         <name>_xdc_runtime_SysMin_flush__E</name>
         <value>0x3f13c3</value>
         <object_component_ref idref="oc-1e4"/>
      </symbol>
      <symbol id="sm-7d2">
         <name>_xdc_runtime_SysMin_Module_startup__E</name>
         <value>0x3f1735</value>
         <object_component_ref idref="oc-20b"/>
      </symbol>
      <symbol id="sm-7d3">
         <name>_xdc_runtime_SysMin_putch__E</name>
         <value>0x3f14a9</value>
         <object_component_ref idref="oc-218"/>
      </symbol>
      <symbol id="sm-7d4">
         <name>_xdc_runtime_SysMin_exit__E</name>
         <value>0x3f17e7</value>
         <object_component_ref idref="oc-1b4"/>
      </symbol>
      <symbol id="sm-818">
         <name>_xdc_runtime_Text_putLab__E</name>
         <value>0x3f0ebf</value>
         <object_component_ref idref="oc-241"/>
      </symbol>
      <symbol id="sm-819">
         <name>_xdc_runtime_Text_printVisFxn__I</name>
         <value>0x3f1684</value>
         <object_component_ref idref="oc-22f"/>
      </symbol>
      <symbol id="sm-81a">
         <name>_xdc_runtime_Text_putMod__E</name>
         <value>0x3f0f00</value>
         <object_component_ref idref="oc-221"/>
      </symbol>
      <symbol id="sm-81b">
         <name>_xdc_runtime_Text_cordText__E</name>
         <value>0x3f16f4</value>
         <object_component_ref idref="oc-1bf"/>
      </symbol>
      <symbol id="sm-81c">
         <name>_xdc_runtime_Text_xprintf__I</name>
         <value>0x3f1349</value>
         <object_component_ref idref="oc-222"/>
      </symbol>
      <symbol id="sm-81d">
         <name>_xdc_runtime_Text_visitRope2__I</name>
         <value>0x3f121d</value>
         <object_component_ref idref="oc-23c"/>
      </symbol>
      <symbol id="sm-81e">
         <name>_xdc_runtime_Text_ropeText__E</name>
         <value>0x3f1868</value>
         <object_component_ref idref="oc-1c4"/>
      </symbol>
      <symbol id="sm-81f">
         <name>_xdc_runtime_Text_putSite__E</name>
         <value>0x3f0dd7</value>
         <object_component_ref idref="oc-215"/>
      </symbol>
      <symbol id="sm-82b">
         <name>___xdc__init</name>
         <value>0x3f1928</value>
         <object_component_ref idref="oc-140"/>
      </symbol>
      <symbol id="sm-84b">
         <name>_xdc_runtime_Registry_findById__E</name>
         <value>0x3f1763</value>
         <object_component_ref idref="oc-22d"/>
      </symbol>
      <symbol id="sm-866">
         <name>_c_int00</name>
         <value>0x3f0d0a</value>
         <object_component_ref idref="oc-38"/>
      </symbol>
      <symbol id="sm-867">
         <name>__stack</name>
         <value>0x3dc</value>
         <object_component_ref idref="oc-ea"/>
      </symbol>
      <symbol id="sm-893">
         <name>ULL$$MOD</name>
         <value>0x3f02c8</value>
         <object_component_ref idref="oc-ef"/>
      </symbol>
      <symbol id="sm-894">
         <name>ULL$$DIV</name>
         <value>0x3f0299</value>
         <object_component_ref idref="oc-ef"/>
      </symbol>
      <symbol id="sm-895">
         <name>LL$$MOD</name>
         <value>0x3f025f</value>
         <object_component_ref idref="oc-ef"/>
      </symbol>
      <symbol id="sm-896">
         <name>LL$$DIV</name>
         <value>0x3f0223</value>
         <object_component_ref idref="oc-ef"/>
      </symbol>
      <symbol id="sm-8a5">
         <name>_copy_in</name>
         <value>0x3f13e9</value>
         <object_component_ref idref="oc-13b"/>
      </symbol>
      <symbol id="sm-8b6">
         <name>_memcpy</name>
         <value>0x3f14c6</value>
         <object_component_ref idref="oc-14f"/>
      </symbol>
      <symbol id="sm-8c2">
         <name>__system_pre_init</name>
         <value>0x3f1971</value>
         <object_component_ref idref="oc-139"/>
      </symbol>
      <symbol id="sm-8cf">
         <name>__system_post_cinit</name>
         <value>0x3f1977</value>
         <object_component_ref idref="oc-13d"/>
      </symbol>
      <symbol id="sm-8e3">
         <name>C$$EXIT</name>
         <value>0x3f1372</value>
         <object_component_ref idref="oc-1b5"/>
      </symbol>
      <symbol id="sm-8e4">
         <name>_exit</name>
         <value>0x3f1374</value>
         <object_component_ref idref="oc-1b5"/>
      </symbol>
      <symbol id="sm-8e5">
         <name>___TI_cleanup_ptr</name>
         <value>0x3d4</value>
         <object_component_ref idref="oc-10a"/>
      </symbol>
      <symbol id="sm-8e6">
         <name>___TI_enable_exit_profile_output</name>
         <value>0x3d2</value>
         <object_component_ref idref="oc-10a"/>
      </symbol>
      <symbol id="sm-8e7">
         <name>_abort</name>
         <value>0x3f1372</value>
         <object_component_ref idref="oc-1b5"/>
      </symbol>
      <symbol id="sm-8e8">
         <name>___TI_dtors_ptr</name>
         <value>0x3d6</value>
         <object_component_ref idref="oc-10a"/>
      </symbol>
      <symbol id="sm-8fc">
         <name>__unlock</name>
         <value>0x3da</value>
         <object_component_ref idref="oc-1cd"/>
      </symbol>
      <symbol id="sm-8fd">
         <name>__lock</name>
         <value>0x3d8</value>
         <object_component_ref idref="oc-1ce"/>
      </symbol>
      <symbol id="sm-8fe">
         <name>__register_lock</name>
         <value>0x3f189a</value>
         <object_component_ref idref="oc-1a5"/>
      </symbol>
      <symbol id="sm-8ff">
         <name>__nop</name>
         <value>0x3f189e</value>
         <object_component_ref idref="oc-1a5"/>
      </symbol>
      <symbol id="sm-900">
         <name>__register_unlock</name>
         <value>0x3f1896</value>
         <object_component_ref idref="oc-1a5"/>
      </symbol>
      <symbol id="sm-90f">
         <name>__args_main</name>
         <value>0x3f15b5</value>
         <object_component_ref idref="oc-13e"/>
      </symbol>
      <symbol id="sm-91d">
         <name>_memset</name>
         <value>0x3f18e3</value>
         <object_component_ref idref="oc-1ef"/>
      </symbol>
      <symbol id="sm-933">
         <name>_strlen</name>
         <value>0x3f18bf</value>
         <object_component_ref idref="oc-223"/>
      </symbol>
      <symbol id="sm-940">
         <name>_HOSTwrite</name>
         <value>0x3f106f</value>
         <object_component_ref idref="oc-220"/>
      </symbol>
      <symbol id="sm-958">
         <name>___TI_readmsg</name>
         <value>0x3f0755</value>
         <object_component_ref idref="oc-22a"/>
      </symbol>
      <symbol id="sm-959">
         <name>C$$IO$$</name>
         <value>0x3f0750</value>
         <object_component_ref idref="oc-22a"/>
      </symbol>
      <symbol id="sm-95a">
         <name>__CIOBUF_</name>
         <value>0x8000</value>
         <object_component_ref idref="oc-12e"/>
      </symbol>
      <symbol id="sm-95b">
         <name>___TI_writemsg</name>
         <value>0x3f06fd</value>
         <object_component_ref idref="oc-22a"/>
      </symbol>
      <symbol id="sm-967">
         <name>_parmbuf</name>
         <value>0x3ca</value>
         <object_component_ref idref="oc-134"/>
      </symbol>
   </symbol_table>
   <title>Link successful</title>
</link_info>
